<html>
<body>
<pre>
<h1>µVision Build Log</h1>
<h2>Tool Versions:</h2>
IDE-Version: ¦ÌVision V5.27.1.0
Copyright (C) 2019 ARM Ltd and ARM Germany GmbH. All rights reserved.
License Information: L 2165183381@qq.com, L, LIC=VGXG8-3IBU3-LQU0Q-N00NV-0AQNJ-4ED6T
 
Tool Versions:
Toolchain:       MDK-ARM Plus  Version: 5.27.1.0
Toolchain Path:  C:\KEIL5\KEIL5\ARM\ARM\ARMCC\Bin
C Compiler:      Armcc.exe V5.06 update 6 (build 750)
Assembler:       Armasm.exe V5.06 update 6 (build 750)
Linker/Locator:  ArmLink.exe V5.06 update 6 (build 750)
Library Manager: ArmAr.exe V5.06 update 6 (build 750)
Hex Converter:   FromElf.exe V5.06 update 6 (build 750)
CPU DLL:         SARMCM3.DLL V5.27.1.0
Dialog DLL:      DCM.DLL V1.17.2.0
Target DLL:      CMSIS_AGDI.dll V1.31.17.0
Dialog DLL:      TCM.DLL V1.36.1.0
 
<h2>Project:</h2>
C:\KEIL5\work-place\STM32F407-HFI-SMO-STD\PROJECT\MDK-ARM\atk_f407.uvprojx
Project File Date:  04/26/2026

<h2>Output:</h2>
*** Using Compiler 'V5.06 update 6 (build 750)', folder: 'C:\KEIL5\KEIL5\ARM\ARM\ARMCC\Bin'
Rebuild target 'BLDC'
assembling startup_stm32f407xx.s...
compiling main.c...
compiling stm32f4xx_it.c...
compiling system_stm32f4xx.c...
compiling usart.c...
compiling sys.c...
compiling delay.c...
compiling stm32f4xx_hal.c...
compiling stm32f4xx_hal_cortex.c...
compiling stm32f4xx_hal_pwr.c...
compiling stm32f4xx_hal_rcc_ex.c...
compiling stm32f4xx_hal_gpio.c...
compiling stm32f4xx_hal_dma.c...
compiling stm32f4xx_hal_rcc.c...
compiling stm32f4xx_hal_dma_ex.c...
compiling stm32f4xx_hal_pwr_ex.c...
compiling stm32f4xx_hal_usart.c...
compiling stm32f4xx_hal_adc.c...
compiling stm32f4xx_hal_uart.c...
compiling stm32f4xx_hal_tim_ex.c...
compiling stm32f4xx_hal_adc_ex.c...
compiling stm32f4xx_hal_spi.c...
compiling stm32f4xx_hal_sram.c...
compiling stm32f4xx_ll_fsmc.c...
compiling stm32f4xx_hal_tim.c...
compiling f407_bldc_platform.c...
compiling global_control.c...
compiling motor_system.c...
compiling motor_identify.c...
compiling motor_publicdata.c...
compiling sample_drv.c...
compiling observer_drv.c...
compiling motor_sensorless.c...
compiling eangle_drv.c...
compiling math_drv.c...
compiling speed_drv.c...
compiling foc_drv.c...
compiling pid_drv.c...
compiling lcd_mid.c...
compiling lcd_task.c...
compiling key_drv.c...
compiling led_task.c...
compiling key_task.c...
compiling usart_task.c...
compiling ft5206.c...
compiling touch.c...
compiling gt9xxx.c...
compiling ctiic.c...
compiling myiic.c...
compiling 24cxx.c...
compiling arm_cos_f32.c...
compiling arm_sin_f32.c...
compiling lcd.c...
compiling arm_common_tables.c...
linking...
Program Size: Code=45224 RO-data=16872 RW-data=132 ZI-data=3108  
FromELF: creating hex file...
"..\..\Output\atk_f407.axf" - 0 Error(s), 0 Warning(s).

<h2>Software Packages used:</h2>

Package Vendor: Keil
                http://www.keil.com/pack/Keil.STM32F4xx_DFP.2.8.0.pack
                Keil.STM32F4xx_DFP.2.8.0
                STMicroelectronics STM32F4 Series Device Support, Drivers and Examples

<h2>Collection of Component include folders:</h2>
  .\RTE\_BLDC
  C:\Users\21651\AppData\Local\Arm\Packs\Keil\STM32F4xx_DFP\2.8.0\Drivers\CMSIS\Device\ST\STM32F4xx\Include

<h2>Collection of Component Files used:</h2>
Build Time Elapsed:  00:00:08
</pre>
</body>
</html>
