Component: ARM Compiler 5.06 update 6 (build 750) Tool: armlink [4d35ed]

==============================================================================

Section Cross References

    startup_stm32f407xx.o(RESET) refers to startup_stm32f407xx.o(STACK) for __initial_sp
    startup_stm32f407xx.o(RESET) refers to startup_stm32f407xx.o(.text) for Reset_Handler
    startup_stm32f407xx.o(RESET) refers to stm32f4xx_it.o(i.NMI_Handler) for NMI_Handler
    startup_stm32f407xx.o(RESET) refers to stm32f4xx_it.o(i.HardFault_Handler) for HardFault_Handler
    startup_stm32f407xx.o(RESET) refers to stm32f4xx_it.o(i.MemManage_Handler) for MemManage_Handler
    startup_stm32f407xx.o(RESET) refers to stm32f4xx_it.o(i.BusFault_Handler) for BusFault_Handler
    startup_stm32f407xx.o(RESET) refers to stm32f4xx_it.o(i.UsageFault_Handler) for UsageFault_Handler
    startup_stm32f407xx.o(RESET) refers to stm32f4xx_it.o(i.SVC_Handler) for SVC_Handler
    startup_stm32f407xx.o(RESET) refers to stm32f4xx_it.o(i.DebugMon_Handler) for DebugMon_Handler
    startup_stm32f407xx.o(RESET) refers to stm32f4xx_it.o(i.PendSV_Handler) for PendSV_Handler
    startup_stm32f407xx.o(RESET) refers to stm32f4xx_it.o(i.SysTick_Handler) for SysTick_Handler
    startup_stm32f407xx.o(RESET) refers to stm32f4xx_it.o(i.DMA1_Stream3_IRQHandler) for DMA1_Stream3_IRQHandler
    startup_stm32f407xx.o(RESET) refers to stm32f4xx_it.o(i.ADC_IRQHandler) for ADC_IRQHandler
    startup_stm32f407xx.o(RESET) refers to stm32f4xx_it.o(i.TIM2_IRQHandler) for TIM2_IRQHandler
    startup_stm32f407xx.o(RESET) refers to usart.o(i.USART3_IRQHandler) for USART3_IRQHandler
    startup_stm32f407xx.o(RESET) refers to stm32f4xx_it.o(i.TIM8_UP_TIM13_IRQHandler) for TIM8_UP_TIM13_IRQHandler
    startup_stm32f407xx.o(RESET) refers to stm32f4xx_it.o(i.DMA2_Stream2_IRQHandler) for DMA2_Stream2_IRQHandler
    startup_stm32f407xx.o(.text) refers to system_stm32f4xx.o(i.SystemInit) for SystemInit
    startup_stm32f407xx.o(.text) refers to entry.o(.ARM.Collect$$$$00000000) for __main
    main.o(i.main) refers to stm32f4xx_hal.o(i.HAL_Init) for HAL_Init
    main.o(i.main) refers to sys.o(i.sys_stm32_clock_init) for sys_stm32_clock_init
    main.o(i.main) refers to delay.o(i.delay_init) for delay_init
    main.o(i.main) refers to f407_bldc_platform.o(i.bldc_platform_init) for bldc_platform_init
    main.o(i.main) refers to global_control.o(i.Global_Init) for Global_Init
    main.o(i.main) refers to global_control.o(i.Global_Loop) for Global_Loop
    stm32f4xx_it.o(i.ADC_IRQHandler) refers to stm32f4xx_hal_adc.o(i.HAL_ADC_IRQHandler) for HAL_ADC_IRQHandler
    stm32f4xx_it.o(i.ADC_IRQHandler) refers to f407_bldc_platform.o(.bss) for hadc2
    stm32f4xx_it.o(i.DMA1_Stream3_IRQHandler) refers to stm32f4xx_hal_dma.o(i.HAL_DMA_IRQHandler) for HAL_DMA_IRQHandler
    stm32f4xx_it.o(i.DMA1_Stream3_IRQHandler) refers to f407_bldc_platform.o(.bss) for hdma_usart1_tx
    stm32f4xx_it.o(i.DMA2_Stream2_IRQHandler) refers to stm32f4xx_hal_dma.o(i.HAL_DMA_IRQHandler) for HAL_DMA_IRQHandler
    stm32f4xx_it.o(i.DMA2_Stream2_IRQHandler) refers to f407_bldc_platform.o(.bss) for hdma_adc2
    stm32f4xx_it.o(i.SysTick_Handler) refers to stm32f4xx_hal.o(i.HAL_IncTick) for HAL_IncTick
    stm32f4xx_it.o(i.TIM2_IRQHandler) refers to stm32f4xx_hal_tim.o(i.HAL_TIM_IRQHandler) for HAL_TIM_IRQHandler
    stm32f4xx_it.o(i.TIM2_IRQHandler) refers to f407_bldc_platform.o(.bss) for htim2
    stm32f4xx_it.o(i.TIM8_UP_TIM13_IRQHandler) refers to stm32f4xx_hal_tim.o(i.HAL_TIM_IRQHandler) for HAL_TIM_IRQHandler
    stm32f4xx_it.o(i.TIM8_UP_TIM13_IRQHandler) refers to f407_bldc_platform.o(.bss) for htim1
    system_stm32f4xx.o(i.SystemCoreClockUpdate) refers to system_stm32f4xx.o(.data) for .data
    system_stm32f4xx.o(i.SystemCoreClockUpdate) refers to system_stm32f4xx.o(.constdata) for .constdata
    delay.o(i.HAL_Delay) refers to delay.o(i.delay_ms) for delay_ms
    delay.o(i.delay_init) refers to delay.o(.data) for .data
    delay.o(i.delay_ms) refers to delay.o(i.delay_us) for delay_us
    delay.o(i.delay_us) refers to delay.o(.data) for .data
    sys.o(i.sys_stm32_clock_init) refers to stm32f4xx_hal_rcc.o(i.HAL_RCC_OscConfig) for HAL_RCC_OscConfig
    sys.o(i.sys_stm32_clock_init) refers to stm32f4xx_hal_rcc.o(i.HAL_RCC_ClockConfig) for HAL_RCC_ClockConfig
    sys.o(i.sys_stm32_clock_init) refers to stm32f4xx_hal.o(i.HAL_GetREVID) for HAL_GetREVID
    usart.o(i.HAL_UART_MspInit) refers to stm32f4xx_hal_gpio.o(i.HAL_GPIO_Init) for HAL_GPIO_Init
    usart.o(i.HAL_UART_MspInit) refers to stm32f4xx_hal_cortex.o(i.HAL_NVIC_EnableIRQ) for HAL_NVIC_EnableIRQ
    usart.o(i.HAL_UART_MspInit) refers to stm32f4xx_hal_cortex.o(i.HAL_NVIC_SetPriority) for HAL_NVIC_SetPriority
    usart.o(i.HAL_UART_RxCpltCallback) refers to usart.o(.data) for .data
    usart.o(i.HAL_UART_RxCpltCallback) refers to usart.o(.bss) for .bss
    usart.o(i.USART3_IRQHandler) refers to stm32f4xx_hal_uart.o(i.HAL_UART_IRQHandler) for HAL_UART_IRQHandler
[...]
    .constdata                               0x0800f1d4   Section       10  ft5206.o(.constdata)
    .constdata                               0x0800f1de   Section       20  gt9xxx.o(.constdata)
    .conststring                             0x0800f1f4   Section      121  touch.o(.conststring)
    .data                                    0x20000000   Section        4  system_stm32f4xx.o(.data)
    .data                                    0x20000004   Section        4  delay.o(.data)
    g_fac_us                                 0x20000004   Data           4  delay.o(.data)
    .data                                    0x20000008   Section        4  usart.o(.data)
    .data                                    0x2000000c   Section        4  usart.o(.data)
    .data                                    0x20000010   Section       12  stm32f4xx_hal.o(.data)
    .data                                    0x2000001c   Section        1  motor_publicdata.o(.data)
    .data                                    0x2000001d   Section        1  lcd_mid.o(.data)
    hmi_inited                               0x2000001d   Data           1  lcd_mid.o(.data)
    .data                                    0x2000001e   Section        6  lcd_task.o(.data)
    hmi_touch_inited                         0x2000001e   Data           1  lcd_task.o(.data)
    hmi_touch_was_down                       0x2000001f   Data           1  lcd_task.o(.data)
    .data                                    0x20000024   Section        1  key_drv.o(.data)
    .data                                    0x20000026   Section        4  key_task.o(.data)
    .data                                    0x2000002a   Section        4  led_task.o(.data)
    .data                                    0x2000002e   Section        4  usart_task.o(.data)
    .data                                    0x20000034   Section        4  lcd.o(.data)
    .data                                    0x20000038   Section       72  touch.o(.data)
    .data                                    0x20000080   Section        1  ft5206.o(.data)
    t                                        0x20000080   Data           1  ft5206.o(.data)
    .data                                    0x20000081   Section        2  gt9xxx.o(.data)
    t                                        0x20000082   Data           1  gt9xxx.o(.data)
    .bss                                     0x20000084   Section      268  usart.o(.bss)
    .bss                                     0x20000190   Section      708  f407_bldc_platform.o(.bss)
    .bss                                     0x20000454   Section      980  motor_publicdata.o(.bss)
    .bss                                     0x20000828   Section       12  key_drv.o(.bss)
    .bss                                     0x20000834   Section       16  usart_task.o(.bss)
    .bss                                     0x20000844   Section       94  lcd.o(.bss)
    STACK                                    0x200008a8   Section     1024  startup_stm32f407xx.o(STACK)

    Global Symbols

    Symbol Name                              Value     Ov Type        Size  Object(Section)

    BuildAttributes$$THM_ISAv4$E$P$D$K$B$S$7EM$VFPi3$EXTD16$VFPS$VFMA$PE$A:L22UL41UL21$X:L11$S22US41US21$IEEE1$IW$USESV6$~STKCKD$USESV7$~SHL$OSPACE$ROPI$EBA8$MICROLIB$REQ8$PRES8$EABIv2 0x00000000   Number         0  anon$$obj.o ABSOLUTE
    __ARM_use_no_argv                        0x00000000   Number         0  main.o ABSOLUTE
    __use_no_errno                           0x00000000   Number         0  useno.o ABSOLUTE
    __use_no_exception_handling              0x00000000   Number         0  useno.o ABSOLUTE
    __use_no_fp                              0x00000000   Number         0  useno.o ABSOLUTE
    __use_no_heap                            0x00000000   Number         0  useno.o ABSOLUTE
    __use_no_heap_region                     0x00000000   Number         0  useno.o ABSOLUTE
    __use_no_semihosting                     0x00000000   Number         0  useno.o ABSOLUTE
    __use_no_semihosting_swi                 0x00000000   Number         0  useno.o ABSOLUTE
    __use_no_signal_handling                 0x00000000   Number         0  useno.o ABSOLUTE
    _printf_a                                0x00000000   Number         0  stubs.o ABSOLUTE
    _printf_c                                0x00000000   Number         0  stubs.o ABSOLUTE
    _printf_charcount                        0x00000000   Number         0  stubs.o ABSOLUTE
    _printf_d                                0x00000000   Number         0  stubs.o ABSOLUTE
    _printf_e                                0x00000000   Number         0  stubs.o ABSOLUTE
    _printf_f                                0x00000000   Number         0  stubs.o ABSOLUTE
    _printf_flags                            0x00000000   Number         0  stubs.o ABSOLUTE
    _printf_fp_dec                           0x00000000   Number         0  stubs.o ABSOLUTE
    _printf_fp_hex                           0x00000000   Number         0  stubs.o ABSOLUTE
    _printf_g                                0x00000000   Number         0  stubs.o ABSOLUTE
    _printf_i                                0x00000000   Number         0  stubs.o ABSOLUTE
    _printf_int_dec                          0x00000000   Number         0  stubs.o ABSOLUTE
    _printf_l                                0x00000000   Number         0  stubs.o ABSOLUTE
    _printf_lc                               0x00000000   Number         0  stubs.o ABSOLUTE
    _printf_ll                               0x00000000   Number         0  stubs.o ABSOLUTE
    _printf_lld                              0x00000000   Number         0  stubs.o ABSOLUTE
    _printf_lli                              0x00000000   Number         0  stubs.o ABSOLUTE
    _printf_llo                              0x00000000   Number         0  stubs.o ABSOLUTE
    _printf_llu                              0x00000000   Number         0  stubs.o ABSOLUTE
    _printf_llx                              0x00000000   Number         0  stubs.o ABSOLUTE
    _printf_longlong_dec                     0x00000000   Number         0  stubs.o ABSOLUTE
    _printf_longlong_hex                     0x00000000   Number         0  stubs.o ABSOLUTE
    _printf_longlong_oct                     0x00000000   Number         0  stubs.o ABSOLUTE
    _printf_ls                               0x00000000   Number         0  stubs.o ABSOLUTE
    _printf_mbtowc                           0x00000000   Number         0  stubs.o ABSOLUTE
    _printf_n                                0x00000000   Number         0  stubs.o ABSOLUTE
    _printf_o                                0x00000000   Number         0  stubs.o ABSOLUTE
    _printf_p                                0x00000000   Number         0  stubs.o ABSOLUTE
    _printf_percent                          0x00000000   Number         0  stubs.o ABSOLUTE
    _printf_pre_padding                      0x00000000   Number         0  stubs.o ABSOLUTE
    _printf_return_value                     0x00000000   Number         0  stubs.o ABSOLUTE
    _printf_s                                0x00000000   Number         0  stubs.o ABSOLUTE
    _printf_sizespec                         0x00000000   Number         0  stubs.o ABSOLUTE
    _printf_str                              0x00000000   Number         0  stubs.o ABSOLUTE
    _printf_truncate_signed                  0x00000000   Number         0  stubs.o ABSOLUTE
    _printf_truncate_unsigned                0x00000000   Number         0  stubs.o ABSOLUTE
    _printf_u                                0x00000000   Number         0  stubs.o ABSOLUTE
    _printf_wc                               0x00000000   Number         0  stubs.o ABSOLUTE
    _printf_wctomb                           0x00000000   Number         0  stubs.o ABSOLUTE
    _printf_widthprec                        0x00000000   Number         0  stubs.o ABSOLUTE
    _printf_x                                0x00000000   Number         0  stubs.o ABSOLUTE
    __cpp_initialize__aeabi_                  - Undefined Weak Reference
    __cxa_finalize                            - Undefined Weak Reference
    __decompress                              - Undefined Weak Reference
    _clock_init                               - Undefined Weak Reference
    _microlib_exit                            - Undefined Weak Reference
    __Vectors_Size                           0x00000188   Number         0  startup_stm32f407xx.o ABSOLUTE
    __Vectors                                0x08000000   Data           4  startup_stm32f407xx.o(RESET)
    __Vectors_End                            0x08000188   Data           0  startup_stm32f407xx.o(RESET)
    __main                                   0x08000189   Thumb Code     0  entry.o(.ARM.Collect$$$$00000000)
    _main_stk                                0x08000189   Thumb Code     0  entry2.o(.ARM.Collect$$$$00000001)
    _main_scatterload                        0x0800018d   Thumb Code     0  entry5.o(.ARM.Collect$$$$00000004)
    __main_after_scatterload                 0x08000191   Thumb Code     0  entry5.o(.ARM.Collect$$$$00000004)
    _main_clock                              0x08000191   Thumb Code     0  entry7b.o(.ARM.Collect$$$$00000008)
    _main_cpp_init                           0x08000191   Thumb Code     0  entry8b.o(.ARM.Collect$$$$0000000A)
    _main_init                               0x08000191   Thumb Code     0  entry9a.o(.ARM.Collect$$$$0000000B)
    __rt_final_cpp                           0x08000199   Thumb Code     0  entry10a.o(.ARM.Collect$$$$0000000D)
    __rt_final_exit                          0x08000199   Thumb Code     0  entry11a.o(.ARM.Collect$$$$0000000F)
    Reset_Handler                            0x0800019d   Thumb Code    18  startup_stm32f407xx.o(.text)
    CAN1_RX0_IRQHandler                      0x080001c1   Thumb Code     0  startup_stm32f407xx.o(.text)
    CAN1_RX1_IRQHandler                      0x080001c1   Thumb Code     0  startup_stm32f407xx.o(.text)
    CAN1_SCE_IRQHandler                      0x080001c1   Thumb Code     0  startup_stm32f407xx.o(.text)
    CAN1_TX_IRQHandler                       0x080001c1   Thumb Code     0  startup_stm32f407xx.o(.text)
    CAN2_RX0_IRQHandler                      0x080001c1   Thumb Code     0  startup_stm32f407xx.o(.text)
    CAN2_RX1_IRQHandler                      0x080001c1   Thumb Code     0  startup_stm32f407xx.o(.text)
    CAN2_SCE_IRQHandler                      0x080001c1   Thumb Code     0  startup_stm32f407xx.o(.text)
    CAN2_TX_IRQHandler                       0x080001c1   Thumb Code     0  startup_stm32f407xx.o(.text)
    DCMI_IRQHandler                          0x080001c1   Thumb Code     0  startup_stm32f407xx.o(.text)
    DMA1_Stream0_IRQHandler                  0x080001c1   Thumb Code     0  startup_stm32f407xx.o(.text)
    DMA1_Stream1_IRQHandler                  0x080001c1   Thumb Code     0  startup_stm32f407xx.o(.text)
    DMA1_Stream2_IRQHandler                  0x080001c1   Thumb Code     0  startup_stm32f407xx.o(.text)
    DMA1_Stream4_IRQHandler                  0x080001c1   Thumb Code     0  startup_stm32f407xx.o(.text)
    DMA1_Stream5_IRQHandler                  0x080001c1   Thumb Code     0  startup_stm32f407xx.o(.text)
    DMA1_Stream6_IRQHandler                  0x080001c1   Thumb Code     0  startup_stm32f407xx.o(.text)
    DMA1_Stream7_IRQHandler                  0x080001c1   Thumb Code     0  startup_stm32f407xx.o(.text)
    DMA2_Stream0_IRQHandler                  0x080001c1   Thumb Code     0  startup_stm32f407xx.o(.text)
    DMA2_Stream1_IRQHandler                  0x080001c1   Thumb Code     0  startup_stm32f407xx.o(.text)
    DMA2_Stream3_IRQHandler                  0x080001c1   Thumb Code     0  startup_stm32f407xx.o(.text)
    DMA2_Stream4_IRQHandler                  0x080001c1   Thumb Code     0  startup_stm32f407xx.o(.text)
    DMA2_Stream5_IRQHandler                  0x080001c1   Thumb Code     0  startup_stm32f407xx.o(.text)
    DMA2_Stream6_IRQHandler                  0x080001c1   Thumb Code     0  startup_stm32f407xx.o(.text)
    DMA2_Stream7_IRQHandler                  0x080001c1   Thumb Code     0  startup_stm32f407xx.o(.text)
    ETH_IRQHandler                           0x080001c1   Thumb Code     0  startup_stm32f407xx.o(.text)
    ETH_WKUP_IRQHandler                      0x080001c1   Thumb Code     0  startup_stm32f407xx.o(.text)
    EXTI0_IRQHandler                         0x080001c1   Thumb Code     0  startup_stm32f407xx.o(.text)
    EXTI15_10_IRQHandler                     0x080001c1   Thumb Code     0  startup_stm32f407xx.o(.text)
    EXTI1_IRQHandler                         0x080001c1   Thumb Code     0  startup_stm32f407xx.o(.text)
    EXTI2_IRQHandler                         0x080001c1   Thumb Code     0  startup_stm32f407xx.o(.text)
    EXTI3_IRQHandler                         0x080001c1   Thumb Code     0  startup_stm32f407xx.o(.text)
    EXTI4_IRQHandler                         0x080001c1   Thumb Code     0  startup_stm32f407xx.o(.text)
    EXTI9_5_IRQHandler                       0x080001c1   Thumb Code     0  startup_stm32f407xx.o(.text)
    FLASH_IRQHandler                         0x080001c1   Thumb Code     0  startup_stm32f407xx.o(.text)
    FMC_IRQHandler                           0x080001c1   Thumb Code     0  startup_stm32f407xx.o(.text)
    FPU_IRQHandler                           0x080001c1   Thumb Code     0  startup_stm32f407xx.o(.text)
    HASH_RNG_IRQHandler                      0x080001c1   Thumb Code     0  startup_stm32f407xx.o(.text)
    I2C1_ER_IRQHandler                       0x080001c1   Thumb Code     0  startup_stm32f407xx.o(.text)
    I2C1_EV_IRQHandler                       0x080001c1   Thumb Code     0  startup_stm32f407xx.o(.text)
    I2C2_ER_IRQHandler                       0x080001c1   Thumb Code     0  startup_stm32f407xx.o(.text)
    I2C2_EV_IRQHandler                       0x080001c1   Thumb Code     0  startup_stm32f407xx.o(.text)
    I2C3_ER_IRQHandler                       0x080001c1   Thumb Code     0  startup_stm32f407xx.o(.text)
    I2C3_EV_IRQHandler                       0x080001c1   Thumb Code     0  startup_stm32f407xx.o(.text)
    OTG_FS_IRQHandler                        0x080001c1   Thumb Code     0  startup_stm32f407xx.o(.text)
    OTG_FS_WKUP_IRQHandler                   0x080001c1   Thumb Code     0  startup_stm32f407xx.o(.text)
    OTG_HS_EP1_IN_IRQHandler                 0x080001c1   Thumb Code     0  startup_stm32f407xx.o(.text)
    OTG_HS_EP1_OUT_IRQHandler                0x080001c1   Thumb Code     0  startup_stm32f407xx.o(.text)
    OTG_HS_IRQHandler                        0x080001c1   Thumb Code     0  startup_stm32f407xx.o(.text)
    OTG_HS_WKUP_IRQHandler                   0x080001c1   Thumb Code     0  startup_stm32f407xx.o(.text)
    PVD_IRQHandler                           0x080001c1   Thumb Code     0  startup_stm32f407xx.o(.text)
    RCC_IRQHandler                           0x080001c1   Thumb Code     0  startup_stm32f407xx.o(.text)
    RTC_Alarm_IRQHandler                     0x080001c1   Thumb Code     0  startup_stm32f407xx.o(.text)
    RTC_WKUP_IRQHandler                      0x080001c1   Thumb Code     0  startup_stm32f407xx.o(.text)
    SDIO_IRQHandler                          0x080001c1   Thumb Code     0  startup_stm32f407xx.o(.text)
    SPI1_IRQHandler                          0x080001c1   Thumb Code     0  startup_stm32f407xx.o(.text)
    SPI2_IRQHandler                          0x080001c1   Thumb Code     0  startup_stm32f407xx.o(.text)
    SPI3_IRQHandler                          0x080001c1   Thumb Code     0  startup_stm32f407xx.o(.text)
    TAMP_STAMP_IRQHandler                    0x080001c1   Thumb Code     0  startup_stm32f407xx.o(.text)
    TIM1_BRK_TIM9_IRQHandler                 0x080001c1   Thumb Code     0  startup_stm32f407xx.o(.text)
    TIM1_CC_IRQHandler                       0x080001c1   Thumb Code     0  startup_stm32f407xx.o(.text)
    TIM1_TRG_COM_TIM11_IRQHandler            0x080001c1   Thumb Code     0  startup_stm32f407xx.o(.text)
    TIM1_UP_TIM10_IRQHandler                 0x080001c1   Thumb Code     0  startup_stm32f407xx.o(.text)
    TIM3_IRQHandler                          0x080001c1   Thumb Code     0  startup_stm32f407xx.o(.text)
    TIM4_IRQHandler                          0x080001c1   Thumb Code     0  startup_stm32f407xx.o(.text)
    TIM5_IRQHandler                          0x080001c1   Thumb Code     0  startup_stm32f407xx.o(.text)
    TIM6_DAC_IRQHandler                      0x080001c1   Thumb Code     0  startup_stm32f407xx.o(.text)
    TIM7_IRQHandler                          0x080001c1   Thumb Code     0  startup_stm32f407xx.o(.text)
    TIM8_BRK_TIM12_IRQHandler                0x080001c1   Thumb Code     0  startup_stm32f407xx.o(.text)
    TIM8_CC_IRQHandler                       0x080001c1   Thumb Code     0  startup_stm32f407xx.o(.text)
    TIM8_TRG_COM_TIM14_IRQHandler            0x080001c1   Thumb Code     0  startup_stm32f407xx.o(.text)
    UART4_IRQHandler                         0x080001c1   Thumb Code     0  startup_stm32f407xx.o(.text)
    UART5_IRQHandler                         0x080001c1   Thumb Code     0  startup_stm32f407xx.o(.text)
    USART1_IRQHandler                        0x080001c1   Thumb Code     0  startup_stm32f407xx.o(.text)
    USART2_IRQHandler                        0x080001c1   Thumb Code     0  startup_stm32f407xx.o(.text)
    USART6_IRQHandler                        0x080001c1   Thumb Code     0  startup_stm32f407xx.o(.text)
    WWDG_IRQHandler                          0x080001c1   Thumb Code     0  startup_stm32f407xx.o(.text)
    __aeabi_uldivmod                         0x080001d1   Thumb Code    98  uldiv.o(.text)
    __aeabi_memset                           0x08000233   Thumb Code    14  memseta.o(.text)
    __aeabi_memset4                          0x08000233   Thumb Code     0  memseta.o(.text)
    __aeabi_memset8                          0x08000233   Thumb Code     0  memseta.o(.text)
    __aeabi_memclr                           0x08000241   Thumb Code     4  memseta.o(.text)
    __aeabi_memclr4                          0x08000241   Thumb Code     0  memseta.o(.text)
    __aeabi_memclr8                          0x08000241   Thumb Code     0  memseta.o(.text)
    _memset$wrapper                          0x08000245   Thumb Code    18  memseta.o(.text)
    strcmp                                   0x08000257   Thumb Code    28  strcmp.o(.text)
    __aeabi_dmul                             0x08000273   Thumb Code   228  dmul.o(.text)
    __aeabi_ddiv                             0x08000357   Thumb Code   222  ddiv.o(.text)
    __aeabi_i2d                              0x08000435   Thumb Code    34  dflti.o(.text)
    __aeabi_ui2d                             0x08000457   Thumb Code    26  dfltui.o(.text)
    __aeabi_d2uiz                            0x08000471   Thumb Code    50  dfixui.o(.text)
    __aeabi_cdcmpeq                          0x080004a5   Thumb Code     0  cdcmple.o(.text)
    __aeabi_cdcmple                          0x080004a5   Thumb Code    48  cdcmple.o(.text)
    __aeabi_cdrcmple                         0x080004d5   Thumb Code    48  cdrcmple.o(.text)
    __aeabi_uidiv                            0x08000505   Thumb Code     0  uidiv.o(.text)
    __aeabi_uidivmod                         0x08000505   Thumb Code    44  uidiv.o(.text)
    __aeabi_llsl                             0x08000531   Thumb Code    30  llshl.o(.text)
    _ll_shift_l                              0x08000531   Thumb Code     0  llshl.o(.text)
    __aeabi_llsr                             0x0800054f   Thumb Code    32  llushr.o(.text)
    _ll_ushift_r                             0x0800054f   Thumb Code     0  llushr.o(.text)
    __I$use$fp                               0x0800056f   Thumb Code     0  iusefp.o(.text)
    _double_round                            0x0800056f   Thumb Code    30  depilogue.o(.text)
    _double_epilogue                         0x0800058d   Thumb Code   156  depilogue.o(.text)
    __aeabi_dadd                             0x08000629   Thumb Code   322  dadd.o(.text)
    __aeabi_dsub                             0x0800076b   Thumb Code     6  dadd.o(.text)
    __aeabi_drsub                            0x08000771   Thumb Code     6  dadd.o(.text)
    __aeabi_d2ulz                            0x08000777   Thumb Code    48  dfixul.o(.text)
    __scatterload                            0x080007a9   Thumb Code    28  init.o(.text)
    __scatterload_rt2                        0x080007a9   Thumb Code     0  init.o(.text)
    __aeabi_lasr                             0x080007cd   Thumb Code    36  llsshr.o(.text)
    _ll_sshift_r                             0x080007cd   Thumb Code     0  llsshr.o(.text)
    ADC_IRQHandler                           0x08000881   Thumb Code     6  stm32f4xx_it.o(i.ADC_IRQHandler)
    Amplitude_Limit                          0x080009b5   Thumb Code    40  math_drv.o(i.Amplitude_Limit)
    BusFault_Handler                         0x080009dd   Thumb Code     2  stm32f4xx_it.o(i.BusFault_Handler)
    Calculate_Adc_Offset                     0x080009df   Thumb Code   102  sample_drv.o(i.Calculate_Adc_Offset)
    Calculate_Bus_Voltage                    0x08000a45   Thumb Code    34  sample_drv.o(i.Calculate_Bus_Voltage)
    Calculate_Phase_Current                  0x08000a67   Thumb Code    70  sample_drv.o(i.Calculate_Phase_Current)
    Calculate_SVPWM                          0x08000aad   Thumb Code   488  foc_drv.o(i.Calculate_SVPWM)
    Calculate_Sin_Cos                        0x08000ca5   Thumb Code   200  math_drv.o(i.Calculate_Sin_Cos)
    Clark_Transform                          0x08000d79   Thumb Code    34  foc_drv.o(i.Clark_Transform)
    DMA1_Stream3_IRQHandler                  0x08000da5   Thumb Code     6  stm32f4xx_it.o(i.DMA1_Stream3_IRQHandler)
    DMA2_Stream2_IRQHandler                  0x08000db1   Thumb Code     6  stm32f4xx_it.o(i.DMA2_Stream2_IRQHandler)
    DebugMon_Handler                         0x08000e61   Thumb Code     2  stm32f4xx_it.o(i.DebugMon_Handler)
    Electrical_Angle_Generator               0x08000e65   Thumb Code    70  eangle_drv.o(i.Electrical_Angle_Generator)
    FSMC_NORSRAM_Extended_Timing_Init        0x08000eb1   Thumb Code    60  stm32f4xx_ll_fsmc.o(i.FSMC_NORSRAM_Extended_Timing_Init)
    FSMC_NORSRAM_Init                        0x08000ef1   Thumb Code    80  stm32f4xx_ll_fsmc.o(i.FSMC_NORSRAM_Init)
    FSMC_NORSRAM_Timing_Init                 0x08000f45   Thumb Code    64  stm32f4xx_ll_fsmc.o(i.FSMC_NORSRAM_Timing_Init)
    Global_Init                              0x08000f89   Thumb Code   116  global_control.o(i.Global_Init)
    Global_Loop                              0x08001011   Thumb Code     4  global_control.o(i.Global_Loop)
    HAL_ADCEx_InjectedConfigChannel          0x08001015   Thumb Code   428  stm32f4xx_hal_adc_ex.o(i.HAL_ADCEx_InjectedConfigChannel)
    HAL_ADCEx_InjectedConvCpltCallback       0x080011d1   Thumb Code    60  global_control.o(i.HAL_ADCEx_InjectedConvCpltCallback)
    HAL_ADCEx_InjectedStart_IT               0x08001219   Thumb Code   212  stm32f4xx_hal_adc_ex.o(i.HAL_ADCEx_InjectedStart_IT)
    HAL_ADC_ConfigChannel                    0x080012fd   Thumb Code   316  stm32f4xx_hal_adc.o(i.HAL_ADC_ConfigChannel)
    HAL_ADC_ConvCpltCallback                 0x08001449   Thumb Code     2  stm32f4xx_hal_adc.o(i.HAL_ADC_ConvCpltCallback)
    HAL_ADC_ConvHalfCpltCallback             0x0800144b   Thumb Code     2  stm32f4xx_hal_adc.o(i.HAL_ADC_ConvHalfCpltCallback)
    HAL_ADC_ErrorCallback                    0x0800144d   Thumb Code     2  stm32f4xx_hal_adc.o(i.HAL_ADC_ErrorCallback)
    HAL_ADC_IRQHandler                       0x0800144f   Thumb Code   316  stm32f4xx_hal_adc.o(i.HAL_ADC_IRQHandler)
    HAL_ADC_Init                             0x0800158b   Thumb Code    84  stm32f4xx_hal_adc.o(i.HAL_ADC_Init)
    HAL_ADC_LevelOutOfWindowCallback         0x080015df   Thumb Code     2  stm32f4xx_hal_adc.o(i.HAL_ADC_LevelOutOfWindowCallback)
    HAL_ADC_MspInit                          0x080015e1   Thumb Code   218  f407_bldc_platform.o(i.HAL_ADC_MspInit)
    HAL_ADC_Start_DMA                        0x080016dd   Thumb Code   302  stm32f4xx_hal_adc.o(i.HAL_ADC_Start_DMA)
    HAL_DMA_Abort                            0x08001831   Thumb Code   142  stm32f4xx_hal_dma.o(i.HAL_DMA_Abort)
    HAL_DMA_Abort_IT                         0x080018bf   Thumb Code    36  stm32f4xx_hal_dma.o(i.HAL_DMA_Abort_IT)
    HAL_DMA_IRQHandler                       0x080018e5   Thumb Code   412  stm32f4xx_hal_dma.o(i.HAL_DMA_IRQHandler)
    HAL_DMA_Init                             0x08001a85   Thumb Code   206  stm32f4xx_hal_dma.o(i.HAL_DMA_Init)
    HAL_DMA_Start_IT                         0x08001b59   Thumb Code   110  stm32f4xx_hal_dma.o(i.HAL_DMA_Start_IT)
    HAL_Delay                                0x08001bc7   Thumb Code     6  delay.o(i.HAL_Delay)
    HAL_GPIO_Init                            0x08001bcd   Thumb Code   448  stm32f4xx_hal_gpio.o(i.HAL_GPIO_Init)
    HAL_GPIO_ReadPin                         0x08001db9   Thumb Code    10  stm32f4xx_hal_gpio.o(i.HAL_GPIO_ReadPin)
    HAL_GPIO_TogglePin                       0x08001dc3   Thumb Code    16  stm32f4xx_hal_gpio.o(i.HAL_GPIO_TogglePin)
    HAL_GPIO_WritePin                        0x08001dd3   Thumb Code    10  stm32f4xx_hal_gpio.o(i.HAL_GPIO_WritePin)
    HAL_GetREVID                             0x08001ddd   Thumb Code     8  stm32f4xx_hal.o(i.HAL_GetREVID)
    HAL_GetTick                              0x08001de9   Thumb Code     6  stm32f4xx_hal.o(i.HAL_GetTick)
    HAL_IncTick                              0x08001df5   Thumb Code    12  stm32f4xx_hal.o(i.HAL_IncTick)
    HAL_Init                                 0x08001e05   Thumb Code    40  stm32f4xx_hal.o(i.HAL_Init)
    HAL_InitTick                             0x08001e31   Thumb Code    54  stm32f4xx_hal.o(i.HAL_InitTick)
    HAL_MspInit                              0x08001e71   Thumb Code     2  stm32f4xx_hal.o(i.HAL_MspInit)
    HAL_NVIC_EnableIRQ                       0x08001e73   Thumb Code    26  stm32f4xx_hal_cortex.o(i.HAL_NVIC_EnableIRQ)
    HAL_NVIC_SetPriority                     0x08001e8d   Thumb Code    60  stm32f4xx_hal_cortex.o(i.HAL_NVIC_SetPriority)
    HAL_NVIC_SetPriorityGrouping             0x08001ecd   Thumb Code    26  stm32f4xx_hal_cortex.o(i.HAL_NVIC_SetPriorityGrouping)
    HAL_RCC_ClockConfig                      0x08001ef1   Thumb Code   288  stm32f4xx_hal_rcc.o(i.HAL_RCC_ClockConfig)
    HAL_RCC_GetPCLK1Freq                     0x08002025   Thumb Code    20  stm32f4xx_hal_rcc.o(i.HAL_RCC_GetPCLK1Freq)
    HAL_RCC_GetPCLK2Freq                     0x08002045   Thumb Code    20  stm32f4xx_hal_rcc.o(i.HAL_RCC_GetPCLK2Freq)
    HAL_RCC_GetSysClockFreq                  0x08002065   Thumb Code    88  stm32f4xx_hal_rcc.o(i.HAL_RCC_GetSysClockFreq)
    HAL_RCC_OscConfig                        0x080020c9   Thumb Code   856  stm32f4xx_hal_rcc.o(i.HAL_RCC_OscConfig)
    HAL_SPI_Init                             0x08002435   Thumb Code   202  stm32f4xx_hal_spi.o(i.HAL_SPI_Init)
    HAL_SPI_MspInit                          0x08002501   Thumb Code   122  f407_bldc_platform.o(i.HAL_SPI_MspInit)
    HAL_SRAM_Init                            0x08002589   Thumb Code    86  stm32f4xx_hal_sram.o(i.HAL_SRAM_Init)
    HAL_SRAM_MspInit                         0x080025e1   Thumb Code   104  lcd.o(i.HAL_SRAM_MspInit)
    HAL_SYSTICK_Config                       0x08002655   Thumb Code    40  stm32f4xx_hal_cortex.o(i.HAL_SYSTICK_Config)
    HAL_TIMEx_BreakCallback                  0x0800267d   Thumb Code     2  stm32f4xx_hal_tim_ex.o(i.HAL_TIMEx_BreakCallback)
    HAL_TIMEx_CommutCallback                 0x0800267f   Thumb Code     2  stm32f4xx_hal_tim_ex.o(i.HAL_TIMEx_CommutCallback)
    HAL_TIMEx_ConfigBreakDeadTime            0x08002681   Thumb Code    84  stm32f4xx_hal_tim_ex.o(i.HAL_TIMEx_ConfigBreakDeadTime)
    HAL_TIMEx_MasterConfigSynchronization    0x080026d5   Thumb Code   116  stm32f4xx_hal_tim_ex.o(i.HAL_TIMEx_MasterConfigSynchronization)
    HAL_TIMEx_PWMN_Start                     0x08002765   Thumb Code   164  stm32f4xx_hal_tim_ex.o(i.HAL_TIMEx_PWMN_Start)
    HAL_TIM_Base_Init                        0x08002825   Thumb Code    90  stm32f4xx_hal_tim.o(i.HAL_TIM_Base_Init)
    HAL_TIM_Base_MspInit                     0x08002881   Thumb Code   112  f407_bldc_platform.o(i.HAL_TIM_Base_MspInit)
    HAL_TIM_Base_Start                       0x080028fd   Thumb Code    90  stm32f4xx_hal_tim.o(i.HAL_TIM_Base_Start)
    HAL_TIM_Base_Start_IT                    0x08002975   Thumb Code   100  stm32f4xx_hal_tim.o(i.HAL_TIM_Base_Start_IT)
    HAL_TIM_ConfigClockSource                0x080029f5   Thumb Code   214  stm32f4xx_hal_tim.o(i.HAL_TIM_ConfigClockSource)
    HAL_TIM_IC_CaptureCallback               0x08002acb   Thumb Code     2  stm32f4xx_hal_tim.o(i.HAL_TIM_IC_CaptureCallback)
    HAL_TIM_IRQHandler                       0x08002acd   Thumb Code   358  stm32f4xx_hal_tim.o(i.HAL_TIM_IRQHandler)
    HAL_TIM_MspPostInit                      0x08002c35   Thumb Code    66  f407_bldc_platform.o(i.HAL_TIM_MspPostInit)
    HAL_TIM_OC_DelayElapsedCallback          0x08002c85   Thumb Code     2  stm32f4xx_hal_tim.o(i.HAL_TIM_OC_DelayElapsedCallback)
    HAL_TIM_PWM_ConfigChannel                0x08002c87   Thumb Code   198  stm32f4xx_hal_tim.o(i.HAL_TIM_PWM_ConfigChannel)
    HAL_TIM_PWM_Init                         0x08002d4d   Thumb Code    90  stm32f4xx_hal_tim.o(i.HAL_TIM_PWM_Init)
    HAL_TIM_PWM_MspInit                      0x08002da7   Thumb Code     2  stm32f4xx_hal_tim.o(i.HAL_TIM_PWM_MspInit)
    HAL_TIM_PWM_PulseFinishedCallback        0x08002da9   Thumb Code     2  stm32f4xx_hal_tim.o(i.HAL_TIM_PWM_PulseFinishedCallback)
    HAL_TIM_PWM_Start                        0x08002dad   Thumb Code   172  stm32f4xx_hal_tim.o(i.HAL_TIM_PWM_Start)
    HAL_TIM_PeriodElapsedCallback            0x08002e75   Thumb Code    80  global_control.o(i.HAL_TIM_PeriodElapsedCallback)
    HAL_TIM_TriggerCallback                  0x08002ee1   Thumb Code     2  stm32f4xx_hal_tim.o(i.HAL_TIM_TriggerCallback)
    HAL_UARTEx_RxEventCallback               0x08002ee3   Thumb Code     2  stm32f4xx_hal_uart.o(i.HAL_UARTEx_RxEventCallback)
    HAL_UART_ErrorCallback                   0x08002ee5   Thumb Code     2  stm32f4xx_hal_uart.o(i.HAL_UART_ErrorCallback)
    HAL_UART_GetState                        0x08002ee7   Thumb Code    10  stm32f4xx_hal_uart.o(i.HAL_UART_GetState)
    HAL_UART_IRQHandler                      0x08002ef1   Thumb Code   522  stm32f4xx_hal_uart.o(i.HAL_UART_IRQHandler)
    HAL_UART_Init                            0x08003101   Thumb Code    98  stm32f4xx_hal_uart.o(i.HAL_UART_Init)
    HAL_UART_MspInit                         0x08003165   Thumb Code   130  usart.o(i.HAL_UART_MspInit)
    HAL_UART_Receive_IT                      0x080031f5   Thumb Code    42  stm32f4xx_hal_uart.o(i.HAL_UART_Receive_IT)
    HAL_UART_RxCpltCallback                  0x08003221   Thumb Code    76  usart.o(i.HAL_UART_RxCpltCallback)
    HAL_UART_Transmit_DMA                    0x08003279   Thumb Code   114  stm32f4xx_hal_uart.o(i.HAL_UART_Transmit_DMA)
    HAL_UART_TxCpltCallback                  0x080032f9   Thumb Code     2  stm32f4xx_hal_uart.o(i.HAL_UART_TxCpltCallback)
    HAL_UART_TxHalfCpltCallback              0x080032fb   Thumb Code     2  stm32f4xx_hal_uart.o(i.HAL_UART_TxHalfCpltCallback)
    HFI_Calculate                            0x080032fd   Thumb Code   372  observer_drv.o(i.HFI_Calculate)
    HMI_Toggle_Direction                     0x08003475   Thumb Code    10  lcd_mid.o(i.HMI_Toggle_Direction)
    HMI_Toggle_RunStop                       0x08003485   Thumb Code    22  lcd_mid.o(i.HMI_Toggle_RunStop)
    HardFault_Handler                        0x080034a1   Thumb Code     2  stm32f4xx_it.o(i.HardFault_Handler)
    Hfi_Current_Close_Loop                   0x080034a5   Thumb Code   274  motor_sensorless.o(i.Hfi_Current_Close_Loop)
    Hfi_Smo_Speed_Current_Loop               0x080035d1   Thumb Code   656  motor_sensorless.o(i.Hfi_Smo_Speed_Current_Loop)
    Hfi_Speed_Current_Loop                   0x08003881   Thumb Code   426  motor_sensorless.o(i.Hfi_Speed_Current_Loop)
    Hfi_TO_Obsever_Cal                       0x08003a55   Thumb Code   570  motor_sensorless.o(i.Hfi_TO_Obsever_Cal)
    IPark_Transform                          0x08003ca9   Thumb Code    42  foc_drv.o(i.IPark_Transform)
    Key_Process                              0x08003cd5   Thumb Code   106  key_drv.o(i.Key_Process)
    Key_Scan                                 0x08003d49   Thumb Code    44  key_drv.o(i.Key_Scan)
    Key_Task                                 0x08003d7d   Thumb Code    38  key_task.o(i.Key_Task)
    LCD_Display_Logo                         0x08003da9   Thumb Code    64  lcd_mid.o(i.LCD_Display_Logo)
    LCD_Display_Page1                        0x08003df9   Thumb Code   266  lcd_mid.o(i.LCD_Display_Page1)
    Lcd_Task                                 0x08003f51   Thumb Code    88  lcd_task.o(i.Lcd_Task)
    Led_Task                                 0x08003fb1   Thumb Code    54  led_task.o(i.Led_Task)
    MemManage_Handler                        0x08003ff1   Thumb Code     2  stm32f4xx_it.o(i.MemManage_Handler)
    Motor_Identify                           0x08003ff5   Thumb Code   552  motor_identify.o(i.Motor_Identify)
    Motor_Struct_Init                        0x08004245   Thumb Code   490  motor_publicdata.o(i.Motor_Struct_Init)
    Motor_System_Init                        0x08004491   Thumb Code     4  motor_system.o(i.Motor_System_Init)
    Motor_System_Run                         0x08004495   Thumb Code   176  motor_system.o(i.Motor_System_Run)
    NMI_Handler                              0x08004551   Thumb Code     2  stm32f4xx_it.o(i.NMI_Handler)
    PID_Control                              0x08004553   Thumb Code   134  pid_drv.o(i.PID_Control)
    PLL_Calculate                            0x080045d9   Thumb Code   176  observer_drv.o(i.PLL_Calculate)
    Park_Transform                           0x08004691   Thumb Code    42  foc_drv.o(i.Park_Transform)
    PendSV_Handler                           0x080046bb   Thumb Code     2  stm32f4xx_it.o(i.PendSV_Handler)
    SMO_Calculate                            0x080046bd   Thumb Code   222  observer_drv.o(i.SMO_Calculate)
    SVC_Handler                              0x080047a1   Thumb Code     2  stm32f4xx_it.o(i.SVC_Handler)
    Sensorless_Control                       0x080047c5   Thumb Code    46  motor_sensorless.o(i.Sensorless_Control)
    Strong_Drag_Current_Close_Loop           0x080047f9   Thumb Code   218  motor_sensorless.o(i.Strong_Drag_Current_Close_Loop)
    Strong_Drag_Current_Open_Loop            0x080048d9   Thumb Code    78  motor_sensorless.o(i.Strong_Drag_Current_Open_Loop)
    Strong_Drag_Smo_Speed_Current_Loop       0x0800492d   Thumb Code   676  motor_sensorless.o(i.Strong_Drag_Smo_Speed_Current_Loop)
    Strong_Drag_To_Observer_Cal              0x08004bed   Thumb Code   570  motor_sensorless.o(i.Strong_Drag_To_Observer_Cal)
    SysTick_Handler                          0x08004e4d   Thumb Code     4  stm32f4xx_it.o(i.SysTick_Handler)
    SystemInit                               0x08004e51   Thumb Code    12  system_stm32f4xx.o(i.SystemInit)
    TIM2_IRQHandler                          0x08004e61   Thumb Code     6  stm32f4xx_it.o(i.TIM2_IRQHandler)
    TIM8_UP_TIM13_IRQHandler                 0x08004e6d   Thumb Code     6  stm32f4xx_it.o(i.TIM8_UP_TIM13_IRQHandler)
    TIM_Base_SetConfig                       0x08004e79   Thumb Code   156  stm32f4xx_hal_tim.o(i.TIM_Base_SetConfig)
    TIM_CCxChannelCmd                        0x08004f41   Thumb Code    26  stm32f4xx_hal_tim.o(i.TIM_CCxChannelCmd)
    TIM_ETR_SetConfig                        0x08004f75   Thumb Code    20  stm32f4xx_hal_tim.o(i.TIM_ETR_SetConfig)
    TIM_OC2_SetConfig                        0x08004ff9   Thumb Code    98  stm32f4xx_hal_tim.o(i.TIM_OC2_SetConfig)
    T_Shaped_Acc_Dec                         0x08005165   Thumb Code   208  speed_drv.o(i.T_Shaped_Acc_Dec)
    Target_Set                               0x08005239   Thumb Code    58  global_control.o(i.Target_Set)
    UART_Start_Receive_IT                    0x08005515   Thumb Code    54  stm32f4xx_hal_uart.o(i.UART_Start_Receive_IT)
    USART3_IRQHandler                        0x0800554d   Thumb Code    56  usart.o(i.USART3_IRQHandler)
    UsageFault_Handler                       0x08005591   Thumb Code     2  stm32f4xx_it.o(i.UsageFault_Handler)
    Usart_Task                               0x08005595   Thumb Code   120  usart_task.o(i.Usart_Task)
    __0printf                                0x08005621   Thumb Code    22  printfa.o(i.__0printf)
    __1printf                                0x08005621   Thumb Code     0  printfa.o(i.__0printf)
    __2printf                                0x08005621   Thumb Code     0  printfa.o(i.__0printf)
    __c89printf                              0x08005621   Thumb Code     0  printfa.o(i.__0printf)
    printf                                   0x08005621   Thumb Code     0  printfa.o(i.__0printf)
    __0sprintf                               0x08005641   Thumb Code    34  printfa.o(i.__0sprintf)
    __1sprintf                               0x08005641   Thumb Code     0  printfa.o(i.__0sprintf)
    __2sprintf                               0x08005641   Thumb Code     0  printfa.o(i.__0sprintf)
    __c89sprintf                             0x08005641   Thumb Code     0  printfa.o(i.__0sprintf)
    sprintf                                  0x08005641   Thumb Code     0  printfa.o(i.__0sprintf)
    __scatterload_copy                       0x08005689   Thumb Code    14  handlers.o(i.__scatterload_copy)
    __scatterload_null                       0x08005697   Thumb Code     2  handlers.o(i.__scatterload_null)
    __scatterload_zeroinit                   0x08005699   Thumb Code    14  handlers.o(i.__scatterload_zeroinit)
    at24cxx_init                             0x08005f65   Thumb Code     4  24cxx.o(i.at24cxx_init)
    at24cxx_read                             0x08005f69   Thumb Code    32  24cxx.o(i.at24cxx_read)
    at24cxx_read_one_byte                    0x08005f89   Thumb Code    66  24cxx.o(i.at24cxx_read_one_byte)
    at24cxx_write                            0x08005fcb   Thumb Code    32  24cxx.o(i.at24cxx_write)
    at24cxx_write_one_byte                   0x08005feb   Thumb Code    62  24cxx.o(i.at24cxx_write_one_byte)
    bldc_adc_bemf_amp_input_init             0x08006165   Thumb Code    62  f407_bldc_platform.o(i.bldc_adc_bemf_amp_input_init)
    bldc_key_input_init                      0x0800623d   Thumb Code    38  f407_bldc_platform.o(i.bldc_key_input_init)
    bldc_platform_init                       0x08006269   Thumb Code   106  f407_bldc_platform.o(i.bldc_platform_init)
    bldc_pwm_gpio_init                       0x080062dd   Thumb Code    56  f407_bldc_platform.o(i.bldc_pwm_gpio_init)
    bldc_registers_init                      0x0800631d   Thumb Code   194  f407_bldc_platform.o(i.bldc_registers_init)
    ct_iic_ack                               0x0800661d   Thumb Code    76  ctiic.o(i.ct_iic_ack)
    ct_iic_init                              0x0800666d   Thumb Code    84  ctiic.o(i.ct_iic_init)
    ct_iic_nack                              0x080066c9   Thumb Code    56  ctiic.o(i.ct_iic_nack)
    ct_iic_read_byte                         0x08006705   Thumb Code    92  ctiic.o(i.ct_iic_read_byte)
    ct_iic_send_byte                         0x08006765   Thumb Code    90  ctiic.o(i.ct_iic_send_byte)
    ct_iic_start                             0x080067c5   Thumb Code    68  ctiic.o(i.ct_iic_start)
    ct_iic_stop                              0x0800680d   Thumb Code    60  ctiic.o(i.ct_iic_stop)
    ct_iic_wait_ack                          0x0800684d   Thumb Code    96  ctiic.o(i.ct_iic_wait_ack)
    delay_init                               0x080068b1   Thumb Code     6  delay.o(i.delay_init)
    delay_ms                                 0x080068bd   Thumb Code    10  delay.o(i.delay_ms)
    delay_us                                 0x080068c9   Thumb Code    48  delay.o(i.delay_us)
    fputc                                    0x080068fd   Thumb Code    18  usart.o(i.fputc)
    ft5206_init                              0x08006915   Thumb Code   238  ft5206.o(i.ft5206_init)
    ft5206_rd_reg                            0x08006a1d   Thumb Code    86  ft5206.o(i.ft5206_rd_reg)
    ft5206_scan                              0x08006a75   Thumb Code   312  ft5206.o(i.ft5206_scan)
    ft5206_wr_reg                            0x08006bbd   Thumb Code    72  ft5206.o(i.ft5206_wr_reg)
    gt9xxx_init                              0x08006c05   Thumb Code   280  gt9xxx.o(i.gt9xxx_init)
    gt9xxx_rd_reg                            0x08006d55   Thumb Code    96  gt9xxx.o(i.gt9xxx_rd_reg)
    gt9xxx_scan                              0x08006db5   Thumb Code   468  gt9xxx.o(i.gt9xxx_scan)
    gt9xxx_wr_reg                            0x08006f99   Thumb Code    82  gt9xxx.o(i.gt9xxx_wr_reg)
    iic_ack                                  0x08007165   Thumb Code    72  myiic.o(i.iic_ack)
    iic_init                                 0x080071b1   Thumb Code    86  myiic.o(i.iic_init)
    iic_nack                                 0x08007211   Thumb Code    56  myiic.o(i.iic_nack)
    iic_read_byte                            0x0800724d   Thumb Code    88  myiic.o(i.iic_read_byte)
    iic_send_byte                            0x080072a9   Thumb Code    84  myiic.o(i.iic_send_byte)
    iic_start                                0x08007301   Thumb Code    66  myiic.o(i.iic_start)
    iic_stop                                 0x08007349   Thumb Code    56  myiic.o(i.iic_stop)
    iic_wait_ack                             0x08007385   Thumb Code    90  myiic.o(i.iic_wait_ack)
    lcd_clear                                0x080073e5   Thumb Code    40  lcd.o(i.lcd_clear)
    lcd_display_dir                          0x08007415   Thumb Code   230  lcd.o(i.lcd_display_dir)
    lcd_draw_circle                          0x08007501   Thumb Code   196  lcd.o(i.lcd_draw_circle)
    lcd_draw_line                            0x080075c5   Thumb Code   156  lcd.o(i.lcd_draw_line)
    lcd_draw_point                           0x08007661   Thumb Code    18  lcd.o(i.lcd_draw_point)
    lcd_draw_rectangle                       0x08007679   Thumb Code    68  lcd.o(i.lcd_draw_rectangle)
    lcd_ex_ili9341_reginit                   0x080076bd   Thumb Code   558  lcd.o(i.lcd_ex_ili9341_reginit)
    lcd_ex_ili9806_reginit                   0x080078eb   Thumb Code   834  lcd.o(i.lcd_ex_ili9806_reginit)
    lcd_ex_nt35310_reginit                   0x08007c2d   Thumb Code  3828  lcd.o(i.lcd_ex_nt35310_reginit)
    lcd_ex_nt35510_reginit                   0x08008b21   Thumb Code  3834  lcd.o(i.lcd_ex_nt35510_reginit)
    lcd_ex_ssd1963_reginit                   0x08009a1b   Thumb Code   368  lcd.o(i.lcd_ex_ssd1963_reginit)
    lcd_ex_st7789_reginit                    0x08009b8b   Thumb Code   426  lcd.o(i.lcd_ex_st7789_reginit)
    lcd_ex_st7796_reginit                    0x08009d35   Thumb Code   456  lcd.o(i.lcd_ex_st7796_reginit)
    lcd_fill                                 0x08009efd   Thumb Code    68  lcd.o(i.lcd_fill)
    lcd_init                                 0x08009f45   Thumb Code   858  lcd.o(i.lcd_init)
    lcd_scan_dir                             0x0800a2f1   Thumb Code   384  lcd.o(i.lcd_scan_dir)
    lcd_set_cursor                           0x0800a475   Thumb Code   238  lcd.o(i.lcd_set_cursor)
    lcd_show_char                            0x0800a569   Thumb Code   196  lcd.o(i.lcd_show_char)
    lcd_show_num                             0x0800a645   Thumb Code   114  lcd.o(i.lcd_show_num)
    lcd_show_string                          0x0800a6b7   Thumb Code    86  lcd.o(i.lcd_show_string)
    lcd_ssd_backlight_set                    0x0800a70d   Thumb Code    72  lcd.o(i.lcd_ssd_backlight_set)
    lcd_wr_data                              0x0800a75d   Thumb Code    20  lcd.o(i.lcd_wr_data)
    lcd_wr_regno                             0x0800a775   Thumb Code    20  lcd.o(i.lcd_wr_regno)
    lcd_write_ram_prepare                    0x0800a78d   Thumb Code    10  lcd.o(i.lcd_write_ram_prepare)
    lcd_write_reg                            0x0800a7a1   Thumb Code    10  lcd.o(i.lcd_write_reg)
    main                                     0x0800a7b1   Thumb Code    38  main.o(i.main)
    sys_stm32_clock_init                     0x0800a7d9   Thumb Code   136  sys.o(i.sys_stm32_clock_init)
    tp_adjust                                0x0800a86d   Thumb Code   800  touch.o(i.tp_adjust)
    tp_get_adjust_data                       0x0800ad75   Thumb Code    30  touch.o(i.tp_get_adjust_data)
    tp_init                                  0x0800ad99   Thumb Code   378  touch.o(i.tp_init)
    tp_read_xoy                              0x0800b035   Thumb Code   100  touch.o(i.tp_read_xoy)
    tp_save_adjust_data                      0x0800b141   Thumb Code    24  touch.o(i.tp_save_adjust_data)
    AHBPrescTable                            0x0800b230   Data          16  system_stm32f4xx.o(.constdata)
    APBPrescTable                            0x0800b240   Data           8  system_stm32f4xx.o(.constdata)
    Sin_Cos_Table                            0x0800b250   Data        4096  math_drv.o(.constdata)
    asc2_1206                                0x0800c250   Data        1140  lcd.o(.constdata)
    asc2_1608                                0x0800c6c4   Data        1520  lcd.o(.constdata)
    asc2_2412                                0x0800ccb4   Data        3420  lcd.o(.constdata)
    asc2_3216                                0x0800da10   Data        6080  lcd.o(.constdata)
    TP_REMIND_MSG_TBL                        0x0800f1d0   Data           4  touch.o(.constdata)
    FT5206_TPX_TBL                           0x0800f1d4   Data          10  ft5206.o(.constdata)
    GT9XXX_TPX_TBL                           0x0800f1de   Data          20  gt9xxx.o(.constdata)
    Region$$Table$$Base                      0x0800f270   Number         0  anon$$obj.o(Region$$Table)
    Region$$Table$$Limit                     0x0800f290   Number         0  anon$$obj.o(Region$$Table)
    SystemCoreClock                          0x20000000   Data           4  system_stm32f4xx.o(.data)
    g_rx_buffer                              0x20000008   Data           1  usart.o(.data)
    g_usart_rx_sta                           0x2000000a   Data           2  usart.o(.data)
    __stdout                                 0x2000000c   Data           4  usart.o(.data)
    uwTickFreq                               0x20000010   Data           1  stm32f4xx_hal.o(.data)
    uwTickPrio                               0x20000014   Data           4  stm32f4xx_hal.o(.data)
    uwTick                                   0x20000018   Data           4  stm32f4xx_hal.o(.data)
    Speed_Set_Dir                            0x2000001c   Data           1  motor_publicdata.o(.data)
    LcdTaskId                                0x20000020   Data           2  lcd_task.o(.data)
    LcdTaskTim                               0x20000022   Data           2  lcd_task.o(.data)
    KeyNum                                   0x20000024   Data           1  key_drv.o(.data)
    KeyTaskId                                0x20000026   Data           2  key_task.o(.data)
    KeyTaskTim                               0x20000028   Data           2  key_task.o(.data)
    LedTaskId                                0x2000002a   Data           2  led_task.o(.data)
    LedTaskTim                               0x2000002c   Data           2  led_task.o(.data)
    UsartTaskId                              0x2000002e   Data           2  usart_task.o(.data)
    UsartTaskTim                             0x20000030   Data           2  usart_task.o(.data)
    g_back_color                             0x20000034   Data           4  lcd.o(.data)
    tp_dev                                   0x20000038   Data          72  touch.o(.data)
    g_gt_tnum                                0x20000081   Data           1  gt9xxx.o(.data)
    g_usart_rx_buf                           0x20000084   Data         200  usart.o(.bss)
    g_uart1_handle                           0x2000014c   Data          68  usart.o(.bss)
    hadc2                                    0x20000190   Data          72  f407_bldc_platform.o(.bss)
    hadc3                                    0x200001d8   Data          72  f407_bldc_platform.o(.bss)
    hdma_adc2                                0x20000220   Data          96  f407_bldc_platform.o(.bss)
    hspi1                                    0x20000280   Data          88  f407_bldc_platform.o(.bss)
    huart1                                   0x200002d8   Data          68  f407_bldc_platform.o(.bss)
    hdma_usart1_tx                           0x2000031c   Data          96  f407_bldc_platform.o(.bss)
    htim1                                    0x2000037c   Data          72  f407_bldc_platform.o(.bss)
    htim2                                    0x200003c4   Data          72  f407_bldc_platform.o(.bss)
    htim6                                    0x2000040c   Data          72  f407_bldc_platform.o(.bss)
    MC                                       0x20000454   Data         980  motor_publicdata.o(.bss)
    button                                   0x20000828   Data          12  key_drv.o(.bss)
    TxData                                   0x20000834   Data          16  usart_task.o(.bss)
    g_sram_handle                            0x20000844   Data          80  lcd.o(.bss)
    lcddev                                   0x20000894   Data          14  lcd.o(.bss)
    __initial_sp                             0x20000ca8   Data           0  startup_stm32f407xx.o(STACK)



==============================================================================

Memory Map of the image

  Image Entry point : 0x08000189

  Load Region LR_IROM1 (Base: 0x08000000, Size: 0x0000f314, Max: 0x00100000, ABSOLUTE)

    Execution Region ER_IROM1 (Exec base: 0x08000000, Load base: 0x08000000, Size: 0x0000f290, Max: 0x00100000, ABSOLUTE)

    Exec Addr    Load Addr    Size         Type   Attr      Idx    E Section Name        Object

    0x08000000   0x08000000   0x00000188   Data   RO            3    RESET               startup_stm32f407xx.o
    0x08000188   0x08000188   0x00000000   Code   RO         5989  * .ARM.Collect$$$$00000000  mc_w.l(entry.o)
    0x08000188   0x08000188   0x00000004   Code   RO         6275    .ARM.Collect$$$$00000001  mc_w.l(entry2.o)
    0x0800018c   0x0800018c   0x00000004   Code   RO         6278    .ARM.Collect$$$$00000004  mc_w.l(entry5.o)
    0x08000190   0x08000190   0x00000000   Code   RO         6280    .ARM.Collect$$$$00000008  mc_w.l(entry7b.o)
    0x08000190   0x08000190   0x00000000   Code   RO         6282    .ARM.Collect$$$$0000000A  mc_w.l(entry8b.o)
    0x08000190   0x08000190   0x00000008   Code   RO         6283    .ARM.Collect$$$$0000000B  mc_w.l(entry9a.o)
    0x08000198   0x08000198   0x00000000   Code   RO         6285    .ARM.Collect$$$$0000000D  mc_w.l(entry10a.o)
    0x08000198   0x08000198   0x00000000   Code   RO         6287    .ARM.Collect$$$$0000000F  mc_w.l(entry11a.o)
    0x08000198   0x08000198   0x00000004   Code   RO         6276    .ARM.Collect$$$$00002712  mc_w.l(entry2.o)
    0x0800019c   0x0800019c   0x00000034   Code   RO            4    .text               startup_stm32f407xx.o
    0x080001d0   0x080001d0   0x00000062   Code   RO         5992    .text               mc_w.l(uldiv.o)
    0x08000232   0x08000232   0x00000024   Code   RO         5994    .text               mc_w.l(memseta.o)
    0x08000256   0x08000256   0x0000001c   Code   RO         5996    .text               mc_w.l(strcmp.o)
    0x08000272   0x08000272   0x000000e4   Code   RO         6259    .text               mf_w.l(dmul.o)
    0x08000356   0x08000356   0x000000de   Code   RO         6261    .text               mf_w.l(ddiv.o)
    0x08000434   0x08000434   0x00000022   Code   RO         6265    .text               mf_w.l(dflti.o)
    0x08000456   0x08000456   0x0000001a   Code   RO         6267    .text               mf_w.l(dfltui.o)
    0x08000470   0x08000470   0x00000032   Code   RO         6269    .text               mf_w.l(dfixui.o)
    0x080004a2   0x080004a2   0x00000002   PAD
    0x080004a4   0x080004a4   0x00000030   Code   RO         6271    .text               mf_w.l(cdcmple.o)
    0x080004d4   0x080004d4   0x00000030   Code   RO         6273    .text               mf_w.l(cdrcmple.o)
    0x08000504   0x08000504   0x0000002c   Code   RO         6289    .text               mc_w.l(uidiv.o)
    0x08000530   0x08000530   0x0000001e   Code   RO         6291    .text               mc_w.l(llshl.o)
    0x0800054e   0x0800054e   0x00000020   Code   RO         6293    .text               mc_w.l(llushr.o)
    0x0800056e   0x0800056e   0x00000000   Code   RO         6295    .text               mc_w.l(iusefp.o)
    0x0800056e   0x0800056e   0x000000ba   Code   RO         6296    .text               mf_w.l(depilogue.o)
    0x08000628   0x08000628   0x0000014e   Code   RO         6298    .text               mf_w.l(dadd.o)
    0x08000776   0x08000776   0x00000030   Code   RO         6300    .text               mf_w.l(dfixul.o)
    0x080007a6   0x080007a6   0x00000002   PAD
    0x080007a8   0x080007a8   0x00000024   Code   RO         6302    .text               mc_w.l(init.o)
    0x080007cc   0x080007cc   0x00000024   Code   RO         6304    .text               mc_w.l(llsshr.o)
    0x080007f0   0x080007f0   0x0000006e   Code   RO         3404    i.ADC_DMAConvCplt   stm32f4xx_hal_adc.o
    0x0800085e   0x0800085e   0x00000016   Code   RO         3405    i.ADC_DMAError      stm32f4xx_hal_adc.o
    0x08000874   0x08000874   0x0000000a   Code   RO         3406    i.ADC_DMAHalfConvCplt  stm32f4xx_hal_adc.o
    0x0800087e   0x0800087e   0x00000002   PAD
    0x08000880   0x08000880   0x0000000c   Code   RO          262    i.ADC_IRQHandler    stm32f4xx_it.o
    0x0800088c   0x0800088c   0x00000128   Code   RO         3407    i.ADC_Init          stm32f4xx_hal_adc.o
    0x080009b4   0x080009b4   0x00000028   Code   RO         4533    i.Amplitude_Limit   math_drv.o
    0x080009dc   0x080009dc   0x00000002   Code   RO          263    i.BusFault_Handler  stm32f4xx_it.o
    0x080009de   0x080009de   0x00000066   Code   RO         4443    i.Calculate_Adc_Offset  sample_drv.o
    0x08000a44   0x08000a44   0x00000022   Code   RO         4444    i.Calculate_Bus_Voltage  sample_drv.o
    0x08000a66   0x08000a66   0x00000046   Code   RO         4445    i.Calculate_Phase_Current  sample_drv.o
    0x08000aac   0x08000aac   0x000001f8   Code   RO         4566    i.Calculate_SVPWM   foc_drv.o
    0x08000ca4   0x08000ca4   0x000000d4   Code   RO         4534    i.Calculate_Sin_Cos  math_drv.o
    0x08000d78   0x08000d78   0x0000002c   Code   RO         4567    i.Clark_Transform   foc_drv.o
    0x08000da4   0x08000da4   0x0000000c   Code   RO          264    i.DMA1_Stream3_IRQHandler  stm32f4xx_it.o
    0x08000db0   0x08000db0   0x0000000c   Code   RO          265    i.DMA2_Stream2_IRQHandler  stm32f4xx_it.o
    0x08000dbc   0x08000dbc   0x00000028   Code   RO          933    i.DMA_CalcBaseAndBitshift  stm32f4xx_hal_dma.o
    0x08000de4   0x08000de4   0x00000054   Code   RO          934    i.DMA_CheckFifoParam  stm32f4xx_hal_dma.o
    0x08000e38   0x08000e38   0x00000028   Code   RO          935    i.DMA_SetConfig     stm32f4xx_hal_dma.o
    0x08000e60   0x08000e60   0x00000002   Code   RO          266    i.DebugMon_Handler  stm32f4xx_it.o
    0x08000e62   0x08000e62   0x00000002   PAD
    0x08000e64   0x08000e64   0x0000004c   Code   RO         4479    i.Electrical_Angle_Generator  eangle_drv.o
    0x08000eb0   0x08000eb0   0x00000040   Code   RO         3807    i.FSMC_NORSRAM_Extended_Timing_Init  stm32f4xx_ll_fsmc.o
    0x08000ef0   0x08000ef0   0x00000054   Code   RO         3808    i.FSMC_NORSRAM_Init  stm32f4xx_ll_fsmc.o
    0x08000f44   0x08000f44   0x00000044   Code   RO         3809    i.FSMC_NORSRAM_Timing_Init  stm32f4xx_ll_fsmc.o
    0x08000f88   0x08000f88   0x00000088   Code   RO         4049    i.Global_Init       global_control.o
    0x08001010   0x08001010   0x00000004   Code   RO         4050    i.Global_Loop       global_control.o
    0x08001014   0x08001014   0x000001bc   Code   RO         3577    i.HAL_ADCEx_InjectedConfigChannel  stm32f4xx_hal_adc_ex.o
    0x080011d0   0x080011d0   0x00000048   Code   RO         4051    i.HAL_ADCEx_InjectedConvCpltCallback  global_control.o
    0x08001218   0x08001218   0x000000e4   Code   RO         3582    i.HAL_ADCEx_InjectedStart_IT  stm32f4xx_hal_adc_ex.o
    0x080012fc   0x080012fc   0x0000014c   Code   RO         3409    i.HAL_ADC_ConfigChannel  stm32f4xx_hal_adc.o
    0x08001448   0x08001448   0x00000002   Code   RO         3410    i.HAL_ADC_ConvCpltCallback  stm32f4xx_hal_adc.o
    0x0800144a   0x0800144a   0x00000002   Code   RO         3411    i.HAL_ADC_ConvHalfCpltCallback  stm32f4xx_hal_adc.o
    0x0800144c   0x0800144c   0x00000002   Code   RO         3413    i.HAL_ADC_ErrorCallback  stm32f4xx_hal_adc.o
    0x0800144e   0x0800144e   0x0000013c   Code   RO         3417    i.HAL_ADC_IRQHandler  stm32f4xx_hal_adc.o
    0x0800158a   0x0800158a   0x00000054   Code   RO         3418    i.HAL_ADC_Init      stm32f4xx_hal_adc.o
    0x080015de   0x080015de   0x00000002   Code   RO         3419    i.HAL_ADC_LevelOutOfWindowCallback  stm32f4xx_hal_adc.o
    0x080015e0   0x080015e0   0x000000fc   Code   RO         3925    i.HAL_ADC_MspInit   f407_bldc_platform.o
    0x080016dc   0x080016dc   0x00000154   Code   RO         3425    i.HAL_ADC_Start_DMA  stm32f4xx_hal_adc.o
    0x08001830   0x08001830   0x0000008e   Code   RO          936    i.HAL_DMA_Abort     stm32f4xx_hal_dma.o
    0x080018be   0x080018be   0x00000024   Code   RO          937    i.HAL_DMA_Abort_IT  stm32f4xx_hal_dma.o
    0x080018e2   0x080018e2   0x00000002   PAD
    0x080018e4   0x080018e4   0x000001a0   Code   RO          941    i.HAL_DMA_IRQHandler  stm32f4xx_hal_dma.o
    0x08001a84   0x08001a84   0x000000d4   Code   RO          942    i.HAL_DMA_Init      stm32f4xx_hal_dma.o
    0x08001b58   0x08001b58   0x0000006e   Code   RO          946    i.HAL_DMA_Start_IT  stm32f4xx_hal_dma.o
    0x08001bc6   0x08001bc6   0x00000006   Code   RO          405    i.HAL_Delay         delay.o
    0x08001bcc   0x08001bcc   0x000001ec   Code   RO         1083    i.HAL_GPIO_Init     stm32f4xx_hal_gpio.o
    0x08001db8   0x08001db8   0x0000000a   Code   RO         1085    i.HAL_GPIO_ReadPin  stm32f4xx_hal_gpio.o
    0x08001dc2   0x08001dc2   0x00000010   Code   RO         1086    i.HAL_GPIO_TogglePin  stm32f4xx_hal_gpio.o
    0x08001dd2   0x08001dd2   0x0000000a   Code   RO         1087    i.HAL_GPIO_WritePin  stm32f4xx_hal_gpio.o
    0x08001ddc   0x08001ddc   0x0000000c   Code   RO          624    i.HAL_GetREVID      stm32f4xx_hal.o
    0x08001de8   0x08001de8   0x0000000c   Code   RO          625    i.HAL_GetTick       stm32f4xx_hal.o
    0x08001df4   0x08001df4   0x00000010   Code   RO          631    i.HAL_IncTick       stm32f4xx_hal.o
    0x08001e04   0x08001e04   0x0000002c   Code   RO          632    i.HAL_Init          stm32f4xx_hal.o
    0x08001e30   0x08001e30   0x00000040   Code   RO          633    i.HAL_InitTick      stm32f4xx_hal.o
    0x08001e70   0x08001e70   0x00000002   Code   RO          635    i.HAL_MspInit       stm32f4xx_hal.o
    0x08001e72   0x08001e72   0x0000001a   Code   RO          803    i.HAL_NVIC_EnableIRQ  stm32f4xx_hal_cortex.o
    0x08001e8c   0x08001e8c   0x00000040   Code   RO          809    i.HAL_NVIC_SetPriority  stm32f4xx_hal_cortex.o
    0x08001ecc   0x08001ecc   0x00000024   Code   RO          810    i.HAL_NVIC_SetPriorityGrouping  stm32f4xx_hal_cortex.o
    0x08001ef0   0x08001ef0   0x00000134   Code   RO         1147    i.HAL_RCC_ClockConfig  stm32f4xx_hal_rcc.o
    0x08002024   0x08002024   0x00000020   Code   RO         1154    i.HAL_RCC_GetPCLK1Freq  stm32f4xx_hal_rcc.o
    0x08002044   0x08002044   0x00000020   Code   RO         1155    i.HAL_RCC_GetPCLK2Freq  stm32f4xx_hal_rcc.o
    0x08002064   0x08002064   0x00000064   Code   RO         1156    i.HAL_RCC_GetSysClockFreq  stm32f4xx_hal_rcc.o
    0x080020c8   0x080020c8   0x0000036c   Code   RO         1159    i.HAL_RCC_OscConfig  stm32f4xx_hal_rcc.o
    0x08002434   0x08002434   0x000000ca   Code   RO         3073    i.HAL_SPI_Init      stm32f4xx_hal_spi.o
    0x080024fe   0x080024fe   0x00000002   PAD
    0x08002500   0x08002500   0x00000088   Code   RO         3926    i.HAL_SPI_MspInit   f407_bldc_platform.o
    0x08002588   0x08002588   0x00000056   Code   RO         3683    i.HAL_SRAM_Init     stm32f4xx_hal_sram.o
    0x080025de   0x080025de   0x00000002   PAD
    0x080025e0   0x080025e0   0x00000074   Code   RO         5021    i.HAL_SRAM_MspInit  lcd.o
    0x08002654   0x08002654   0x00000028   Code   RO          814    i.HAL_SYSTICK_Config  stm32f4xx_hal_cortex.o
    0x0800267c   0x0800267c   0x00000002   Code   RO         2795    i.HAL_TIMEx_BreakCallback  stm32f4xx_hal_tim_ex.o
    0x0800267e   0x0800267e   0x00000002   Code   RO         2796    i.HAL_TIMEx_CommutCallback  stm32f4xx_hal_tim_ex.o
    0x08002680   0x08002680   0x00000054   Code   RO         2798    i.HAL_TIMEx_ConfigBreakDeadTime  stm32f4xx_hal_tim_ex.o
    0x080026d4   0x080026d4   0x00000090   Code   RO         2814    i.HAL_TIMEx_MasterConfigSynchronization  stm32f4xx_hal_tim_ex.o
    0x08002764   0x08002764   0x000000c0   Code   RO         2825    i.HAL_TIMEx_PWMN_Start  stm32f4xx_hal_tim_ex.o
    0x08002824   0x08002824   0x0000005a   Code   RO         2091    i.HAL_TIM_Base_Init  stm32f4xx_hal_tim.o
    0x0800287e   0x0800287e   0x00000002   PAD
    0x08002880   0x08002880   0x0000007c   Code   RO         3927    i.HAL_TIM_Base_MspInit  f407_bldc_platform.o
    0x080028fc   0x080028fc   0x00000078   Code   RO         2094    i.HAL_TIM_Base_Start  stm32f4xx_hal_tim.o
    0x08002974   0x08002974   0x00000080   Code   RO         2096    i.HAL_TIM_Base_Start_IT  stm32f4xx_hal_tim.o
    0x080029f4   0x080029f4   0x000000d6   Code   RO         2100    i.HAL_TIM_ConfigClockSource  stm32f4xx_hal_tim.o
    0x08002aca   0x08002aca   0x00000002   Code   RO         2125    i.HAL_TIM_IC_CaptureCallback  stm32f4xx_hal_tim.o
    0x08002acc   0x08002acc   0x00000166   Code   RO         2139    i.HAL_TIM_IRQHandler  stm32f4xx_hal_tim.o
    0x08002c32   0x08002c32   0x00000002   PAD
    0x08002c34   0x08002c34   0x00000050   Code   RO         3928    i.HAL_TIM_MspPostInit  f407_bldc_platform.o
    0x08002c84   0x08002c84   0x00000002   Code   RO         2142    i.HAL_TIM_OC_DelayElapsedCallback  stm32f4xx_hal_tim.o
    0x08002c86   0x08002c86   0x000000c6   Code   RO         2163    i.HAL_TIM_PWM_ConfigChannel  stm32f4xx_hal_tim.o
    0x08002d4c   0x08002d4c   0x0000005a   Code   RO         2166    i.HAL_TIM_PWM_Init  stm32f4xx_hal_tim.o
    0x08002da6   0x08002da6   0x00000002   Code   RO         2168    i.HAL_TIM_PWM_MspInit  stm32f4xx_hal_tim.o
    0x08002da8   0x08002da8   0x00000002   Code   RO         2169    i.HAL_TIM_PWM_PulseFinishedCallback  stm32f4xx_hal_tim.o
    0x08002daa   0x08002daa   0x00000002   PAD
    0x08002dac   0x08002dac   0x000000c8   Code   RO         2171    i.HAL_TIM_PWM_Start  stm32f4xx_hal_tim.o
    0x08002e74   0x08002e74   0x0000006c   Code   RO         4052    i.HAL_TIM_PeriodElapsedCallback  global_control.o
    0x08002ee0   0x08002ee0   0x00000002   Code   RO         2182    i.HAL_TIM_TriggerCallback  stm32f4xx_hal_tim.o
    0x08002ee2   0x08002ee2   0x00000002   Code   RO         1487    i.HAL_UARTEx_RxEventCallback  stm32f4xx_hal_uart.o
    0x08002ee4   0x08002ee4   0x00000002   Code   RO         1501    i.HAL_UART_ErrorCallback  stm32f4xx_hal_uart.o
    0x08002ee6   0x08002ee6   0x0000000a   Code   RO         1503    i.HAL_UART_GetState  stm32f4xx_hal_uart.o
    0x08002ef0   0x08002ef0   0x00000210   Code   RO         1504    i.HAL_UART_IRQHandler  stm32f4xx_hal_uart.o
    0x08003100   0x08003100   0x00000062   Code   RO         1505    i.HAL_UART_Init     stm32f4xx_hal_uart.o
    0x08003162   0x08003162   0x00000002   PAD
    0x08003164   0x08003164   0x00000090   Code   RO          531    i.HAL_UART_MspInit  usart.o
    0x080031f4   0x080031f4   0x0000002a   Code   RO         1510    i.HAL_UART_Receive_IT  stm32f4xx_hal_uart.o
    0x0800321e   0x0800321e   0x00000002   PAD
    0x08003220   0x08003220   0x00000058   Code   RO          532    i.HAL_UART_RxCpltCallback  usart.o
    0x08003278   0x08003278   0x00000080   Code   RO         1514    i.HAL_UART_Transmit_DMA  stm32f4xx_hal_uart.o
    0x080032f8   0x080032f8   0x00000002   Code   RO         1516    i.HAL_UART_TxCpltCallback  stm32f4xx_hal_uart.o
    0x080032fa   0x080032fa   0x00000002   Code   RO         1517    i.HAL_UART_TxHalfCpltCallback  stm32f4xx_hal_uart.o
    0x080032fc   0x080032fc   0x00000178   Code   RO         4407    i.HFI_Calculate     observer_drv.o
    0x08003474   0x08003474   0x00000010   Code   RO         4638    i.HMI_Toggle_Direction  lcd_mid.o
    0x08003484   0x08003484   0x0000001c   Code   RO         4639    i.HMI_Toggle_RunStop  lcd_mid.o
    0x080034a0   0x080034a0   0x00000002   Code   RO          267    i.HardFault_Handler  stm32f4xx_it.o
    0x080034a2   0x080034a2   0x00000002   PAD
    0x080034a4   0x080034a4   0x0000012c   Code   RO         4285    i.Hfi_Current_Close_Loop  motor_sensorless.o
    0x080035d0   0x080035d0   0x000002b0   Code   RO         4286    i.Hfi_Smo_Speed_Current_Loop  motor_sensorless.o
    0x08003880   0x08003880   0x000001d4   Code   RO         4287    i.Hfi_Speed_Current_Loop  motor_sensorless.o
    0x08003a54   0x08003a54   0x00000254   Code   RO         4288    i.Hfi_TO_Obsever_Cal  motor_sensorless.o
    0x08003ca8   0x08003ca8   0x0000002a   Code   RO         4568    i.IPark_Transform   foc_drv.o
    0x08003cd2   0x08003cd2   0x00000002   PAD
    0x08003cd4   0x08003cd4   0x00000074   Code   RO         4802    i.Key_Process       key_drv.o
    0x08003d48   0x08003d48   0x00000034   Code   RO         4803    i.Key_Scan          key_drv.o
    0x08003d7c   0x08003d7c   0x0000002c   Code   RO         4855    i.Key_Task          key_task.o
    0x08003da8   0x08003da8   0x00000050   Code   RO         4641    i.LCD_Display_Logo  lcd_mid.o
    0x08003df8   0x08003df8   0x00000158   Code   RO         4642    i.LCD_Display_Page1  lcd_mid.o
    0x08003f50   0x08003f50   0x00000060   Code   RO         4762    i.Lcd_Task          lcd_task.o
    0x08003fb0   0x08003fb0   0x00000040   Code   RO         4885    i.Led_Task          led_task.o
    0x08003ff0   0x08003ff0   0x00000002   Code   RO          268    i.MemManage_Handler  stm32f4xx_it.o
    0x08003ff2   0x08003ff2   0x00000002   PAD
    0x08003ff4   0x08003ff4   0x00000250   Code   RO         4261    i.Motor_Identify    motor_identify.o
    0x08004244   0x08004244   0x0000024c   Code   RO         4376    i.Motor_Struct_Init  motor_publicdata.o
    0x08004490   0x08004490   0x00000004   Code   RO         4178    i.Motor_System_Init  motor_system.o
    0x08004494   0x08004494   0x000000bc   Code   RO         4179    i.Motor_System_Run  motor_system.o
    0x08004550   0x08004550   0x00000002   Code   RO          269    i.NMI_Handler       stm32f4xx_it.o
    0x08004552   0x08004552   0x00000086   Code   RO         4609    i.PID_Control       pid_drv.o
    0x080045d8   0x080045d8   0x000000b8   Code   RO         4408    i.PLL_Calculate     observer_drv.o
    0x08004690   0x08004690   0x0000002a   Code   RO         4569    i.Park_Transform    foc_drv.o
    0x080046ba   0x080046ba   0x00000002   Code   RO          270    i.PendSV_Handler    stm32f4xx_it.o
    0x080046bc   0x080046bc   0x000000e4   Code   RO         4409    i.SMO_Calculate     observer_drv.o
    0x080047a0   0x080047a0   0x00000002   Code   RO          271    i.SVC_Handler       stm32f4xx_it.o
    0x080047a2   0x080047a2   0x00000020   Code   RO         4289    i.Sat               motor_sensorless.o
    0x080047c2   0x080047c2   0x00000002   PAD
    0x080047c4   0x080047c4   0x00000034   Code   RO         4290    i.Sensorless_Control  motor_sensorless.o
    0x080047f8   0x080047f8   0x000000e0   Code   RO         4291    i.Strong_Drag_Current_Close_Loop  motor_sensorless.o
    0x080048d8   0x080048d8   0x00000054   Code   RO         4292    i.Strong_Drag_Current_Open_Loop  motor_sensorless.o
    0x0800492c   0x0800492c   0x000002c0   Code   RO         4293    i.Strong_Drag_Smo_Speed_Current_Loop  motor_sensorless.o
    0x08004bec   0x08004bec   0x00000260   Code   RO         4294    i.Strong_Drag_To_Observer_Cal  motor_sensorless.o
    0x08004e4c   0x08004e4c   0x00000004   Code   RO          272    i.SysTick_Handler   stm32f4xx_it.o
    0x08004e50   0x08004e50   0x00000010   Code   RO          368    i.SystemInit        system_stm32f4xx.o
    0x08004e60   0x08004e60   0x0000000c   Code   RO          273    i.TIM2_IRQHandler   stm32f4xx_it.o
    0x08004e6c   0x08004e6c   0x0000000c   Code   RO          274    i.TIM8_UP_TIM13_IRQHandler  stm32f4xx_it.o
    0x08004e78   0x08004e78   0x000000c8   Code   RO         2184    i.TIM_Base_SetConfig  stm32f4xx_hal_tim.o
    0x08004f40   0x08004f40   0x0000001a   Code   RO         2185    i.TIM_CCxChannelCmd  stm32f4xx_hal_tim.o
    0x08004f5a   0x08004f5a   0x0000001a   Code   RO         2834    i.TIM_CCxNChannelCmd  stm32f4xx_hal_tim_ex.o
    0x08004f74   0x08004f74   0x00000014   Code   RO         2195    i.TIM_ETR_SetConfig  stm32f4xx_hal_tim.o
    0x08004f88   0x08004f88   0x00000010   Code   RO         2196    i.TIM_ITRx_SetConfig  stm32f4xx_hal_tim.o
    0x08004f98   0x08004f98   0x00000060   Code   RO         2197    i.TIM_OC1_SetConfig  stm32f4xx_hal_tim.o
    0x08004ff8   0x08004ff8   0x0000006c   Code   RO         2198    i.TIM_OC2_SetConfig  stm32f4xx_hal_tim.o
    0x08005064   0x08005064   0x00000068   Code   RO         2199    i.TIM_OC3_SetConfig  stm32f4xx_hal_tim.o
    0x080050cc   0x080050cc   0x00000050   Code   RO         2200    i.TIM_OC4_SetConfig  stm32f4xx_hal_tim.o
    0x0800511c   0x0800511c   0x00000022   Code   RO         2202    i.TIM_TI1_ConfigInputStage  stm32f4xx_hal_tim.o
    0x0800513e   0x0800513e   0x00000024   Code   RO         2204    i.TIM_TI2_ConfigInputStage  stm32f4xx_hal_tim.o
    0x08005162   0x08005162   0x00000002   PAD
    0x08005164   0x08005164   0x000000d4   Code   RO         4504    i.T_Shaped_Acc_Dec  speed_drv.o
    0x08005238   0x08005238   0x0000004c   Code   RO         4053    i.Target_Set        global_control.o
    0x08005284   0x08005284   0x00000010   Code   RO         1518    i.UART_DMAAbortOnError  stm32f4xx_hal_uart.o
    0x08005294   0x08005294   0x0000004a   Code   RO         1519    i.UART_DMAError     stm32f4xx_hal_uart.o
    0x080052de   0x080052de   0x0000002e   Code   RO         1524    i.UART_DMATransmitCplt  stm32f4xx_hal_uart.o
    0x0800530c   0x0800530c   0x0000000a   Code   RO         1526    i.UART_DMATxHalfCplt  stm32f4xx_hal_uart.o
    0x08005316   0x08005316   0x00000030   Code   RO         1528    i.UART_EndRxTransfer  stm32f4xx_hal_uart.o
    0x08005346   0x08005346   0x00000012   Code   RO         1529    i.UART_EndTxTransfer  stm32f4xx_hal_uart.o
    0x08005358   0x08005358   0x000000ae   Code   RO         1530    i.UART_Receive_IT   stm32f4xx_hal_uart.o
    0x08005406   0x08005406   0x00000002   PAD
    0x08005408   0x08005408   0x0000010c   Code   RO         1531    i.UART_SetConfig    stm32f4xx_hal_uart.o
    0x08005514   0x08005514   0x00000036   Code   RO         1533    i.UART_Start_Receive_IT  stm32f4xx_hal_uart.o
    0x0800554a   0x0800554a   0x00000002   PAD
    0x0800554c   0x0800554c   0x00000044   Code   RO          533    i.USART3_IRQHandler  usart.o
    0x08005590   0x08005590   0x00000002   Code   RO          275    i.UsageFault_Handler  stm32f4xx_it.o
    0x08005592   0x08005592   0x00000002   PAD
    0x08005594   0x08005594   0x0000008c   Code   RO         4934    i.Usart_Task        usart_task.o
    0x08005620   0x08005620   0x00000020   Code   RO         6231    i.__0printf         mc_w.l(printfa.o)
    0x08005640   0x08005640   0x00000028   Code   RO         6233    i.__0sprintf        mc_w.l(printfa.o)
    0x08005668   0x08005668   0x00000020   Code   RO          816    i.__NVIC_SetPriority  stm32f4xx_hal_cortex.o
    0x08005688   0x08005688   0x0000000e   Code   RO         6308    i.__scatterload_copy  mc_w.l(handlers.o)
    0x08005696   0x08005696   0x00000002   Code   RO         6309    i.__scatterload_null  mc_w.l(handlers.o)
    0x08005698   0x08005698   0x0000000e   Code   RO         6310    i.__scatterload_zeroinit  mc_w.l(handlers.o)
    0x080056a6   0x080056a6   0x00000002   PAD
    0x080056a8   0x080056a8   0x00000184   Code   RO         6238    i._fp_digits        mc_w.l(printfa.o)
    0x0800582c   0x0800582c   0x000006dc   Code   RO         6239    i._printf_core      mc_w.l(printfa.o)
    0x08005f08   0x08005f08   0x00000024   Code   RO         6240    i._printf_post_padding  mc_w.l(printfa.o)
    0x08005f2c   0x08005f2c   0x0000002e   Code   RO         6241    i._printf_pre_padding  mc_w.l(printfa.o)
    0x08005f5a   0x08005f5a   0x0000000a   Code   RO         6243    i._sputc            mc_w.l(printfa.o)
    0x08005f64   0x08005f64   0x00000004   Code   RO         5793    i.at24cxx_init      24cxx.o
    0x08005f68   0x08005f68   0x00000020   Code   RO         5794    i.at24cxx_read      24cxx.o
    0x08005f88   0x08005f88   0x00000042   Code   RO         5795    i.at24cxx_read_one_byte  24cxx.o
    0x08005fca   0x08005fca   0x00000020   Code   RO         5796    i.at24cxx_write     24cxx.o
    0x08005fea   0x08005fea   0x0000003e   Code   RO         5797    i.at24cxx_write_one_byte  24cxx.o
    0x08006028   0x08006028   0x000000c0   Code   RO         3929    i.bldc_adc2_register_init  f407_bldc_platform.o
    0x080060e8   0x080060e8   0x0000007c   Code   RO         3930    i.bldc_adc3_register_init  f407_bldc_platform.o
    0x08006164   0x08006164   0x0000004c   Code   RO         3931    i.bldc_adc_bemf_amp_input_init  f407_bldc_platform.o
    0x080061b0   0x080061b0   0x0000008c   Code   RO         3932    i.bldc_gpio_clock_enable  f407_bldc_platform.o
    0x0800623c   0x0800623c   0x0000002c   Code   RO         3933    i.bldc_key_input_init  f407_bldc_platform.o
    0x08006268   0x08006268   0x00000074   Code   RO         3934    i.bldc_platform_init  f407_bldc_platform.o
    0x080062dc   0x080062dc   0x00000040   Code   RO         3935    i.bldc_pwm_gpio_init  f407_bldc_platform.o
    0x0800631c   0x0800631c   0x000000d0   Code   RO         3936    i.bldc_registers_init  f407_bldc_platform.o
    0x080063ec   0x080063ec   0x00000038   Code   RO         3937    i.bldc_spi2_register_init  f407_bldc_platform.o
    0x08006424   0x08006424   0x00000050   Code   RO         3938    i.bldc_tim2_task_register_init  f407_bldc_platform.o
    0x08006474   0x08006474   0x000000bc   Code   RO         3939    i.bldc_tim8_pwm_register_init  f407_bldc_platform.o
    0x08006530   0x08006530   0x00000054   Code   RO         3940    i.bldc_uart1_dma_register_init  f407_bldc_platform.o
    0x08006584   0x08006584   0x00000098   Code   RO         3941    i.bldc_uart1_register_init  f407_bldc_platform.o
    0x0800661c   0x0800661c   0x00000050   Code   RO         5657    i.ct_iic_ack        ctiic.o
    0x0800666c   0x0800666c   0x0000005c   Code   RO         5658    i.ct_iic_init       ctiic.o
    0x080066c8   0x080066c8   0x0000003c   Code   RO         5659    i.ct_iic_nack       ctiic.o
    0x08006704   0x08006704   0x00000060   Code   RO         5660    i.ct_iic_read_byte  ctiic.o
    0x08006764   0x08006764   0x00000060   Code   RO         5661    i.ct_iic_send_byte  ctiic.o
    0x080067c4   0x080067c4   0x00000048   Code   RO         5662    i.ct_iic_start      ctiic.o
    0x0800680c   0x0800680c   0x00000040   Code   RO         5663    i.ct_iic_stop       ctiic.o
    0x0800684c   0x0800684c   0x00000064   Code   RO         5664    i.ct_iic_wait_ack   ctiic.o
    0x080068b0   0x080068b0   0x0000000c   Code   RO          406    i.delay_init        delay.o
    0x080068bc   0x080068bc   0x0000000a   Code   RO          407    i.delay_ms          delay.o
    0x080068c6   0x080068c6   0x00000002   PAD
    0x080068c8   0x080068c8   0x00000034   Code   RO          408    i.delay_us          delay.o
    0x080068fc   0x080068fc   0x00000018   Code   RO          537    i.fputc             usart.o
    0x08006914   0x08006914   0x00000108   Code   RO         5544    i.ft5206_init       ft5206.o
    0x08006a1c   0x08006a1c   0x00000056   Code   RO         5545    i.ft5206_rd_reg     ft5206.o
    0x08006a72   0x08006a72   0x00000002   PAD
    0x08006a74   0x08006a74   0x00000148   Code   RO         5546    i.ft5206_scan       ft5206.o
    0x08006bbc   0x08006bbc   0x00000048   Code   RO         5547    i.ft5206_wr_reg     ft5206.o
    0x08006c04   0x08006c04   0x00000150   Code   RO         5611    i.gt9xxx_init       gt9xxx.o
    0x08006d54   0x08006d54   0x00000060   Code   RO         5612    i.gt9xxx_rd_reg     gt9xxx.o
    0x08006db4   0x08006db4   0x000001e4   Code   RO         5613    i.gt9xxx_scan       gt9xxx.o
    0x08006f98   0x08006f98   0x00000052   Code   RO         5614    i.gt9xxx_wr_reg     gt9xxx.o
    0x08006fea   0x08006fea   0x00000002   PAD
    0x08006fec   0x08006fec   0x0000012c   Code   RO         4644    i.hmi_draw_frame    lcd_mid.o
    0x08007118   0x08007118   0x0000004c   Code   RO         4763    i.hmi_poll_touch    lcd_task.o
    0x08007164   0x08007164   0x0000004c   Code   RO         5723    i.iic_ack           myiic.o
    0x080071b0   0x080071b0   0x00000060   Code   RO         5724    i.iic_init          myiic.o
    0x08007210   0x08007210   0x0000003c   Code   RO         5725    i.iic_nack          myiic.o
    0x0800724c   0x0800724c   0x0000005c   Code   RO         5726    i.iic_read_byte     myiic.o
    0x080072a8   0x080072a8   0x00000058   Code   RO         5727    i.iic_send_byte     myiic.o
    0x08007300   0x08007300   0x00000048   Code   RO         5728    i.iic_start         myiic.o
    0x08007348   0x08007348   0x0000003c   Code   RO         5729    i.iic_stop          myiic.o
    0x08007384   0x08007384   0x00000060   Code   RO         5730    i.iic_wait_ack      myiic.o
    0x080073e4   0x080073e4   0x00000030   Code   RO         5022    i.lcd_clear         lcd.o
    0x08007414   0x08007414   0x000000ec   Code   RO         5024    i.lcd_display_dir   lcd.o
    0x08007500   0x08007500   0x000000c4   Code   RO         5027    i.lcd_draw_circle   lcd.o
    0x080075c4   0x080075c4   0x0000009c   Code   RO         5029    i.lcd_draw_line     lcd.o
    0x08007660   0x08007660   0x00000018   Code   RO         5030    i.lcd_draw_point    lcd.o
    0x08007678   0x08007678   0x00000044   Code   RO         5031    i.lcd_draw_rectangle  lcd.o
    0x080076bc   0x080076bc   0x0000022e   Code   RO         5032    i.lcd_ex_ili9341_reginit  lcd.o
    0x080078ea   0x080078ea   0x00000342   Code   RO         5033    i.lcd_ex_ili9806_reginit  lcd.o
    0x08007c2c   0x08007c2c   0x00000ef4   Code   RO         5034    i.lcd_ex_nt35310_reginit  lcd.o
    0x08008b20   0x08008b20   0x00000efa   Code   RO         5035    i.lcd_ex_nt35510_reginit  lcd.o
    0x08009a1a   0x08009a1a   0x00000170   Code   RO         5036    i.lcd_ex_ssd1963_reginit  lcd.o
    0x08009b8a   0x08009b8a   0x000001aa   Code   RO         5037    i.lcd_ex_st7789_reginit  lcd.o
    0x08009d34   0x08009d34   0x000001c8   Code   RO         5038    i.lcd_ex_st7796_reginit  lcd.o
    0x08009efc   0x08009efc   0x00000048   Code   RO         5039    i.lcd_fill          lcd.o
    0x08009f44   0x08009f44   0x00000380   Code   RO         5041    i.lcd_init          lcd.o
    0x0800a2c4   0x0800a2c4   0x00000010   Code   RO         5042    i.lcd_pow           lcd.o
    0x0800a2d4   0x0800a2d4   0x0000001c   Code   RO         5043    i.lcd_rd_data       lcd.o
    0x0800a2f0   0x0800a2f0   0x00000184   Code   RO         5045    i.lcd_scan_dir      lcd.o
    0x0800a474   0x0800a474   0x000000f4   Code   RO         5046    i.lcd_set_cursor    lcd.o
    0x0800a568   0x0800a568   0x000000dc   Code   RO         5048    i.lcd_show_char     lcd.o
    0x0800a644   0x0800a644   0x00000072   Code   RO         5049    i.lcd_show_num      lcd.o
    0x0800a6b6   0x0800a6b6   0x00000056   Code   RO         5050    i.lcd_show_string   lcd.o
    0x0800a70c   0x0800a70c   0x00000050   Code   RO         5052    i.lcd_ssd_backlight_set  lcd.o
    0x0800a75c   0x0800a75c   0x00000018   Code   RO         5053    i.lcd_wr_data       lcd.o
    0x0800a774   0x0800a774   0x00000018   Code   RO         5054    i.lcd_wr_regno      lcd.o
    0x0800a78c   0x0800a78c   0x00000014   Code   RO         5055    i.lcd_write_ram_prepare  lcd.o
    0x0800a7a0   0x0800a7a0   0x00000010   Code   RO         5056    i.lcd_write_reg     lcd.o
    0x0800a7b0   0x0800a7b0   0x00000026   Code   RO           14    i.main              main.o
    0x0800a7d6   0x0800a7d6   0x00000002   PAD
    0x0800a7d8   0x0800a7d8   0x00000094   Code   RO          461    i.sys_stm32_clock_init  sys.o
    0x0800a86c   0x0800a86c   0x0000035c   Code   RO         5430    i.tp_adjust         touch.o
    0x0800abc8   0x0800abc8   0x0000012c   Code   RO         5431    i.tp_adjust_info_show  touch.o
    0x0800acf4   0x0800acf4   0x0000007e   Code   RO         5433    i.tp_draw_touch_point  touch.o
    0x0800ad72   0x0800ad72   0x00000002   PAD
    0x0800ad74   0x0800ad74   0x00000024   Code   RO         5434    i.tp_get_adjust_data  touch.o
    0x0800ad98   0x0800ad98   0x0000019c   Code   RO         5435    i.tp_init           touch.o
    0x0800af34   0x0800af34   0x00000100   Code   RO         5436    i.tp_read_ad        touch.o
    0x0800b034   0x0800b034   0x00000064   Code   RO         5437    i.tp_read_xoy       touch.o
    0x0800b098   0x0800b098   0x00000034   Code   RO         5438    i.tp_read_xy        touch.o
    0x0800b0cc   0x0800b0cc   0x00000072   Code   RO         5439    i.tp_read_xy2       touch.o
    0x0800b13e   0x0800b13e   0x00000002   PAD
    0x0800b140   0x0800b140   0x0000001c   Code   RO         5440    i.tp_save_adjust_data  touch.o
    0x0800b15c   0x0800b15c   0x000000d4   Code   RO         5441    i.tp_scan           touch.o
    0x0800b230   0x0800b230   0x00000010   Data   RO          369    .constdata          system_stm32f4xx.o
    0x0800b240   0x0800b240   0x00000008   Data   RO          370    .constdata          system_stm32f4xx.o
    0x0800b248   0x0800b248   0x00000008   Data   RO          948    .constdata          stm32f4xx_hal_dma.o
    0x0800b250   0x0800b250   0x00001000   Data   RO         4535    .constdata          math_drv.o
    0x0800c250   0x0800c250   0x00002f80   Data   RO         5058    .constdata          lcd.o
    0x0800f1d0   0x0800f1d0   0x00000004   Data   RO         5442    .constdata          touch.o
    0x0800f1d4   0x0800f1d4   0x0000000a   Data   RO         5548    .constdata          ft5206.o
    0x0800f1de   0x0800f1de   0x00000014   Data   RO         5615    .constdata          gt9xxx.o
    0x0800f1f2   0x0800f1f2   0x00000002   PAD
    0x0800f1f4   0x0800f1f4   0x00000079   Data   RO         5443    .conststring        touch.o
    0x0800f26d   0x0800f26d   0x00000003   PAD
    0x0800f270   0x0800f270   0x00000020   Data   RO         6306    Region$$Table       anon$$obj.o


    Execution Region RW_IRAM1 (Exec base: 0x20000000, Load base: 0x0800f290, Size: 0x00000ca8, Max: 0x00020000, ABSOLUTE)

    Exec Addr    Load Addr    Size         Type   Attr      Idx    E Section Name        Object

    0x20000000   0x0800f290   0x00000004   Data   RW          371    .data               system_stm32f4xx.o
    0x20000004   0x0800f294   0x00000004   Data   RW          409    .data               delay.o
    0x20000008   0x0800f298   0x00000004   Data   RW          540    .data               usart.o
    0x2000000c   0x0800f29c   0x00000004   Data   RW          541    .data               usart.o
    0x20000010   0x0800f2a0   0x0000000c   Data   RW          639    .data               stm32f4xx_hal.o
    0x2000001c   0x0800f2ac   0x00000001   Data   RW         4378    .data               motor_publicdata.o
    0x2000001d   0x0800f2ad   0x00000001   Data   RW         4645    .data               lcd_mid.o
    0x2000001e   0x0800f2ae   0x00000006   Data   RW         4764    .data               lcd_task.o
    0x20000024   0x0800f2b4   0x00000001   Data   RW         4805    .data               key_drv.o
    0x20000025   0x0800f2b5   0x00000001   PAD
    0x20000026   0x0800f2b6   0x00000004   Data   RW         4856    .data               key_task.o
    0x2000002a   0x0800f2ba   0x00000004   Data   RW         4886    .data               led_task.o
    0x2000002e   0x0800f2be   0x00000004   Data   RW         4936    .data               usart_task.o
    0x20000032   0x0800f2c2   0x00000002   PAD
    0x20000034   0x0800f2c4   0x00000004   Data   RW         5060    .data               lcd.o
    0x20000038   0x0800f2c8   0x00000048   Data   RW         5444    .data               touch.o
    0x20000080   0x0800f310   0x00000001   Data   RW         5549    .data               ft5206.o
    0x20000081   0x0800f311   0x00000002   Data   RW         5616    .data               gt9xxx.o
    0x20000083   0x0800f313   0x00000001   PAD
    0x20000084        -       0x0000010c   Zero   RW          539    .bss                usart.o
    0x20000190        -       0x000002c4   Zero   RW         3942    .bss                f407_bldc_platform.o
    0x20000454        -       0x000003d4   Zero   RW         4377    .bss                motor_publicdata.o
    0x20000828        -       0x0000000c   Zero   RW         4804    .bss                key_drv.o
    0x20000834        -       0x00000010   Zero   RW         4935    .bss                usart_task.o
    0x20000844        -       0x0000005e   Zero   RW         5057    .bss                lcd.o
    0x200008a2   0x0800f313   0x00000006   PAD
    0x200008a8        -       0x00000400   Zero   RW            1    STACK               startup_stm32f407xx.o


==============================================================================

Image component sizes


      Code (inc. data)   RO Data    RW Data    ZI Data      Debug   Object Name

       196          0          0          0          0       3571   24cxx.o
       660         38          0          0          0       5966   ctiic.o
        80         10          0          4          0       2779   delay.o
        76          6          0          0          0       1013   eangle_drv.o
      2116        214          0          0        708      13704   f407_bldc_platform.o
       632         42          0          0          0       3631   foc_drv.o
       750         42         10          1          0       4217   ft5206.o
       396         86          0          0          0       4890   global_control.o
       998         72         20          2          0       4407   gt9xxx.o
       168         18          0          1         12       3229   key_drv.o
        44          6          0          4          0       1234   key_task.o
     13376        162      12160          4         94     622903   lcd.o
       768        174          0          1          0       4639   lcd_mid.o
       172         16          0          6          0       2259   lcd_task.o
        64         10          0          4          0       2058   led_task.o
        38          0          0          0          0     730975   main.o
       252         12       4096          0          0       2282   math_drv.o
       592         40          0          0          0       1145   motor_identify.o
       588         98          0          1        980       4603   motor_publicdata.o
      3756        218          0          0          0      14236   motor_sensorless.o
       192         18          0          0          0       7099   motor_system.o
       640         42          0          0          0       5766   myiic.o
       788         18          0          0          0       2596   observer_drv.o
       134          0          0          0          0        998   pid_drv.o
       206          0          0          0          0       2217   sample_drv.o
       212          4          0          0          0       1087   speed_drv.o
        52         14        392          0       1024        968   startup_stm32f407xx.o
       150         28          0         12          0       9902   stm32f4xx_hal.o
      1518         66          0          0          0       9069   stm32f4xx_hal_adc.o
       672         32          0          0          0       2467   stm32f4xx_hal_adc_ex.o
       198         14          0          0          0      34019   stm32f4xx_hal_cortex.o
      1080         16          8          0          0       7446   stm32f4xx_hal_dma.o
       528         44          0          0          0       3548   stm32f4xx_hal_gpio.o
      1348         76          0          0          0       5304   stm32f4xx_hal_rcc.o
       202          0          0          0          0       1247   stm32f4xx_hal_spi.o
        86          0          0          0          0       1240   stm32f4xx_hal_sram.o
      2128        166          0          0          0      17739   stm32f4xx_hal_tim.o
       450         56          0          0          0       4816   stm32f4xx_hal_tim_ex.o
      1522         30          0          0          0      13450   stm32f4xx_hal_uart.o
        80         30          0          0          0       6692   stm32f4xx_it.o
       216         12          0          0          0       2747   stm32f4xx_ll_fsmc.o
       148         12          0          0          0       1283   sys.o
        16          4         24          4          0       1371   system_stm32f4xx.o
      2496        188        125         72          0      11788   touch.o
       324         44          0          8        268       4660   usart.o
       140         20          0          4         16       2563   usart_task.o

    ----------------------------------------------------------------------
     41296       2198      16872        132       3108    1595823   Object Totals
         0          0         32          0          0          0   (incl. Generated)
        48          0          5          4          6          0   (incl. Padding)

    ----------------------------------------------------------------------

      Code (inc. data)   RO Data    RW Data    ZI Data      Debug   Library Member Name

         0          0          0          0          0          0   entry.o
         0          0          0          0          0          0   entry10a.o
         0          0          0          0          0          0   entry11a.o
         8          4          0          0          0          0   entry2.o
         4          0          0          0          0          0   entry5.o
         0          0          0          0          0          0   entry7b.o
         0          0          0          0          0          0   entry8b.o
         8          4          0          0          0          0   entry9a.o
        30          0          0          0          0          0   handlers.o
        36          8          0          0          0         68   init.o
         0          0          0          0          0          0   iusefp.o
        30          0          0          0          0         68   llshl.o
        36          0          0          0          0         68   llsshr.o
        32          0          0          0          0         68   llushr.o
        36          0          0          0          0        108   memseta.o
      2308         96          0          0          0        604   printfa.o
        28          0          0          0          0         76   strcmp.o
        44          0          0          0          0         80   uidiv.o
        98          0          0          0          0         92   uldiv.o
        48          0          0          0          0         68   cdcmple.o
        48          0          0          0          0         68   cdrcmple.o
       334          0          0          0          0        148   dadd.o
       222          0          0          0          0        100   ddiv.o
       186          0          0          0          0        176   depilogue.o
        50          0          0          0          0         76   dfixui.o
        48          0          0          0          0         68   dfixul.o
        34          0          0          0          0         76   dflti.o
        26          0          0          0          0         76   dfltui.o
       228          0          0          0          0         96   dmul.o

    ----------------------------------------------------------------------
      3928        112          0          0          0       2184   Library Totals
         6          0          0          0          0          0   (incl. Padding)

    ----------------------------------------------------------------------

      Code (inc. data)   RO Data    RW Data    ZI Data      Debug   Library Name

      2698        112          0          0          0       1232   mc_w.l
      1224          0          0          0          0        952   mf_w.l

    ----------------------------------------------------------------------
      3928        112          0          0          0       2184   Library Totals

    ----------------------------------------------------------------------

==============================================================================


      Code (inc. data)   RO Data    RW Data    ZI Data      Debug   

     45224       2310      16872        132       3108    1574015   Grand Totals
     45224       2310      16872        132       3108    1574015   ELF Image Totals
     45224       2310      16872        132          0          0   ROM Totals

==============================================================================

    Total RO  Size (Code + RO Data)                62096 (  60.64kB)
    Total RW  Size (RW Data + ZI Data)              3240 (   3.16kB)
    Total ROM Size (Code + RO Data + RW Data)      62228 (  60.77kB)

==============================================================================

