Component: ARM Compiler 5.06 update 6 (build 750) Tool: armlink [4d35ed]

==============================================================================

Section Cross References

    startup_stm32f407xx.o(STACK) refers (Special) to heapauxi.o(.text) for __use_two_region_memory
    startup_stm32f407xx.o(HEAP) refers (Special) to heapauxi.o(.text) for __use_two_region_memory
    startup_stm32f407xx.o(RESET) refers (Special) to heapauxi.o(.text) for __use_two_region_memory
    startup_stm32f407xx.o(RESET) refers to startup_stm32f407xx.o(STACK) for __initial_sp
    startup_stm32f407xx.o(RESET) refers to startup_stm32f407xx.o(.text) for Reset_Handler
    startup_stm32f407xx.o(RESET) refers to stm32f4xx_it.o(i.NMI_Handler) for NMI_Handler
    startup_stm32f407xx.o(RESET) refers to stm32f4xx_it.o(i.HardFault_Handler) for HardFault_Handler
    startup_stm32f407xx.o(RESET) refers to stm32f4xx_it.o(i.MemManage_Handler) for MemManage_Handler
    startup_stm32f407xx.o(RESET) refers to stm32f4xx_it.o(i.BusFault_Handler) for BusFault_Handler
    startup_stm32f407xx.o(RESET) refers to stm32f4xx_it.o(i.UsageFault_Handler) for UsageFault_Handler
    startup_stm32f407xx.o(RESET) refers to stm32f4xx_it.o(i.SVC_Handler) for SVC_Handler
    startup_stm32f407xx.o(RESET) refers to stm32f4xx_it.o(i.DebugMon_Handler) for DebugMon_Handler
    startup_stm32f407xx.o(RESET) refers to stm32f4xx_it.o(i.PendSV_Handler) for PendSV_Handler
    startup_stm32f407xx.o(RESET) refers to stm32f4xx_it.o(i.SysTick_Handler) for SysTick_Handler
    startup_stm32f407xx.o(RESET) refers to usart.o(i.USART1_IRQHandler) for USART1_IRQHandler
    startup_stm32f407xx.o(RESET) refers to bldc_tim.o(i.TIM8_UP_TIM13_IRQHandler) for TIM8_UP_TIM13_IRQHandler
    startup_stm32f407xx.o(RESET) refers to btim.o(i.TIM6_DAC_IRQHandler) for TIM6_DAC_IRQHandler
    startup_stm32f407xx.o(.text) refers (Special) to heapauxi.o(.text) for __use_two_region_memory
    startup_stm32f407xx.o(.text) refers to system_stm32f4xx.o(i.SystemInit) for SystemInit
    startup_stm32f407xx.o(.text) refers to __main.o(!!!main) for __main
    startup_stm32f407xx.o(.text) refers to startup_stm32f407xx.o(HEAP) for Heap_Mem
    startup_stm32f407xx.o(.text) refers to startup_stm32f407xx.o(STACK) for Stack_Mem
    main.o(i.bldc_apply_pwm_from_temp) refers to main.o(.data) for .data
    main.o(i.bldc_apply_pwm_from_temp) refers to bldc.o(.data) for g_bldc_motor1
    main.o(i.bldc_lcd_refresh) refers to _printf_percent.o(.ARM.Collect$$_printf_percent$$00000000) for _printf_percent
    main.o(i.bldc_lcd_refresh) refers to _printf_s.o(.ARM.Collect$$_printf_percent$$00000014) for _printf_s
    main.o(i.bldc_lcd_refresh) refers to _printf_str.o(.text) for _printf_str
    main.o(i.bldc_lcd_refresh) refers to _printf_u.o(.ARM.Collect$$_printf_percent$$0000000A) for _printf_u
    main.o(i.bldc_lcd_refresh) refers to _printf_dec.o(.text) for _printf_int_dec
    main.o(i.bldc_lcd_refresh) refers to _printf_f.o(.ARM.Collect$$_printf_percent$$00000003) for _printf_f
    main.o(i.bldc_lcd_refresh) refers to printf1.o(x$fpl$printf1) for _printf_fp_dec
    main.o(i.bldc_lcd_refresh) refers to main.o(i.ui_row_clear_value) for ui_row_clear_value
    main.o(i.bldc_lcd_refresh) refers to noretval__2sprintf.o(.text) for __2sprintf
    main.o(i.bldc_lcd_refresh) refers to lcd.o(i.lcd_show_string) for lcd_show_string
    main.o(i.bldc_lcd_refresh) refers to bldc.o(i.hallsensor_get_state) for hallsensor_get_state
    main.o(i.bldc_lcd_refresh) refers to lcd.o(i.lcd_fill) for lcd_fill
    main.o(i.bldc_lcd_refresh) refers to f2d.o(x$fpl$f2d) for __aeabi_f2d
    main.o(i.bldc_lcd_refresh) refers to main.o(i.ui_ascii_str_width) for ui_ascii_str_width
    main.o(i.bldc_lcd_refresh) refers to main.o(i.ui_pwm_row_refresh) for ui_pwm_row_refresh
    main.o(i.bldc_lcd_refresh) refers to drv8301_ui.o(i.drv8301_ui_draw_panel) for drv8301_ui_draw_panel
    main.o(i.bldc_lcd_refresh) refers to lcd.o(.bss) for lcddev
    main.o(i.bldc_lcd_refresh) refers to bldc.o(.data) for g_bldc_motor1
    main.o(i.bldc_lcd_refresh) refers to drv8301.o(.bss) for drv8301
    main.o(i.bldc_speed_delta) refers to bldc.o(.data) for g_bldc_motor1
    main.o(i.bldc_speed_delta) refers to main.o(.data) for .data
    main.o(i.main) refers to stm32f4xx_hal.o(i.HAL_Init) for HAL_Init
    main.o(i.main) refers to sys.o(i.sys_stm32_clock_init) for sys_stm32_clock_init
    main.o(i.main) refers to delay.o(i.delay_init) for delay_init
    main.o(i.main) refers to usart.o(i.usart_init) for usart_init
    main.o(i.main) refers to led.o(i.led_init) for led_init
    main.o(i.main) refers to lcd.o(i.lcd_init) for lcd_init
    main.o(i.main) refers to touch.o(i.tp_init) for tp_init
    main.o(i.main) refers to key.o(i.key_init) for key_init
    main.o(i.main) refers to btim.o(i.btim_timx_int_init) for btim_timx_int_init
    main.o(i.main) refers to bldc.o(i.bldc_init) for bldc_init
    main.o(i.main) refers to bldc.o(i.bldc_ctrl) for bldc_ctrl
[...]
    __rt_lib_init_return                     0x08000235   Thumb Code     0  libinit2.o(.ARM.Collect$$libinit$$00000033)
    __rt_lib_init_signal_1                   0x08000235   Thumb Code     0  libinit2.o(.ARM.Collect$$libinit$$0000001D)
    __rt_lib_init_stdio_1                    0x08000235   Thumb Code     0  libinit2.o(.ARM.Collect$$libinit$$00000025)
    __rt_lib_shutdown                        0x08000237   Thumb Code     0  libshutdown.o(.ARM.Collect$$libshutdown$$00000000)
    __rt_lib_shutdown_cpp_1                  0x08000239   Thumb Code     0  libshutdown2.o(.ARM.Collect$$libshutdown$$00000002)
    __rt_lib_shutdown_fp_trap_1              0x08000239   Thumb Code     0  libshutdown2.o(.ARM.Collect$$libshutdown$$00000007)
    __rt_lib_shutdown_heap_1                 0x08000239   Thumb Code     0  libshutdown2.o(.ARM.Collect$$libshutdown$$0000000F)
    __rt_lib_shutdown_return                 0x08000239   Thumb Code     0  libshutdown2.o(.ARM.Collect$$libshutdown$$00000010)
    __rt_lib_shutdown_signal_1               0x08000239   Thumb Code     0  libshutdown2.o(.ARM.Collect$$libshutdown$$0000000A)
    __rt_lib_shutdown_stdio_1                0x08000239   Thumb Code     0  libshutdown2.o(.ARM.Collect$$libshutdown$$00000004)
    __rt_lib_shutdown_user_alloc_1           0x08000239   Thumb Code     0  libshutdown2.o(.ARM.Collect$$libshutdown$$0000000C)
    __rt_entry                               0x0800023b   Thumb Code     0  __rtentry.o(.ARM.Collect$$rtentry$$00000000)
    __rt_entry_presh_1                       0x0800023b   Thumb Code     0  __rtentry2.o(.ARM.Collect$$rtentry$$00000002)
    __rt_entry_sh                            0x0800023b   Thumb Code     0  __rtentry4.o(.ARM.Collect$$rtentry$$00000004)
    __rt_entry_li                            0x08000241   Thumb Code     0  __rtentry2.o(.ARM.Collect$$rtentry$$0000000A)
    __rt_entry_postsh_1                      0x08000241   Thumb Code     0  __rtentry2.o(.ARM.Collect$$rtentry$$00000009)
    __rt_entry_main                          0x08000245   Thumb Code     0  __rtentry2.o(.ARM.Collect$$rtentry$$0000000D)
    __rt_entry_postli_1                      0x08000245   Thumb Code     0  __rtentry2.o(.ARM.Collect$$rtentry$$0000000C)
    __rt_exit                                0x0800024d   Thumb Code     0  rtexit.o(.ARM.Collect$$rtexit$$00000000)
    __rt_exit_ls                             0x0800024f   Thumb Code     0  rtexit2.o(.ARM.Collect$$rtexit$$00000003)
    __rt_exit_prels_1                        0x0800024f   Thumb Code     0  rtexit2.o(.ARM.Collect$$rtexit$$00000002)
    __rt_exit_exit                           0x08000253   Thumb Code     0  rtexit2.o(.ARM.Collect$$rtexit$$00000004)
    Reset_Handler                            0x08000259   Thumb Code    18  startup_stm32f407xx.o(.text)
    ADC_IRQHandler                           0x0800027d   Thumb Code     0  startup_stm32f407xx.o(.text)
    CAN1_RX0_IRQHandler                      0x0800027d   Thumb Code     0  startup_stm32f407xx.o(.text)
    CAN1_RX1_IRQHandler                      0x0800027d   Thumb Code     0  startup_stm32f407xx.o(.text)
    CAN1_SCE_IRQHandler                      0x0800027d   Thumb Code     0  startup_stm32f407xx.o(.text)
    CAN1_TX_IRQHandler                       0x0800027d   Thumb Code     0  startup_stm32f407xx.o(.text)
    CAN2_RX0_IRQHandler                      0x0800027d   Thumb Code     0  startup_stm32f407xx.o(.text)
    CAN2_RX1_IRQHandler                      0x0800027d   Thumb Code     0  startup_stm32f407xx.o(.text)
    CAN2_SCE_IRQHandler                      0x0800027d   Thumb Code     0  startup_stm32f407xx.o(.text)
    CAN2_TX_IRQHandler                       0x0800027d   Thumb Code     0  startup_stm32f407xx.o(.text)
    DCMI_IRQHandler                          0x0800027d   Thumb Code     0  startup_stm32f407xx.o(.text)
    DMA1_Stream0_IRQHandler                  0x0800027d   Thumb Code     0  startup_stm32f407xx.o(.text)
    DMA1_Stream1_IRQHandler                  0x0800027d   Thumb Code     0  startup_stm32f407xx.o(.text)
    DMA1_Stream2_IRQHandler                  0x0800027d   Thumb Code     0  startup_stm32f407xx.o(.text)
    DMA1_Stream3_IRQHandler                  0x0800027d   Thumb Code     0  startup_stm32f407xx.o(.text)
    DMA1_Stream4_IRQHandler                  0x0800027d   Thumb Code     0  startup_stm32f407xx.o(.text)
    DMA1_Stream5_IRQHandler                  0x0800027d   Thumb Code     0  startup_stm32f407xx.o(.text)
    DMA1_Stream6_IRQHandler                  0x0800027d   Thumb Code     0  startup_stm32f407xx.o(.text)
    DMA1_Stream7_IRQHandler                  0x0800027d   Thumb Code     0  startup_stm32f407xx.o(.text)
    DMA2_Stream0_IRQHandler                  0x0800027d   Thumb Code     0  startup_stm32f407xx.o(.text)
    DMA2_Stream1_IRQHandler                  0x0800027d   Thumb Code     0  startup_stm32f407xx.o(.text)
    DMA2_Stream2_IRQHandler                  0x0800027d   Thumb Code     0  startup_stm32f407xx.o(.text)
    DMA2_Stream3_IRQHandler                  0x0800027d   Thumb Code     0  startup_stm32f407xx.o(.text)
    DMA2_Stream4_IRQHandler                  0x0800027d   Thumb Code     0  startup_stm32f407xx.o(.text)
    DMA2_Stream5_IRQHandler                  0x0800027d   Thumb Code     0  startup_stm32f407xx.o(.text)
    DMA2_Stream6_IRQHandler                  0x0800027d   Thumb Code     0  startup_stm32f407xx.o(.text)
    DMA2_Stream7_IRQHandler                  0x0800027d   Thumb Code     0  startup_stm32f407xx.o(.text)
    ETH_IRQHandler                           0x0800027d   Thumb Code     0  startup_stm32f407xx.o(.text)
    ETH_WKUP_IRQHandler                      0x0800027d   Thumb Code     0  startup_stm32f407xx.o(.text)
    EXTI0_IRQHandler                         0x0800027d   Thumb Code     0  startup_stm32f407xx.o(.text)
    EXTI15_10_IRQHandler                     0x0800027d   Thumb Code     0  startup_stm32f407xx.o(.text)
    EXTI1_IRQHandler                         0x0800027d   Thumb Code     0  startup_stm32f407xx.o(.text)
    EXTI2_IRQHandler                         0x0800027d   Thumb Code     0  startup_stm32f407xx.o(.text)
    EXTI3_IRQHandler                         0x0800027d   Thumb Code     0  startup_stm32f407xx.o(.text)
    EXTI4_IRQHandler                         0x0800027d   Thumb Code     0  startup_stm32f407xx.o(.text)
    EXTI9_5_IRQHandler                       0x0800027d   Thumb Code     0  startup_stm32f407xx.o(.text)
    FLASH_IRQHandler                         0x0800027d   Thumb Code     0  startup_stm32f407xx.o(.text)
    FMC_IRQHandler                           0x0800027d   Thumb Code     0  startup_stm32f407xx.o(.text)
    FPU_IRQHandler                           0x0800027d   Thumb Code     0  startup_stm32f407xx.o(.text)
    HASH_RNG_IRQHandler                      0x0800027d   Thumb Code     0  startup_stm32f407xx.o(.text)
    I2C1_ER_IRQHandler                       0x0800027d   Thumb Code     0  startup_stm32f407xx.o(.text)
    I2C1_EV_IRQHandler                       0x0800027d   Thumb Code     0  startup_stm32f407xx.o(.text)
    I2C2_ER_IRQHandler                       0x0800027d   Thumb Code     0  startup_stm32f407xx.o(.text)
    I2C2_EV_IRQHandler                       0x0800027d   Thumb Code     0  startup_stm32f407xx.o(.text)
    I2C3_ER_IRQHandler                       0x0800027d   Thumb Code     0  startup_stm32f407xx.o(.text)
    I2C3_EV_IRQHandler                       0x0800027d   Thumb Code     0  startup_stm32f407xx.o(.text)
    OTG_FS_IRQHandler                        0x0800027d   Thumb Code     0  startup_stm32f407xx.o(.text)
    OTG_FS_WKUP_IRQHandler                   0x0800027d   Thumb Code     0  startup_stm32f407xx.o(.text)
    OTG_HS_EP1_IN_IRQHandler                 0x0800027d   Thumb Code     0  startup_stm32f407xx.o(.text)
    OTG_HS_EP1_OUT_IRQHandler                0x0800027d   Thumb Code     0  startup_stm32f407xx.o(.text)
    OTG_HS_IRQHandler                        0x0800027d   Thumb Code     0  startup_stm32f407xx.o(.text)
    OTG_HS_WKUP_IRQHandler                   0x0800027d   Thumb Code     0  startup_stm32f407xx.o(.text)
    PVD_IRQHandler                           0x0800027d   Thumb Code     0  startup_stm32f407xx.o(.text)
    RCC_IRQHandler                           0x0800027d   Thumb Code     0  startup_stm32f407xx.o(.text)
    RTC_Alarm_IRQHandler                     0x0800027d   Thumb Code     0  startup_stm32f407xx.o(.text)
    RTC_WKUP_IRQHandler                      0x0800027d   Thumb Code     0  startup_stm32f407xx.o(.text)
    SDIO_IRQHandler                          0x0800027d   Thumb Code     0  startup_stm32f407xx.o(.text)
    SPI1_IRQHandler                          0x0800027d   Thumb Code     0  startup_stm32f407xx.o(.text)
    SPI2_IRQHandler                          0x0800027d   Thumb Code     0  startup_stm32f407xx.o(.text)
    SPI3_IRQHandler                          0x0800027d   Thumb Code     0  startup_stm32f407xx.o(.text)
    TAMP_STAMP_IRQHandler                    0x0800027d   Thumb Code     0  startup_stm32f407xx.o(.text)
    TIM1_BRK_TIM9_IRQHandler                 0x0800027d   Thumb Code     0  startup_stm32f407xx.o(.text)
    TIM1_CC_IRQHandler                       0x0800027d   Thumb Code     0  startup_stm32f407xx.o(.text)
    TIM1_TRG_COM_TIM11_IRQHandler            0x0800027d   Thumb Code     0  startup_stm32f407xx.o(.text)
    TIM1_UP_TIM10_IRQHandler                 0x0800027d   Thumb Code     0  startup_stm32f407xx.o(.text)
    TIM2_IRQHandler                          0x0800027d   Thumb Code     0  startup_stm32f407xx.o(.text)
    TIM3_IRQHandler                          0x0800027d   Thumb Code     0  startup_stm32f407xx.o(.text)
    TIM4_IRQHandler                          0x0800027d   Thumb Code     0  startup_stm32f407xx.o(.text)
    TIM5_IRQHandler                          0x0800027d   Thumb Code     0  startup_stm32f407xx.o(.text)
    TIM7_IRQHandler                          0x0800027d   Thumb Code     0  startup_stm32f407xx.o(.text)
    TIM8_BRK_TIM12_IRQHandler                0x0800027d   Thumb Code     0  startup_stm32f407xx.o(.text)
    TIM8_CC_IRQHandler                       0x0800027d   Thumb Code     0  startup_stm32f407xx.o(.text)
    TIM8_TRG_COM_TIM14_IRQHandler            0x0800027d   Thumb Code     0  startup_stm32f407xx.o(.text)
    UART4_IRQHandler                         0x0800027d   Thumb Code     0  startup_stm32f407xx.o(.text)
    UART5_IRQHandler                         0x0800027d   Thumb Code     0  startup_stm32f407xx.o(.text)
    USART2_IRQHandler                        0x0800027d   Thumb Code     0  startup_stm32f407xx.o(.text)
    USART3_IRQHandler                        0x0800027d   Thumb Code     0  startup_stm32f407xx.o(.text)
    USART6_IRQHandler                        0x0800027d   Thumb Code     0  startup_stm32f407xx.o(.text)
    WWDG_IRQHandler                          0x0800027d   Thumb Code     0  startup_stm32f407xx.o(.text)
    __user_initial_stackheap                 0x08000281   Thumb Code     0  startup_stm32f407xx.o(.text)
    __use_no_semihosting                     0x080002a5   Thumb Code     2  use_no_semi_2.o(.text)
    __aeabi_uldivmod                         0x080002a7   Thumb Code     0  lludivv7m.o(.text)
    _ll_udiv                                 0x080002a7   Thumb Code   238  lludivv7m.o(.text)
    __2printf                                0x08000395   Thumb Code    20  noretval__2printf.o(.text)
    __2sprintf                               0x080003ad   Thumb Code    34  noretval__2sprintf.o(.text)
    _printf_pre_padding                      0x080003d5   Thumb Code    44  _printf_pad.o(.text)
    _printf_post_padding                     0x08000401   Thumb Code    34  _printf_pad.o(.text)
    _printf_str                              0x08000423   Thumb Code    82  _printf_str.o(.text)
    _printf_int_dec                          0x08000475   Thumb Code   104  _printf_dec.o(.text)
    _printf_int_hex                          0x080004ed   Thumb Code    84  _printf_hex_int.o(.text)
    _printf_longlong_hex                     0x080004ed   Thumb Code     0  _printf_hex_int.o(.text)
    __printf                                 0x08000545   Thumb Code   388  __printf_flags_ss_wp.o(.text)
    strcpy                                   0x080006cd   Thumb Code    72  strcpy.o(.text)
    strlen                                   0x08000715   Thumb Code    62  strlen.o(.text)
    __aeabi_memclr                           0x08000753   Thumb Code     0  rt_memclr.o(.text)
    __rt_memclr                              0x08000753   Thumb Code    68  rt_memclr.o(.text)
    _memset                                  0x08000757   Thumb Code     0  rt_memclr.o(.text)
    strncpy                                  0x08000797   Thumb Code    86  strncpy.o(.text)
    strcmp                                   0x080007ed   Thumb Code   128  strcmpv7m.o(.text)
    __use_two_region_memory                  0x0800086d   Thumb Code     2  heapauxi.o(.text)
    __rt_heap_escrow$2region                 0x0800086f   Thumb Code     2  heapauxi.o(.text)
    __rt_heap_expand$2region                 0x08000871   Thumb Code     2  heapauxi.o(.text)
    __semihosting$guard                      0x08000873   Thumb Code     0  use_no_semi.o(.text)
    __use_no_semihosting_swi                 0x08000873   Thumb Code     2  use_no_semi.o(.text)
    _printf_int_common                       0x08000875   Thumb Code   178  _printf_intcommon.o(.text)
    __lib_sel_fp_printf                      0x08000927   Thumb Code     2  _printf_fp_dec.o(.text)
    _printf_fp_dec_real                      0x08000ad9   Thumb Code   620  _printf_fp_dec.o(.text)
    _printf_char_common                      0x08000d4f   Thumb Code    32  _printf_char_common.o(.text)
    _sputc                                   0x08000d75   Thumb Code    10  _sputc.o(.text)
    _printf_cs_common                        0x08000d7f   Thumb Code    20  _printf_char.o(.text)
    _printf_char                             0x08000d93   Thumb Code    16  _printf_char.o(.text)
    _printf_string                           0x08000da3   Thumb Code     8  _printf_char.o(.text)
    _printf_char_file                        0x08000dad   Thumb Code    32  _printf_char_file.o(.text)
    __aeabi_memclr4                          0x08000dd1   Thumb Code     0  rt_memclr_w.o(.text)
    __aeabi_memclr8                          0x08000dd1   Thumb Code     0  rt_memclr_w.o(.text)
    __rt_memclr_w                            0x08000dd1   Thumb Code    78  rt_memclr_w.o(.text)
    _memset_w                                0x08000dd5   Thumb Code     0  rt_memclr_w.o(.text)
    __rt_locale                              0x08000e21   Thumb Code     8  rt_locale_intlibspace.o(.text)
    _ll_udiv10                               0x08000e29   Thumb Code   138  lludiv10.o(.text)
    _printf_fp_infnan                        0x08000eb5   Thumb Code   112  _printf_fp_infnan.o(.text)
    _btod_etento                             0x08000f35   Thumb Code   224  bigflt0.o(.text)
    ferror                                   0x08001019   Thumb Code     8  ferror.o(.text)
    __user_libspace                          0x08001021   Thumb Code     8  libspace.o(.text)
    __user_perproc_libspace                  0x08001021   Thumb Code     0  libspace.o(.text)
    __user_perthread_libspace                0x08001021   Thumb Code     0  libspace.o(.text)
    __user_setup_stackheap                   0x08001029   Thumb Code    74  sys_stackheap_outer.o(.text)
    exit                                     0x08001073   Thumb Code    18  exit.o(.text)
    _btod_d2e                                0x08001085   Thumb Code    62  btod.o(CL$$btod_d2e)
    _d2e_denorm_low                          0x080010c3   Thumb Code    70  btod.o(CL$$btod_d2e_denorm_low)
    _d2e_norm_op1                            0x08001109   Thumb Code    96  btod.o(CL$$btod_d2e_norm_op1)
    __btod_div_common                        0x08001169   Thumb Code   696  btod.o(CL$$btod_div_common)
    _e2e                                     0x080014a1   Thumb Code   220  btod.o(CL$$btod_e2e)
    _btod_ediv                               0x0800157d   Thumb Code    42  btod.o(CL$$btod_ediv)
    _btod_emul                               0x080015a7   Thumb Code    42  btod.o(CL$$btod_emul)
    __btod_mult_common                       0x080015d1   Thumb Code   580  btod.o(CL$$btod_mult_common)
    BusFault_Handler                         0x08001815   Thumb Code     2  stm32f4xx_it.o(i.BusFault_Handler)
    DRV8301_Init                             0x08001819   Thumb Code    26  drv8301.o(i.DRV8301_Init)
    DRV8301_Read                             0x08001839   Thumb Code    54  drv8301.o(i.DRV8301_Read)
    DRV8301_Senddata                         0x0800186f   Thumb Code    32  drv8301.o(i.DRV8301_Senddata)
    DebugMon_Handler                         0x0800188f   Thumb Code     2  stm32f4xx_it.o(i.DebugMon_Handler)
    FSMC_NORSRAM_Extended_Timing_Init        0x08001891   Thumb Code    60  stm32f4xx_ll_fsmc.o(i.FSMC_NORSRAM_Extended_Timing_Init)
    FSMC_NORSRAM_Init                        0x080018d1   Thumb Code    80  stm32f4xx_ll_fsmc.o(i.FSMC_NORSRAM_Init)
    FSMC_NORSRAM_Timing_Init                 0x08001925   Thumb Code    64  stm32f4xx_ll_fsmc.o(i.FSMC_NORSRAM_Timing_Init)
    HAL_DMA_Abort                            0x08001969   Thumb Code   142  stm32f4xx_hal_dma.o(i.HAL_DMA_Abort)
    HAL_DMA_Abort_IT                         0x080019f7   Thumb Code    36  stm32f4xx_hal_dma.o(i.HAL_DMA_Abort_IT)
    HAL_GPIO_Init                            0x08001a1d   Thumb Code   448  stm32f4xx_hal_gpio.o(i.HAL_GPIO_Init)
    HAL_GPIO_ReadPin                         0x08001c09   Thumb Code    10  stm32f4xx_hal_gpio.o(i.HAL_GPIO_ReadPin)
    HAL_GPIO_TogglePin                       0x08001c13   Thumb Code    16  stm32f4xx_hal_gpio.o(i.HAL_GPIO_TogglePin)
    HAL_GPIO_WritePin                        0x08001c23   Thumb Code    10  stm32f4xx_hal_gpio.o(i.HAL_GPIO_WritePin)
    HAL_GetREVID                             0x08001c2d   Thumb Code     8  stm32f4xx_hal.o(i.HAL_GetREVID)
    HAL_GetTick                              0x08001c39   Thumb Code     6  stm32f4xx_hal.o(i.HAL_GetTick)
    HAL_IncTick                              0x08001c45   Thumb Code    12  stm32f4xx_hal.o(i.HAL_IncTick)
    HAL_Init                                 0x08001c55   Thumb Code    40  stm32f4xx_hal.o(i.HAL_Init)
    HAL_InitTick                             0x08001c81   Thumb Code    54  stm32f4xx_hal.o(i.HAL_InitTick)
    HAL_MspInit                              0x08001cc1   Thumb Code     2  stm32f4xx_hal.o(i.HAL_MspInit)
    HAL_NVIC_EnableIRQ                       0x08001cc3   Thumb Code    26  stm32f4xx_hal_cortex.o(i.HAL_NVIC_EnableIRQ)
    HAL_NVIC_SetPriority                     0x08001cdd   Thumb Code    60  stm32f4xx_hal_cortex.o(i.HAL_NVIC_SetPriority)
    HAL_NVIC_SetPriorityGrouping             0x08001d1d   Thumb Code    26  stm32f4xx_hal_cortex.o(i.HAL_NVIC_SetPriorityGrouping)
    HAL_RCC_ClockConfig                      0x08001d41   Thumb Code   288  stm32f4xx_hal_rcc.o(i.HAL_RCC_ClockConfig)
    HAL_RCC_GetPCLK1Freq                     0x08001e75   Thumb Code    20  stm32f4xx_hal_rcc.o(i.HAL_RCC_GetPCLK1Freq)
    HAL_RCC_GetPCLK2Freq                     0x08001e95   Thumb Code    20  stm32f4xx_hal_rcc.o(i.HAL_RCC_GetPCLK2Freq)
    HAL_RCC_GetSysClockFreq                  0x08001eb5   Thumb Code    88  stm32f4xx_hal_rcc.o(i.HAL_RCC_GetSysClockFreq)
    HAL_RCC_OscConfig                        0x08001f19   Thumb Code   856  stm32f4xx_hal_rcc.o(i.HAL_RCC_OscConfig)
    HAL_SPI_Init                             0x08002285   Thumb Code   202  stm32f4xx_hal_spi.o(i.HAL_SPI_Init)
    HAL_SPI_MspInit                          0x08002351   Thumb Code   148  spi.o(i.HAL_SPI_MspInit)
    HAL_SPI_TransmitReceive                  0x080023f1   Thumb Code   626  stm32f4xx_hal_spi.o(i.HAL_SPI_TransmitReceive)
    HAL_SRAM_Init                            0x08002663   Thumb Code    86  stm32f4xx_hal_sram.o(i.HAL_SRAM_Init)
    HAL_SRAM_MspInit                         0x080026b9   Thumb Code   104  lcd.o(i.HAL_SRAM_MspInit)
    HAL_SYSTICK_Config                       0x0800272d   Thumb Code    40  stm32f4xx_hal_cortex.o(i.HAL_SYSTICK_Config)
    HAL_TIMEx_BreakCallback                  0x08002755   Thumb Code     2  stm32f4xx_hal_tim_ex.o(i.HAL_TIMEx_BreakCallback)
    HAL_TIMEx_CommutCallback                 0x08002757   Thumb Code     2  stm32f4xx_hal_tim_ex.o(i.HAL_TIMEx_CommutCallback)
    HAL_TIM_Base_Init                        0x08002759   Thumb Code    90  stm32f4xx_hal_tim.o(i.HAL_TIM_Base_Init)
    HAL_TIM_Base_MspInit                     0x080027b5   Thumb Code    50  btim.o(i.HAL_TIM_Base_MspInit)
    HAL_TIM_Base_Start_IT                    0x080027f1   Thumb Code   100  stm32f4xx_hal_tim.o(i.HAL_TIM_Base_Start_IT)
    HAL_TIM_IC_CaptureCallback               0x08002871   Thumb Code     2  stm32f4xx_hal_tim.o(i.HAL_TIM_IC_CaptureCallback)
    HAL_TIM_IRQHandler                       0x08002873   Thumb Code   358  stm32f4xx_hal_tim.o(i.HAL_TIM_IRQHandler)
    HAL_TIM_OC_DelayElapsedCallback          0x080029d9   Thumb Code     2  stm32f4xx_hal_tim.o(i.HAL_TIM_OC_DelayElapsedCallback)
    HAL_TIM_PWM_ConfigChannel                0x080029db   Thumb Code   198  stm32f4xx_hal_tim.o(i.HAL_TIM_PWM_ConfigChannel)
    HAL_TIM_PWM_Init                         0x08002aa1   Thumb Code    90  stm32f4xx_hal_tim.o(i.HAL_TIM_PWM_Init)
    HAL_TIM_PWM_MspInit                      0x08002afb   Thumb Code     2  stm32f4xx_hal_tim.o(i.HAL_TIM_PWM_MspInit)
    HAL_TIM_PWM_PulseFinishedCallback        0x08002afd   Thumb Code     2  stm32f4xx_hal_tim.o(i.HAL_TIM_PWM_PulseFinishedCallback)
    HAL_TIM_PeriodElapsedCallback            0x08002b01   Thumb Code   220  bldc_tim.o(i.HAL_TIM_PeriodElapsedCallback)
    HAL_TIM_TriggerCallback                  0x08002bf9   Thumb Code     2  stm32f4xx_hal_tim.o(i.HAL_TIM_TriggerCallback)
    HAL_UARTEx_RxEventCallback               0x08002bfb   Thumb Code     2  stm32f4xx_hal_uart.o(i.HAL_UARTEx_RxEventCallback)
    HAL_UART_ErrorCallback                   0x08002bfd   Thumb Code     2  stm32f4xx_hal_uart.o(i.HAL_UART_ErrorCallback)
    HAL_UART_GetState                        0x08002bff   Thumb Code    10  stm32f4xx_hal_uart.o(i.HAL_UART_GetState)
    HAL_UART_IRQHandler                      0x08002c09   Thumb Code   522  stm32f4xx_hal_uart.o(i.HAL_UART_IRQHandler)
    HAL_UART_Init                            0x08002e19   Thumb Code    98  stm32f4xx_hal_uart.o(i.HAL_UART_Init)
    HAL_UART_MspInit                         0x08002e7d   Thumb Code   128  usart.o(i.HAL_UART_MspInit)
    HAL_UART_Receive_IT                      0x08002f09   Thumb Code    42  stm32f4xx_hal_uart.o(i.HAL_UART_Receive_IT)
    HAL_UART_RxCpltCallback                  0x08002f35   Thumb Code    76  usart.o(i.HAL_UART_RxCpltCallback)
    HAL_UART_TxCpltCallback                  0x08002f8d   Thumb Code     2  stm32f4xx_hal_uart.o(i.HAL_UART_TxCpltCallback)
    HardFault_Handler                        0x08002f8f   Thumb Code     2  stm32f4xx_it.o(i.HardFault_Handler)
    MemManage_Handler                        0x08002f91   Thumb Code     2  stm32f4xx_it.o(i.MemManage_Handler)
    NMI_Handler                              0x08002f93   Thumb Code     2  stm32f4xx_it.o(i.NMI_Handler)
    PendSV_Handler                           0x08002f95   Thumb Code     2  stm32f4xx_it.o(i.PendSV_Handler)
    SVC_Handler                              0x080030a9   Thumb Code     2  stm32f4xx_it.o(i.SVC_Handler)
    SysTick_Handler                          0x080030ab   Thumb Code     4  stm32f4xx_it.o(i.SysTick_Handler)
    SystemInit                               0x080030b1   Thumb Code    12  system_stm32f4xx.o(i.SystemInit)
    TIM6_DAC_IRQHandler                      0x080030c1   Thumb Code     6  btim.o(i.TIM6_DAC_IRQHandler)
    TIM8_UP_TIM13_IRQHandler                 0x080030cd   Thumb Code     6  bldc_tim.o(i.TIM8_UP_TIM13_IRQHandler)
    TIM_Base_SetConfig                       0x080030d9   Thumb Code   156  stm32f4xx_hal_tim.o(i.TIM_Base_SetConfig)
    TIM_OC2_SetConfig                        0x08003201   Thumb Code    98  stm32f4xx_hal_tim.o(i.TIM_OC2_SetConfig)
    UART_Start_Receive_IT                    0x08003521   Thumb Code    54  stm32f4xx_hal_uart.o(i.UART_Start_Receive_IT)
    USART1_IRQHandler                        0x08003559   Thumb Code    56  usart.o(i.USART1_IRQHandler)
    UsageFault_Handler                       0x0800359d   Thumb Code     2  stm32f4xx_it.o(i.UsageFault_Handler)
    __ARM_fpclassify                         0x0800359f   Thumb Code    48  fpclassify.o(i.__ARM_fpclassify)
    _is_digit                                0x080035ef   Thumb Code    14  __printf_wp.o(i._is_digit)
    _sys_exit                                0x080035fd   Thumb Code     2  usart.o(i._sys_exit)
    at24cxx_init                             0x08003677   Thumb Code     4  24cxx.o(i.at24cxx_init)
    at24cxx_read                             0x0800367b   Thumb Code    32  24cxx.o(i.at24cxx_read)
    at24cxx_read_one_byte                    0x0800369b   Thumb Code    66  24cxx.o(i.at24cxx_read_one_byte)
    at24cxx_write                            0x080036dd   Thumb Code    32  24cxx.o(i.at24cxx_write)
    at24cxx_write_one_byte                   0x080036fd   Thumb Code    62  24cxx.o(i.at24cxx_write_one_byte)
    bldc_ctrl                                0x0800376d   Thumb Code    20  bldc.o(i.bldc_ctrl)
    bldc_init                                0x08003785   Thumb Code    22  bldc.o(i.bldc_init)
    bldc_io_init                             0x0800379d   Thumb Code   206  bldc_tim.o(i.bldc_io_init)
    bldc_motor1_pwm_commit_and_kick          0x08003a39   Thumb Code    98  bldc_tim.o(i.bldc_motor1_pwm_commit_and_kick)
    bldc_timx_oc_chy_init                    0x08003b09   Thumb Code   148  bldc_tim.o(i.bldc_timx_oc_chy_init)
    btim_timx_int_init                       0x08003ba9   Thumb Code    34  btim.o(i.btim_timx_int_init)
    ct_iic_ack                               0x08003bd5   Thumb Code    76  ctiic.o(i.ct_iic_ack)
    ct_iic_init                              0x08003c25   Thumb Code    84  ctiic.o(i.ct_iic_init)
    ct_iic_nack                              0x08003c81   Thumb Code    56  ctiic.o(i.ct_iic_nack)
    ct_iic_read_byte                         0x08003cbd   Thumb Code    92  ctiic.o(i.ct_iic_read_byte)
    ct_iic_send_byte                         0x08003d1d   Thumb Code    90  ctiic.o(i.ct_iic_send_byte)
    ct_iic_start                             0x08003d7d   Thumb Code    68  ctiic.o(i.ct_iic_start)
    ct_iic_stop                              0x08003dc5   Thumb Code    60  ctiic.o(i.ct_iic_stop)
    ct_iic_wait_ack                          0x08003e05   Thumb Code    96  ctiic.o(i.ct_iic_wait_ack)
    delay_init                               0x08003e69   Thumb Code     6  delay.o(i.delay_init)
    delay_ms                                 0x08003e75   Thumb Code    10  delay.o(i.delay_ms)
    delay_us                                 0x08003e81   Thumb Code    48  delay.o(i.delay_us)
    drv8301_ui_abort                         0x0800409d   Thumb Code     8  drv8301_ui.o(i.drv8301_ui_abort)
    drv8301_ui_draw_panel                    0x080040a5   Thumb Code   902  drv8301_ui.o(i.drv8301_ui_draw_panel)
    drv8301_ui_handle_init                   0x0800444d   Thumb Code   178  drv8301_ui.o(i.drv8301_ui_handle_init)
    drv8301_ui_is_active                     0x08004511   Thumb Code    14  drv8301_ui.o(i.drv8301_ui_is_active)
    drv8301_ui_process_key                   0x08004521   Thumb Code    90  drv8301_ui.o(i.drv8301_ui_process_key)
    drv8301_ui_touch_select                  0x0800459d   Thumb Code   260  drv8301_ui.o(i.drv8301_ui_touch_select)
    fputc                                    0x080046a5   Thumb Code    14  usart.o(i.fputc)
    ft5206_init                              0x080046b9   Thumb Code   238  ft5206.o(i.ft5206_init)
    ft5206_rd_reg                            0x080047c1   Thumb Code    86  ft5206.o(i.ft5206_rd_reg)
    ft5206_scan                              0x08004819   Thumb Code   312  ft5206.o(i.ft5206_scan)
    ft5206_wr_reg                            0x08004961   Thumb Code    72  ft5206.o(i.ft5206_wr_reg)
    gt9xxx_init                              0x080049a9   Thumb Code   280  gt9xxx.o(i.gt9xxx_init)
    gt9xxx_rd_reg                            0x08004af9   Thumb Code    96  gt9xxx.o(i.gt9xxx_rd_reg)
    gt9xxx_scan                              0x08004b59   Thumb Code   468  gt9xxx.o(i.gt9xxx_scan)
    gt9xxx_wr_reg                            0x08004d3d   Thumb Code    82  gt9xxx.o(i.gt9xxx_wr_reg)
    hall_gpio_init                           0x08004d91   Thumb Code   106  bldc.o(i.hall_gpio_init)
    hallsensor_get_state                     0x08004e09   Thumb Code    84  bldc.o(i.hallsensor_get_state)
    iic_ack                                  0x08004e69   Thumb Code    72  myiic.o(i.iic_ack)
    iic_init                                 0x08004eb5   Thumb Code    86  myiic.o(i.iic_init)
    iic_nack                                 0x08004f15   Thumb Code    56  myiic.o(i.iic_nack)
    iic_read_byte                            0x08004f51   Thumb Code    88  myiic.o(i.iic_read_byte)
    iic_send_byte                            0x08004fad   Thumb Code    84  myiic.o(i.iic_send_byte)
    iic_start                                0x08005005   Thumb Code    66  myiic.o(i.iic_start)
    iic_stop                                 0x0800504d   Thumb Code    56  myiic.o(i.iic_stop)
    iic_wait_ack                             0x08005089   Thumb Code    90  myiic.o(i.iic_wait_ack)
    key_init                                 0x08005131   Thumb Code   108  key.o(i.key_init)
    key_scan                                 0x080051a5   Thumb Code   146  key.o(i.key_scan)
    lcd_clear                                0x08005291   Thumb Code    40  lcd.o(i.lcd_clear)
    lcd_display_dir                          0x080052c1   Thumb Code   230  lcd.o(i.lcd_display_dir)
    lcd_draw_circle                          0x080053ad   Thumb Code   196  lcd.o(i.lcd_draw_circle)
    lcd_draw_line                            0x08005471   Thumb Code   156  lcd.o(i.lcd_draw_line)
    lcd_draw_point                           0x0800550d   Thumb Code    18  lcd.o(i.lcd_draw_point)
    lcd_draw_rectangle                       0x08005525   Thumb Code    68  lcd.o(i.lcd_draw_rectangle)
    lcd_ex_ili9341_reginit                   0x08005569   Thumb Code   558  lcd.o(i.lcd_ex_ili9341_reginit)
    lcd_ex_ili9806_reginit                   0x08005797   Thumb Code   834  lcd.o(i.lcd_ex_ili9806_reginit)
    lcd_ex_nt35310_reginit                   0x08005ad9   Thumb Code  3828  lcd.o(i.lcd_ex_nt35310_reginit)
    lcd_ex_nt35510_reginit                   0x080069cd   Thumb Code  3834  lcd.o(i.lcd_ex_nt35510_reginit)
    lcd_ex_ssd1963_reginit                   0x080078c7   Thumb Code   368  lcd.o(i.lcd_ex_ssd1963_reginit)
    lcd_ex_st7789_reginit                    0x08007a37   Thumb Code   426  lcd.o(i.lcd_ex_st7789_reginit)
    lcd_ex_st7796_reginit                    0x08007be1   Thumb Code   456  lcd.o(i.lcd_ex_st7796_reginit)
    lcd_fill                                 0x08007da9   Thumb Code    68  lcd.o(i.lcd_fill)
    lcd_init                                 0x08007df1   Thumb Code   858  lcd.o(i.lcd_init)
    lcd_scan_dir                             0x0800818d   Thumb Code   384  lcd.o(i.lcd_scan_dir)
    lcd_set_cursor                           0x08008311   Thumb Code   238  lcd.o(i.lcd_set_cursor)
    lcd_show_char                            0x08008405   Thumb Code   196  lcd.o(i.lcd_show_char)
    lcd_show_string                          0x080084e1   Thumb Code    86  lcd.o(i.lcd_show_string)
    lcd_ssd_backlight_set                    0x08008539   Thumb Code    72  lcd.o(i.lcd_ssd_backlight_set)
    lcd_wr_data                              0x08008589   Thumb Code    20  lcd.o(i.lcd_wr_data)
    lcd_wr_regno                             0x080085a1   Thumb Code    20  lcd.o(i.lcd_wr_regno)
    lcd_write_ram_prepare                    0x080085b9   Thumb Code    10  lcd.o(i.lcd_write_ram_prepare)
    lcd_write_reg                            0x080085cd   Thumb Code    10  lcd.o(i.lcd_write_reg)
    led_init                                 0x080085dd   Thumb Code    94  led.o(i.led_init)
    m1_uhvl                                  0x080086d5   Thumb Code    26  bldc.o(i.m1_uhvl)
    m1_uhwl                                  0x080086f5   Thumb Code    28  bldc.o(i.m1_uhwl)
    m1_vhul                                  0x08008715   Thumb Code    26  bldc.o(i.m1_vhul)
    m1_vhwl                                  0x08008735   Thumb Code    28  bldc.o(i.m1_vhwl)
    m1_whul                                  0x08008755   Thumb Code    28  bldc.o(i.m1_whul)
    m1_whvl                                  0x08008775   Thumb Code    28  bldc.o(i.m1_whvl)
    main                                     0x08008795   Thumb Code   606  main.o(i.main)
    spi2_init                                0x08008a49   Thumb Code    88  spi.o(i.spi2_init)
    spi2_set_speed                           0x08008aad   Thumb Code    48  spi.o(i.spi2_set_speed)
    spi2_transfer16                          0x08008ae1   Thumb Code    74  spi.o(i.spi2_transfer16)
    start_motor1                             0x08009bb1   Thumb Code    10  bldc.o(i.start_motor1)
    stop_motor1                              0x08009bc1   Thumb Code    84  bldc.o(i.stop_motor1)
    sys_stm32_clock_init                     0x08009c1d   Thumb Code   136  sys.o(i.sys_stm32_clock_init)
    tp_adjust                                0x08009cb1   Thumb Code   800  touch.o(i.tp_adjust)
    tp_get_adjust_data                       0x0800a1b9   Thumb Code    30  touch.o(i.tp_get_adjust_data)
    tp_init                                  0x0800a1dd   Thumb Code   378  touch.o(i.tp_init)
    tp_save_adjust_data                      0x0800a585   Thumb Code    24  touch.o(i.tp_save_adjust_data)
    uemf_edge                                0x0800a675   Thumb Code    22  bldc.o(i.uemf_edge)
    usart_init                               0x0800aa1d   Thumb Code    44  usart.o(i.usart_init)
    _get_lc_numeric                          0x0800aa55   Thumb Code    44  lc_numeric_c.o(locale$$code)
    __aeabi_dneg                             0x0800aa81   Thumb Code     0  basic.o(x$fpl$basic)
    _dneg                                    0x0800aa81   Thumb Code     6  basic.o(x$fpl$basic)
    __aeabi_fneg                             0x0800aa87   Thumb Code     0  basic.o(x$fpl$basic)
    _fneg                                    0x0800aa87   Thumb Code     6  basic.o(x$fpl$basic)
    _dabs                                    0x0800aa8d   Thumb Code     6  basic.o(x$fpl$basic)
    _fabs                                    0x0800aa93   Thumb Code     6  basic.o(x$fpl$basic)
    __fpl_dcmp_Inf                           0x0800aa99   Thumb Code    24  dcmpi.o(x$fpl$dcmpinf)
    __aeabi_ddiv                             0x0800aab1   Thumb Code     0  ddiv.o(x$fpl$ddiv)
    _ddiv                                    0x0800aab1   Thumb Code   552  ddiv.o(x$fpl$ddiv)
    __aeabi_d2uiz                            0x0800ad61   Thumb Code     0  dfixu.o(x$fpl$dfixu)
    _dfixu                                   0x0800ad61   Thumb Code    90  dfixu.o(x$fpl$dfixu)
    __aeabi_i2d                              0x0800adbb   Thumb Code     0  dflt_clz.o(x$fpl$dflt)
    _dflt                                    0x0800adbb   Thumb Code    46  dflt_clz.o(x$fpl$dflt)
    __aeabi_ui2d                             0x0800ade9   Thumb Code     0  dflt_clz.o(x$fpl$dfltu)
    _dfltu                                   0x0800ade9   Thumb Code    38  dflt_clz.o(x$fpl$dfltu)
    __aeabi_cdcmple                          0x0800ae11   Thumb Code     0  dleqf.o(x$fpl$dleqf)
    _dcmple                                  0x0800ae11   Thumb Code   120  dleqf.o(x$fpl$dleqf)
    __fpl_dcmple_InfNaN                      0x0800ae73   Thumb Code     0  dleqf.o(x$fpl$dleqf)
    __aeabi_dmul                             0x0800ae89   Thumb Code     0  dmul.o(x$fpl$dmul)
    _dmul                                    0x0800ae89   Thumb Code   332  dmul.o(x$fpl$dmul)
    __fpl_dnaninf                            0x0800afdd   Thumb Code   156  dnaninf.o(x$fpl$dnaninf)
    __fpl_dretinf                            0x0800b079   Thumb Code    12  dretinf.o(x$fpl$dretinf)
    __aeabi_cdrcmple                         0x0800b085   Thumb Code     0  drleqf.o(x$fpl$drleqf)
    _drcmple                                 0x0800b085   Thumb Code   108  drleqf.o(x$fpl$drleqf)
    __aeabi_f2d                              0x0800b0f1   Thumb Code     0  f2d.o(x$fpl$f2d)
    _f2d                                     0x0800b0f1   Thumb Code    86  f2d.o(x$fpl$f2d)
    __fpl_fnaninf                            0x0800b147   Thumb Code   140  fnaninf.o(x$fpl$fnaninf)
    _fp_init                                 0x0800b1d3   Thumb Code    10  fpinit.o(x$fpl$fpinit)
    __fplib_config_fpu_vfp                   0x0800b1db   Thumb Code     0  fpinit.o(x$fpl$fpinit)
    __fplib_config_pureend_doubles           0x0800b1db   Thumb Code     0  fpinit.o(x$fpl$fpinit)
    _printf_fp_dec                           0x0800b1dd   Thumb Code     4  printf1.o(x$fpl$printf1)
    AHBPrescTable                            0x0800b1e0   Data          16  system_stm32f4xx.o(.constdata)
    __I$use$fp                               0x0800b1e0   Number         0  usenofp.o(x$fpl$usenofp)
    APBPrescTable                            0x0800b1f0   Data           8  system_stm32f4xx.o(.constdata)
    asc2_1206                                0x0800b1f8   Data        1140  lcd.o(.constdata)
    asc2_1608                                0x0800b66c   Data        1520  lcd.o(.constdata)
    asc2_2412                                0x0800bc5c   Data        3420  lcd.o(.constdata)
    asc2_3216                                0x0800c9b8   Data        6080  lcd.o(.constdata)
    FT5206_TPX_TBL                           0x0800e278   Data          10  ft5206.o(.constdata)
    GT9XXX_TPX_TBL                           0x0800e282   Data          20  gt9xxx.o(.constdata)
    TP_REMIND_MSG_TBL                        0x0800e298   Data           4  touch.o(.constdata)
    Region$$Table$$Base                      0x0800e57c   Number         0  anon$$obj.o(Region$$Table)
    Region$$Table$$Limit                     0x0800e59c   Number         0  anon$$obj.o(Region$$Table)
    SystemCoreClock                          0x2000000c   Data           4  system_stm32f4xx.o(.data)
    g_rx_buffer                              0x20000014   Data           1  usart.o(.data)
    g_usart_rx_sta                           0x20000016   Data           2  usart.o(.data)
    __stdout                                 0x20000018   Data           4  usart.o(.data)
    uwTickFreq                               0x2000001c   Data           1  stm32f4xx_hal.o(.data)
    uwTickPrio                               0x20000020   Data           4  stm32f4xx_hal.o(.data)
    uwTick                                   0x20000024   Data           4  stm32f4xx_hal.o(.data)
    g_back_color                             0x20000028   Data           4  lcd.o(.data)
    drv8301_handl                            0x20000030   Data           4  drv8301.o(.data)
    g_gt_tnum                                0x20000061   Data           1  gt9xxx.o(.data)
    tp_dev                                   0x20000064   Data          72  touch.o(.data)
    g_bldc_motor1                            0x200000b8   Data          40  bldc.o(.data)
    pfunclist_m1                             0x200000e0   Data          24  bldc.o(.data)
    g_usart_rx_buf                           0x200000f8   Data         200  usart.o(.bss)
    g_uart1_handle                           0x200001c0   Data          68  usart.o(.bss)
    g_sram_handle                            0x20000204   Data          80  lcd.o(.bss)
    lcddev                                   0x20000254   Data          14  lcd.o(.bss)
    g_spi2_handler                           0x20000264   Data          88  spi.o(.bss)
    drv8301                                  0x200002bc   Data          14  drv8301.o(.bss)
    timx_handler                             0x2000047c   Data          72  btim.o(.bss)
    g_bldc_timx_handle                       0x200004c4   Data          72  bldc_tim.o(.bss)
    g_bldc_time_handle                       0x2000050c   Data          28  bldc_tim.o(.bss)
    __libspace_start                         0x20000528   Data          96  libspace.o(.bss)
    __temporary_stack_top$libspace           0x20000588   Data           0  libspace.o(.bss)



==============================================================================

Memory Map of the image

  Image Entry point : 0x08000189

  Load Region LR_IROM1 (Base: 0x08000000, Size: 0x0000e6b0, Max: 0x00100000, ABSOLUTE)

    Execution Region ER_IROM1 (Exec base: 0x08000000, Load base: 0x08000000, Size: 0x0000e5b8, Max: 0x00100000, ABSOLUTE)

    Exec Addr    Load Addr    Size         Type   Attr      Idx    E Section Name        Object

    0x08000000   0x08000000   0x00000188   Data   RO            3    RESET               startup_stm32f407xx.o
    0x08000188   0x08000188   0x00000008   Code   RO         6193  * !!!main             c_w.l(__main.o)
    0x08000190   0x08000190   0x00000034   Code   RO         6450    !!!scatter          c_w.l(__scatter.o)
    0x080001c4   0x080001c4   0x0000001a   Code   RO         6452    !!handler_copy      c_w.l(__scatter_copy.o)
    0x080001de   0x080001de   0x00000002   PAD
    0x080001e0   0x080001e0   0x0000001c   Code   RO         6454    !!handler_zi        c_w.l(__scatter_zi.o)
    0x080001fc   0x080001fc   0x00000000   Code   RO         6178    .ARM.Collect$$_printf_percent$$00000000  c_w.l(_printf_percent.o)
    0x080001fc   0x080001fc   0x00000006   Code   RO         6177    .ARM.Collect$$_printf_percent$$00000003  c_w.l(_printf_f.o)
    0x08000202   0x08000202   0x00000006   Code   RO         6175    .ARM.Collect$$_printf_percent$$00000009  c_w.l(_printf_d.o)
    0x08000208   0x08000208   0x00000006   Code   RO         6176    .ARM.Collect$$_printf_percent$$0000000A  c_w.l(_printf_u.o)
    0x0800020e   0x0800020e   0x00000006   Code   RO         6174    .ARM.Collect$$_printf_percent$$0000000C  c_w.l(_printf_x.o)
    0x08000214   0x08000214   0x00000006   Code   RO         6173    .ARM.Collect$$_printf_percent$$00000014  c_w.l(_printf_s.o)
    0x0800021a   0x0800021a   0x00000004   Code   RO         6240    .ARM.Collect$$_printf_percent$$00000017  c_w.l(_printf_percent_end.o)
    0x0800021e   0x0800021e   0x00000002   Code   RO         6332    .ARM.Collect$$libinit$$00000000  c_w.l(libinit.o)
    0x08000220   0x08000220   0x00000004   Code   RO         6333    .ARM.Collect$$libinit$$00000001  c_w.l(libinit2.o)
    0x08000224   0x08000224   0x00000000   Code   RO         6336    .ARM.Collect$$libinit$$00000004  c_w.l(libinit2.o)
    0x08000224   0x08000224   0x00000000   Code   RO         6339    .ARM.Collect$$libinit$$0000000A  c_w.l(libinit2.o)
    0x08000224   0x08000224   0x00000000   Code   RO         6341    .ARM.Collect$$libinit$$0000000C  c_w.l(libinit2.o)
    0x08000224   0x08000224   0x00000000   Code   RO         6343    .ARM.Collect$$libinit$$0000000E  c_w.l(libinit2.o)
    0x08000224   0x08000224   0x00000006   Code   RO         6344    .ARM.Collect$$libinit$$0000000F  c_w.l(libinit2.o)
    0x0800022a   0x0800022a   0x00000000   Code   RO         6346    .ARM.Collect$$libinit$$00000011  c_w.l(libinit2.o)
    0x0800022a   0x0800022a   0x00000000   Code   RO         6348    .ARM.Collect$$libinit$$00000013  c_w.l(libinit2.o)
    0x0800022a   0x0800022a   0x00000000   Code   RO         6350    .ARM.Collect$$libinit$$00000015  c_w.l(libinit2.o)
    0x0800022a   0x0800022a   0x0000000a   Code   RO         6351    .ARM.Collect$$libinit$$00000016  c_w.l(libinit2.o)
    0x08000234   0x08000234   0x00000000   Code   RO         6352    .ARM.Collect$$libinit$$00000017  c_w.l(libinit2.o)
    0x08000234   0x08000234   0x00000000   Code   RO         6354    .ARM.Collect$$libinit$$00000019  c_w.l(libinit2.o)
    0x08000234   0x08000234   0x00000000   Code   RO         6356    .ARM.Collect$$libinit$$0000001B  c_w.l(libinit2.o)
    0x08000234   0x08000234   0x00000000   Code   RO         6358    .ARM.Collect$$libinit$$0000001D  c_w.l(libinit2.o)
    0x08000234   0x08000234   0x00000000   Code   RO         6360    .ARM.Collect$$libinit$$0000001F  c_w.l(libinit2.o)
    0x08000234   0x08000234   0x00000000   Code   RO         6362    .ARM.Collect$$libinit$$00000021  c_w.l(libinit2.o)
    0x08000234   0x08000234   0x00000000   Code   RO         6364    .ARM.Collect$$libinit$$00000023  c_w.l(libinit2.o)
    0x08000234   0x08000234   0x00000000   Code   RO         6366    .ARM.Collect$$libinit$$00000025  c_w.l(libinit2.o)
    0x08000234   0x08000234   0x00000000   Code   RO         6370    .ARM.Collect$$libinit$$0000002C  c_w.l(libinit2.o)
    0x08000234   0x08000234   0x00000000   Code   RO         6372    .ARM.Collect$$libinit$$0000002E  c_w.l(libinit2.o)
    0x08000234   0x08000234   0x00000000   Code   RO         6374    .ARM.Collect$$libinit$$00000030  c_w.l(libinit2.o)
    0x08000234   0x08000234   0x00000000   Code   RO         6376    .ARM.Collect$$libinit$$00000032  c_w.l(libinit2.o)
    0x08000234   0x08000234   0x00000002   Code   RO         6377    .ARM.Collect$$libinit$$00000033  c_w.l(libinit2.o)
    0x08000236   0x08000236   0x00000002   Code   RO         6415    .ARM.Collect$$libshutdown$$00000000  c_w.l(libshutdown.o)
    0x08000238   0x08000238   0x00000000   Code   RO         6433    .ARM.Collect$$libshutdown$$00000002  c_w.l(libshutdown2.o)
    0x08000238   0x08000238   0x00000000   Code   RO         6435    .ARM.Collect$$libshutdown$$00000004  c_w.l(libshutdown2.o)
    0x08000238   0x08000238   0x00000000   Code   RO         6438    .ARM.Collect$$libshutdown$$00000007  c_w.l(libshutdown2.o)
    0x08000238   0x08000238   0x00000000   Code   RO         6441    .ARM.Collect$$libshutdown$$0000000A  c_w.l(libshutdown2.o)
    0x08000238   0x08000238   0x00000000   Code   RO         6443    .ARM.Collect$$libshutdown$$0000000C  c_w.l(libshutdown2.o)
    0x08000238   0x08000238   0x00000000   Code   RO         6446    .ARM.Collect$$libshutdown$$0000000F  c_w.l(libshutdown2.o)
    0x08000238   0x08000238   0x00000002   Code   RO         6447    .ARM.Collect$$libshutdown$$00000010  c_w.l(libshutdown2.o)
    0x0800023a   0x0800023a   0x00000000   Code   RO         6223    .ARM.Collect$$rtentry$$00000000  c_w.l(__rtentry.o)
    0x0800023a   0x0800023a   0x00000000   Code   RO         6253    .ARM.Collect$$rtentry$$00000002  c_w.l(__rtentry2.o)
    0x0800023a   0x0800023a   0x00000006   Code   RO         6265    .ARM.Collect$$rtentry$$00000004  c_w.l(__rtentry4.o)
    0x08000240   0x08000240   0x00000000   Code   RO         6255    .ARM.Collect$$rtentry$$00000009  c_w.l(__rtentry2.o)
    0x08000240   0x08000240   0x00000004   Code   RO         6256    .ARM.Collect$$rtentry$$0000000A  c_w.l(__rtentry2.o)
    0x08000244   0x08000244   0x00000000   Code   RO         6258    .ARM.Collect$$rtentry$$0000000C  c_w.l(__rtentry2.o)
    0x08000244   0x08000244   0x00000008   Code   RO         6259    .ARM.Collect$$rtentry$$0000000D  c_w.l(__rtentry2.o)
    0x0800024c   0x0800024c   0x00000002   Code   RO         6378    .ARM.Collect$$rtexit$$00000000  c_w.l(rtexit.o)
    0x0800024e   0x0800024e   0x00000000   Code   RO         6391    .ARM.Collect$$rtexit$$00000002  c_w.l(rtexit2.o)
    0x0800024e   0x0800024e   0x00000004   Code   RO         6392    .ARM.Collect$$rtexit$$00000003  c_w.l(rtexit2.o)
    0x08000252   0x08000252   0x00000006   Code   RO         6393    .ARM.Collect$$rtexit$$00000004  c_w.l(rtexit2.o)
    0x08000258   0x08000258   0x0000004c   Code   RO            4    .text               startup_stm32f407xx.o
    0x080002a4   0x080002a4   0x00000002   Code   RO         6112    .text               c_w.l(use_no_semi_2.o)
    0x080002a6   0x080002a6   0x000000ee   Code   RO         6114    .text               c_w.l(lludivv7m.o)
    0x08000394   0x08000394   0x00000018   Code   RO         6120    .text               c_w.l(noretval__2printf.o)
    0x080003ac   0x080003ac   0x00000028   Code   RO         6122    .text               c_w.l(noretval__2sprintf.o)
    0x080003d4   0x080003d4   0x0000004e   Code   RO         6126    .text               c_w.l(_printf_pad.o)
    0x08000422   0x08000422   0x00000052   Code   RO         6128    .text               c_w.l(_printf_str.o)
    0x08000474   0x08000474   0x00000078   Code   RO         6130    .text               c_w.l(_printf_dec.o)
    0x080004ec   0x080004ec   0x00000058   Code   RO         6135    .text               c_w.l(_printf_hex_int.o)
    0x08000544   0x08000544   0x00000188   Code   RO         6170    .text               c_w.l(__printf_flags_ss_wp.o)
    0x080006cc   0x080006cc   0x00000048   Code   RO         6179    .text               c_w.l(strcpy.o)
    0x08000714   0x08000714   0x0000003e   Code   RO         6181    .text               c_w.l(strlen.o)
    0x08000752   0x08000752   0x00000044   Code   RO         6185    .text               c_w.l(rt_memclr.o)
    0x08000796   0x08000796   0x00000056   Code   RO         6187    .text               c_w.l(strncpy.o)
    0x080007ec   0x080007ec   0x00000080   Code   RO         6189    .text               c_w.l(strcmpv7m.o)
    0x0800086c   0x0800086c   0x00000006   Code   RO         6191    .text               c_w.l(heapauxi.o)
    0x08000872   0x08000872   0x00000002   Code   RO         6221    .text               c_w.l(use_no_semi.o)
    0x08000874   0x08000874   0x000000b2   Code   RO         6228    .text               c_w.l(_printf_intcommon.o)
    0x08000926   0x08000926   0x0000041e   Code   RO         6230    .text               c_w.l(_printf_fp_dec.o)
    0x08000d44   0x08000d44   0x00000030   Code   RO         6232    .text               c_w.l(_printf_char_common.o)
    0x08000d74   0x08000d74   0x0000000a   Code   RO         6234    .text               c_w.l(_sputc.o)
    0x08000d7e   0x08000d7e   0x0000002c   Code   RO         6236    .text               c_w.l(_printf_char.o)
    0x08000daa   0x08000daa   0x00000002   PAD
    0x08000dac   0x08000dac   0x00000024   Code   RO         6238    .text               c_w.l(_printf_char_file.o)
    0x08000dd0   0x08000dd0   0x0000004e   Code   RO         6241    .text               c_w.l(rt_memclr_w.o)
    0x08000e1e   0x08000e1e   0x00000002   PAD
    0x08000e20   0x08000e20   0x00000008   Code   RO         6272    .text               c_w.l(rt_locale_intlibspace.o)
    0x08000e28   0x08000e28   0x0000008a   Code   RO         6274    .text               c_w.l(lludiv10.o)
    0x08000eb2   0x08000eb2   0x00000002   PAD
    0x08000eb4   0x08000eb4   0x00000080   Code   RO         6276    .text               c_w.l(_printf_fp_infnan.o)
    0x08000f34   0x08000f34   0x000000e4   Code   RO         6280    .text               c_w.l(bigflt0.o)
    0x08001018   0x08001018   0x00000008   Code   RO         6305    .text               c_w.l(ferror.o)
    0x08001020   0x08001020   0x00000008   Code   RO         6316    .text               c_w.l(libspace.o)
    0x08001028   0x08001028   0x0000004a   Code   RO         6319    .text               c_w.l(sys_stackheap_outer.o)
    0x08001072   0x08001072   0x00000012   Code   RO         6321    .text               c_w.l(exit.o)
    0x08001084   0x08001084   0x0000003e   Code   RO         6283    CL$$btod_d2e        c_w.l(btod.o)
    0x080010c2   0x080010c2   0x00000046   Code   RO         6285    CL$$btod_d2e_denorm_low  c_w.l(btod.o)
    0x08001108   0x08001108   0x00000060   Code   RO         6284    CL$$btod_d2e_norm_op1  c_w.l(btod.o)
    0x08001168   0x08001168   0x00000338   Code   RO         6293    CL$$btod_div_common  c_w.l(btod.o)
    0x080014a0   0x080014a0   0x000000dc   Code   RO         6290    CL$$btod_e2e        c_w.l(btod.o)
    0x0800157c   0x0800157c   0x0000002a   Code   RO         6287    CL$$btod_ediv       c_w.l(btod.o)
    0x080015a6   0x080015a6   0x0000002a   Code   RO         6286    CL$$btod_emul       c_w.l(btod.o)
    0x080015d0   0x080015d0   0x00000244   Code   RO         6292    CL$$btod_mult_common  c_w.l(btod.o)
    0x08001814   0x08001814   0x00000002   Code   RO          344    i.BusFault_Handler  stm32f4xx_it.o
    0x08001816   0x08001816   0x00000002   PAD
    0x08001818   0x08001818   0x00000020   Code   RO         5187    i.DRV8301_Init      drv8301.o
    0x08001838   0x08001838   0x00000036   Code   RO         5188    i.DRV8301_Read      drv8301.o
    0x0800186e   0x0800186e   0x00000020   Code   RO         5190    i.DRV8301_Senddata  drv8301.o
    0x0800188e   0x0800188e   0x00000002   Code   RO          345    i.DebugMon_Handler  stm32f4xx_it.o
    0x08001890   0x08001890   0x00000040   Code   RO         2257    i.FSMC_NORSRAM_Extended_Timing_Init  stm32f4xx_ll_fsmc.o
    0x080018d0   0x080018d0   0x00000054   Code   RO         2258    i.FSMC_NORSRAM_Init  stm32f4xx_ll_fsmc.o
    0x08001924   0x08001924   0x00000044   Code   RO         2259    i.FSMC_NORSRAM_Timing_Init  stm32f4xx_ll_fsmc.o
    0x08001968   0x08001968   0x0000008e   Code   RO          976    i.HAL_DMA_Abort     stm32f4xx_hal_dma.o
    0x080019f6   0x080019f6   0x00000024   Code   RO          977    i.HAL_DMA_Abort_IT  stm32f4xx_hal_dma.o
    0x08001a1a   0x08001a1a   0x00000002   PAD
    0x08001a1c   0x08001a1c   0x000001ec   Code   RO         1082    i.HAL_GPIO_Init     stm32f4xx_hal_gpio.o
    0x08001c08   0x08001c08   0x0000000a   Code   RO         1084    i.HAL_GPIO_ReadPin  stm32f4xx_hal_gpio.o
    0x08001c12   0x08001c12   0x00000010   Code   RO         1085    i.HAL_GPIO_TogglePin  stm32f4xx_hal_gpio.o
    0x08001c22   0x08001c22   0x0000000a   Code   RO         1086    i.HAL_GPIO_WritePin  stm32f4xx_hal_gpio.o
    0x08001c2c   0x08001c2c   0x0000000c   Code   RO          664    i.HAL_GetREVID      stm32f4xx_hal.o
    0x08001c38   0x08001c38   0x0000000c   Code   RO          665    i.HAL_GetTick       stm32f4xx_hal.o
    0x08001c44   0x08001c44   0x00000010   Code   RO          671    i.HAL_IncTick       stm32f4xx_hal.o
    0x08001c54   0x08001c54   0x0000002c   Code   RO          672    i.HAL_Init          stm32f4xx_hal.o
    0x08001c80   0x08001c80   0x00000040   Code   RO          673    i.HAL_InitTick      stm32f4xx_hal.o
    0x08001cc0   0x08001cc0   0x00000002   Code   RO          675    i.HAL_MspInit       stm32f4xx_hal.o
    0x08001cc2   0x08001cc2   0x0000001a   Code   RO          843    i.HAL_NVIC_EnableIRQ  stm32f4xx_hal_cortex.o
    0x08001cdc   0x08001cdc   0x00000040   Code   RO          849    i.HAL_NVIC_SetPriority  stm32f4xx_hal_cortex.o
    0x08001d1c   0x08001d1c   0x00000024   Code   RO          850    i.HAL_NVIC_SetPriorityGrouping  stm32f4xx_hal_cortex.o
    0x08001d40   0x08001d40   0x00000134   Code   RO         1146    i.HAL_RCC_ClockConfig  stm32f4xx_hal_rcc.o
    0x08001e74   0x08001e74   0x00000020   Code   RO         1153    i.HAL_RCC_GetPCLK1Freq  stm32f4xx_hal_rcc.o
    0x08001e94   0x08001e94   0x00000020   Code   RO         1154    i.HAL_RCC_GetPCLK2Freq  stm32f4xx_hal_rcc.o
    0x08001eb4   0x08001eb4   0x00000064   Code   RO         1155    i.HAL_RCC_GetSysClockFreq  stm32f4xx_hal_rcc.o
    0x08001f18   0x08001f18   0x0000036c   Code   RO         1158    i.HAL_RCC_OscConfig  stm32f4xx_hal_rcc.o
    0x08002284   0x08002284   0x000000ca   Code   RO         3771    i.HAL_SPI_Init      stm32f4xx_hal_spi.o
    0x0800234e   0x0800234e   0x00000002   PAD
    0x08002350   0x08002350   0x000000a0   Code   RO         5128    i.HAL_SPI_MspInit   spi.o
    0x080023f0   0x080023f0   0x00000272   Code   RO         3780    i.HAL_SPI_TransmitReceive  stm32f4xx_hal_spi.o
    0x08002662   0x08002662   0x00000056   Code   RO         2133    i.HAL_SRAM_Init     stm32f4xx_hal_sram.o
    0x080026b8   0x080026b8   0x00000074   Code   RO         4845    i.HAL_SRAM_MspInit  lcd.o
    0x0800272c   0x0800272c   0x00000028   Code   RO          854    i.HAL_SYSTICK_Config  stm32f4xx_hal_cortex.o
    0x08002754   0x08002754   0x00000002   Code   RO         2375    i.HAL_TIMEx_BreakCallback  stm32f4xx_hal_tim_ex.o
    0x08002756   0x08002756   0x00000002   Code   RO         2376    i.HAL_TIMEx_CommutCallback  stm32f4xx_hal_tim_ex.o
    0x08002758   0x08002758   0x0000005a   Code   RO         2644    i.HAL_TIM_Base_Init  stm32f4xx_hal_tim.o
    0x080027b2   0x080027b2   0x00000002   PAD
    0x080027b4   0x080027b4   0x0000003c   Code   RO         5906    i.HAL_TIM_Base_MspInit  btim.o
    0x080027f0   0x080027f0   0x00000080   Code   RO         2649    i.HAL_TIM_Base_Start_IT  stm32f4xx_hal_tim.o
    0x08002870   0x08002870   0x00000002   Code   RO         2678    i.HAL_TIM_IC_CaptureCallback  stm32f4xx_hal_tim.o
    0x08002872   0x08002872   0x00000166   Code   RO         2692    i.HAL_TIM_IRQHandler  stm32f4xx_hal_tim.o
    0x080029d8   0x080029d8   0x00000002   Code   RO         2695    i.HAL_TIM_OC_DelayElapsedCallback  stm32f4xx_hal_tim.o
    0x080029da   0x080029da   0x000000c6   Code   RO         2716    i.HAL_TIM_PWM_ConfigChannel  stm32f4xx_hal_tim.o
    0x08002aa0   0x08002aa0   0x0000005a   Code   RO         2719    i.HAL_TIM_PWM_Init  stm32f4xx_hal_tim.o
    0x08002afa   0x08002afa   0x00000002   Code   RO         2721    i.HAL_TIM_PWM_MspInit  stm32f4xx_hal_tim.o
    0x08002afc   0x08002afc   0x00000002   Code   RO         2722    i.HAL_TIM_PWM_PulseFinishedCallback  stm32f4xx_hal_tim.o
    0x08002afe   0x08002afe   0x00000002   PAD
    0x08002b00   0x08002b00   0x000000f8   Code   RO         5945    i.HAL_TIM_PeriodElapsedCallback  bldc_tim.o
    0x08002bf8   0x08002bf8   0x00000002   Code   RO         2735    i.HAL_TIM_TriggerCallback  stm32f4xx_hal_tim.o
    0x08002bfa   0x08002bfa   0x00000002   Code   RO         1742    i.HAL_UARTEx_RxEventCallback  stm32f4xx_hal_uart.o
    0x08002bfc   0x08002bfc   0x00000002   Code   RO         1756    i.HAL_UART_ErrorCallback  stm32f4xx_hal_uart.o
    0x08002bfe   0x08002bfe   0x0000000a   Code   RO         1758    i.HAL_UART_GetState  stm32f4xx_hal_uart.o
    0x08002c08   0x08002c08   0x00000210   Code   RO         1759    i.HAL_UART_IRQHandler  stm32f4xx_hal_uart.o
    0x08002e18   0x08002e18   0x00000062   Code   RO         1760    i.HAL_UART_Init     stm32f4xx_hal_uart.o
    0x08002e7a   0x08002e7a   0x00000002   PAD
    0x08002e7c   0x08002e7c   0x0000008c   Code   RO          574    i.HAL_UART_MspInit  usart.o
    0x08002f08   0x08002f08   0x0000002a   Code   RO         1765    i.HAL_UART_Receive_IT  stm32f4xx_hal_uart.o
    0x08002f32   0x08002f32   0x00000002   PAD
    0x08002f34   0x08002f34   0x00000058   Code   RO          575    i.HAL_UART_RxCpltCallback  usart.o
    0x08002f8c   0x08002f8c   0x00000002   Code   RO         1771    i.HAL_UART_TxCpltCallback  stm32f4xx_hal_uart.o
    0x08002f8e   0x08002f8e   0x00000002   Code   RO          346    i.HardFault_Handler  stm32f4xx_it.o
    0x08002f90   0x08002f90   0x00000002   Code   RO          347    i.MemManage_Handler  stm32f4xx_it.o
    0x08002f92   0x08002f92   0x00000002   Code   RO          348    i.NMI_Handler       stm32f4xx_it.o
    0x08002f94   0x08002f94   0x00000002   Code   RO          349    i.PendSV_Handler    stm32f4xx_it.o
    0x08002f96   0x08002f96   0x00000002   PAD
    0x08002f98   0x08002f98   0x00000058   Code   RO         3811    i.SPI_EndRxTxTransaction  stm32f4xx_hal_spi.o
    0x08002ff0   0x08002ff0   0x000000b8   Code   RO         3818    i.SPI_WaitFlagStateUntilTimeout  stm32f4xx_hal_spi.o
    0x080030a8   0x080030a8   0x00000002   Code   RO          350    i.SVC_Handler       stm32f4xx_it.o
    0x080030aa   0x080030aa   0x00000004   Code   RO          351    i.SysTick_Handler   stm32f4xx_it.o
    0x080030ae   0x080030ae   0x00000002   PAD
    0x080030b0   0x080030b0   0x00000010   Code   RO          420    i.SystemInit        system_stm32f4xx.o
    0x080030c0   0x080030c0   0x0000000c   Code   RO         5907    i.TIM6_DAC_IRQHandler  btim.o
    0x080030cc   0x080030cc   0x0000000c   Code   RO         5946    i.TIM8_UP_TIM13_IRQHandler  bldc_tim.o
    0x080030d8   0x080030d8   0x000000c8   Code   RO         2737    i.TIM_Base_SetConfig  stm32f4xx_hal_tim.o
    0x080031a0   0x080031a0   0x00000060   Code   RO         2750    i.TIM_OC1_SetConfig  stm32f4xx_hal_tim.o
    0x08003200   0x08003200   0x0000006c   Code   RO         2751    i.TIM_OC2_SetConfig  stm32f4xx_hal_tim.o
    0x0800326c   0x0800326c   0x00000068   Code   RO         2752    i.TIM_OC3_SetConfig  stm32f4xx_hal_tim.o
    0x080032d4   0x080032d4   0x00000050   Code   RO         2753    i.TIM_OC4_SetConfig  stm32f4xx_hal_tim.o
    0x08003324   0x08003324   0x00000010   Code   RO         1773    i.UART_DMAAbortOnError  stm32f4xx_hal_uart.o
    0x08003334   0x08003334   0x00000030   Code   RO         1783    i.UART_EndRxTransfer  stm32f4xx_hal_uart.o
    0x08003364   0x08003364   0x000000ae   Code   RO         1785    i.UART_Receive_IT   stm32f4xx_hal_uart.o
    0x08003412   0x08003412   0x00000002   PAD
    0x08003414   0x08003414   0x0000010c   Code   RO         1786    i.UART_SetConfig    stm32f4xx_hal_uart.o
    0x08003520   0x08003520   0x00000036   Code   RO         1788    i.UART_Start_Receive_IT  stm32f4xx_hal_uart.o
    0x08003556   0x08003556   0x00000002   PAD
    0x08003558   0x08003558   0x00000044   Code   RO          576    i.USART1_IRQHandler  usart.o
    0x0800359c   0x0800359c   0x00000002   Code   RO          352    i.UsageFault_Handler  stm32f4xx_it.o
    0x0800359e   0x0800359e   0x00000030   Code   RO         6314    i.__ARM_fpclassify  m_wm.l(fpclassify.o)
    0x080035ce   0x080035ce   0x00000020   Code   RO          856    i.__NVIC_SetPriority  stm32f4xx_hal_cortex.o
    0x080035ee   0x080035ee   0x0000000e   Code   RO         6163    i._is_digit         c_w.l(__printf_wp.o)
    0x080035fc   0x080035fc   0x00000002   Code   RO          578    i._sys_exit         usart.o
    0x080035fe   0x080035fe   0x00000078   Code   RO         5236    i.apply_edit_temp   drv8301_ui.o
    0x08003676   0x08003676   0x00000004   Code   RO         5480    i.at24cxx_init      24cxx.o
    0x0800367a   0x0800367a   0x00000020   Code   RO         5481    i.at24cxx_read      24cxx.o
    0x0800369a   0x0800369a   0x00000042   Code   RO         5482    i.at24cxx_read_one_byte  24cxx.o
    0x080036dc   0x080036dc   0x00000020   Code   RO         5483    i.at24cxx_write     24cxx.o
    0x080036fc   0x080036fc   0x0000003e   Code   RO         5484    i.at24cxx_write_one_byte  24cxx.o
    0x0800373a   0x0800373a   0x00000002   PAD
    0x0800373c   0x0800373c   0x00000030   Code   RO           13    i.bldc_apply_pwm_from_temp  main.o
    0x0800376c   0x0800376c   0x00000018   Code   RO         6000    i.bldc_ctrl         bldc.o
    0x08003784   0x08003784   0x00000016   Code   RO         6001    i.bldc_init         bldc.o
    0x0800379a   0x0800379a   0x00000002   PAD
    0x0800379c   0x0800379c   0x000000dc   Code   RO         5947    i.bldc_io_init      bldc_tim.o
    0x08003878   0x08003878   0x000001c0   Code   RO           14    i.bldc_lcd_refresh  main.o
    0x08003a38   0x08003a38   0x00000070   Code   RO         5948    i.bldc_motor1_pwm_commit_and_kick  bldc_tim.o
    0x08003aa8   0x08003aa8   0x00000060   Code   RO           15    i.bldc_speed_delta  main.o
    0x08003b08   0x08003b08   0x000000a0   Code   RO         5949    i.bldc_timx_oc_chy_init  bldc_tim.o
    0x08003ba8   0x08003ba8   0x0000002c   Code   RO         5908    i.btim_timx_int_init  btim.o
    0x08003bd4   0x08003bd4   0x00000050   Code   RO         5605    i.ct_iic_ack        ctiic.o
    0x08003c24   0x08003c24   0x0000005c   Code   RO         5606    i.ct_iic_init       ctiic.o
    0x08003c80   0x08003c80   0x0000003c   Code   RO         5607    i.ct_iic_nack       ctiic.o
    0x08003cbc   0x08003cbc   0x00000060   Code   RO         5608    i.ct_iic_read_byte  ctiic.o
    0x08003d1c   0x08003d1c   0x00000060   Code   RO         5609    i.ct_iic_send_byte  ctiic.o
    0x08003d7c   0x08003d7c   0x00000048   Code   RO         5610    i.ct_iic_start      ctiic.o
    0x08003dc4   0x08003dc4   0x00000040   Code   RO         5611    i.ct_iic_stop       ctiic.o
    0x08003e04   0x08003e04   0x00000064   Code   RO         5612    i.ct_iic_wait_ack   ctiic.o
    0x08003e68   0x08003e68   0x0000000c   Code   RO          458    i.delay_init        delay.o
    0x08003e74   0x08003e74   0x0000000a   Code   RO          459    i.delay_ms          delay.o
    0x08003e7e   0x08003e7e   0x00000002   PAD
    0x08003e80   0x08003e80   0x00000034   Code   RO          460    i.delay_us          delay.o
    0x08003eb4   0x08003eb4   0x00000084   Code   RO         5237    i.draw_gain         drv8301_ui.o
    0x08003f38   0x08003f38   0x00000070   Code   RO         5238    i.draw_igate        drv8301_ui.o
    0x08003fa8   0x08003fa8   0x00000090   Code   RO         5239    i.draw_ocpm         drv8301_ui.o
    0x08004038   0x08004038   0x00000064   Code   RO         5240    i.draw_octw         drv8301_ui.o
    0x0800409c   0x0800409c   0x00000008   Code   RO         5241    i.drv8301_ui_abort  drv8301_ui.o
    0x080040a4   0x080040a4   0x000003a8   Code   RO         5242    i.drv8301_ui_draw_panel  drv8301_ui.o
    0x0800444c   0x0800444c   0x000000c4   Code   RO         5243    i.drv8301_ui_handle_init  drv8301_ui.o
    0x08004510   0x08004510   0x0000000e   Code   RO         5244    i.drv8301_ui_is_active  drv8301_ui.o
    0x0800451e   0x0800451e   0x00000002   PAD
    0x08004520   0x08004520   0x00000060   Code   RO         5245    i.drv8301_ui_process_key  drv8301_ui.o
    0x08004580   0x08004580   0x0000001c   Code   RO         5247    i.drv8301_ui_spi_read_now  drv8301_ui.o
    0x0800459c   0x0800459c   0x00000108   Code   RO         5248    i.drv8301_ui_touch_select  drv8301_ui.o
    0x080046a4   0x080046a4   0x00000014   Code   RO          580    i.fputc             usart.o
    0x080046b8   0x080046b8   0x00000108   Code   RO         5674    i.ft5206_init       ft5206.o
    0x080047c0   0x080047c0   0x00000056   Code   RO         5675    i.ft5206_rd_reg     ft5206.o
    0x08004816   0x08004816   0x00000002   PAD
    0x08004818   0x08004818   0x00000148   Code   RO         5676    i.ft5206_scan       ft5206.o
    0x08004960   0x08004960   0x00000048   Code   RO         5677    i.ft5206_wr_reg     ft5206.o
    0x080049a8   0x080049a8   0x00000150   Code   RO         5733    i.gt9xxx_init       gt9xxx.o
    0x08004af8   0x08004af8   0x00000060   Code   RO         5734    i.gt9xxx_rd_reg     gt9xxx.o
    0x08004b58   0x08004b58   0x000001e4   Code   RO         5735    i.gt9xxx_scan       gt9xxx.o
    0x08004d3c   0x08004d3c   0x00000052   Code   RO         5736    i.gt9xxx_wr_reg     gt9xxx.o
    0x08004d8e   0x08004d8e   0x00000002   PAD
    0x08004d90   0x08004d90   0x00000078   Code   RO         6002    i.hall_gpio_init    bldc.o
    0x08004e08   0x08004e08   0x00000060   Code   RO         6003    i.hallsensor_get_state  bldc.o
    0x08004e68   0x08004e68   0x0000004c   Code   RO         5539    i.iic_ack           myiic.o
    0x08004eb4   0x08004eb4   0x00000060   Code   RO         5540    i.iic_init          myiic.o
    0x08004f14   0x08004f14   0x0000003c   Code   RO         5541    i.iic_nack          myiic.o
    0x08004f50   0x08004f50   0x0000005c   Code   RO         5542    i.iic_read_byte     myiic.o
    0x08004fac   0x08004fac   0x00000058   Code   RO         5543    i.iic_send_byte     myiic.o
    0x08005004   0x08005004   0x00000048   Code   RO         5544    i.iic_start         myiic.o
    0x0800504c   0x0800504c   0x0000003c   Code   RO         5545    i.iic_stop          myiic.o
    0x08005088   0x08005088   0x00000060   Code   RO         5546    i.iic_wait_ack      myiic.o
    0x080050e8   0x080050e8   0x00000048   Code   RO         5249    i.key_down          drv8301_ui.o
    0x08005130   0x08005130   0x00000074   Code   RO         5097    i.key_init          key.o
    0x080051a4   0x080051a4   0x0000009c   Code   RO         5098    i.key_scan          key.o
    0x08005240   0x08005240   0x0000004e   Code   RO         5250    i.key_up            drv8301_ui.o
    0x0800528e   0x0800528e   0x00000002   PAD
    0x08005290   0x08005290   0x00000030   Code   RO         4846    i.lcd_clear         lcd.o
    0x080052c0   0x080052c0   0x000000ec   Code   RO         4848    i.lcd_display_dir   lcd.o
    0x080053ac   0x080053ac   0x000000c4   Code   RO         4851    i.lcd_draw_circle   lcd.o
    0x08005470   0x08005470   0x0000009c   Code   RO         4853    i.lcd_draw_line     lcd.o
    0x0800550c   0x0800550c   0x00000018   Code   RO         4854    i.lcd_draw_point    lcd.o
    0x08005524   0x08005524   0x00000044   Code   RO         4855    i.lcd_draw_rectangle  lcd.o
    0x08005568   0x08005568   0x0000022e   Code   RO         4856    i.lcd_ex_ili9341_reginit  lcd.o
    0x08005796   0x08005796   0x00000342   Code   RO         4857    i.lcd_ex_ili9806_reginit  lcd.o
    0x08005ad8   0x08005ad8   0x00000ef4   Code   RO         4858    i.lcd_ex_nt35310_reginit  lcd.o
    0x080069cc   0x080069cc   0x00000efa   Code   RO         4859    i.lcd_ex_nt35510_reginit  lcd.o
    0x080078c6   0x080078c6   0x00000170   Code   RO         4860    i.lcd_ex_ssd1963_reginit  lcd.o
    0x08007a36   0x08007a36   0x000001aa   Code   RO         4861    i.lcd_ex_st7789_reginit  lcd.o
    0x08007be0   0x08007be0   0x000001c8   Code   RO         4862    i.lcd_ex_st7796_reginit  lcd.o
    0x08007da8   0x08007da8   0x00000048   Code   RO         4863    i.lcd_fill          lcd.o
    0x08007df0   0x08007df0   0x00000380   Code   RO         4865    i.lcd_init          lcd.o
    0x08008170   0x08008170   0x0000001c   Code   RO         4867    i.lcd_rd_data       lcd.o
    0x0800818c   0x0800818c   0x00000184   Code   RO         4869    i.lcd_scan_dir      lcd.o
    0x08008310   0x08008310   0x000000f4   Code   RO         4870    i.lcd_set_cursor    lcd.o
    0x08008404   0x08008404   0x000000dc   Code   RO         4872    i.lcd_show_char     lcd.o
    0x080084e0   0x080084e0   0x00000056   Code   RO         4874    i.lcd_show_string   lcd.o
    0x08008536   0x08008536   0x00000002   PAD
    0x08008538   0x08008538   0x00000050   Code   RO         4876    i.lcd_ssd_backlight_set  lcd.o
    0x08008588   0x08008588   0x00000018   Code   RO         4877    i.lcd_wr_data       lcd.o
    0x080085a0   0x080085a0   0x00000018   Code   RO         4878    i.lcd_wr_regno      lcd.o
    0x080085b8   0x080085b8   0x00000014   Code   RO         4879    i.lcd_write_ram_prepare  lcd.o
    0x080085cc   0x080085cc   0x00000010   Code   RO         4880    i.lcd_write_reg     lcd.o
    0x080085dc   0x080085dc   0x00000068   Code   RO         4821    i.led_init          led.o
    0x08008644   0x08008644   0x00000060   Code   RO         5251    i.load_edit_temp    drv8301_ui.o
    0x080086a4   0x080086a4   0x00000020   Code   RO         6004    i.m1_apply_outputs  bldc.o
    0x080086c4   0x080086c4   0x00000010   Code   RO         6005    i.m1_lowside_full_on_ccr  bldc.o
    0x080086d4   0x080086d4   0x00000020   Code   RO         6006    i.m1_uhvl           bldc.o
    0x080086f4   0x080086f4   0x00000020   Code   RO         6007    i.m1_uhwl           bldc.o
    0x08008714   0x08008714   0x00000020   Code   RO         6008    i.m1_vhul           bldc.o
    0x08008734   0x08008734   0x00000020   Code   RO         6009    i.m1_vhwl           bldc.o
    0x08008754   0x08008754   0x00000020   Code   RO         6010    i.m1_whul           bldc.o
    0x08008774   0x08008774   0x00000020   Code   RO         6011    i.m1_whvl           bldc.o
    0x08008794   0x08008794   0x00000284   Code   RO           16    i.main              main.o
    0x08008a18   0x08008a18   0x00000020   Code   RO         5252    i.show_str_xy       drv8301_ui.o
    0x08008a38   0x08008a38   0x00000010   Code   RO         5129    i.spi2_cs_inactive  spi.o
    0x08008a48   0x08008a48   0x00000064   Code   RO         5130    i.spi2_init         spi.o
    0x08008aac   0x08008aac   0x00000034   Code   RO         5132    i.spi2_set_speed    spi.o
    0x08008ae0   0x08008ae0   0x00000054   Code   RO         5133    i.spi2_transfer16   spi.o
    0x08008b34   0x08008b34   0x00000014   Code   RO         5253    i.spi_arrow_width_for_cell  drv8301_ui.o
    0x08008b48   0x08008b48   0x000000e2   Code   RO         5254    i.spi_cell_clear_and_band  drv8301_ui.o
    0x08008c2a   0x08008c2a   0x0000001c   Code   RO         5255    i.spi_cell_lr       drv8301_ui.o
    0x08008c46   0x08008c46   0x00000002   PAD
    0x08008c48   0x08008c48   0x0000006c   Code   RO         5256    i.spi_draw_bit_list  drv8301_ui.o
    0x08008cb4   0x08008cb4   0x00000124   Code   RO         5257    i.spi_draw_fault_log_area_full  drv8301_ui.o
    0x08008dd8   0x08008dd8   0x000000c0   Code   RO         5258    i.spi_draw_fault_log_area_slot  drv8301_ui.o
    0x08008e98   0x08008e98   0x00000240   Code   RO         5259    i.spi_draw_row0     drv8301_ui.o
    0x080090d8   0x080090d8   0x0000017c   Code   RO         5260    i.spi_draw_row1     drv8301_ui.o
    0x08009254   0x08009254   0x00000190   Code   RO         5261    i.spi_draw_row2     drv8301_ui.o
    0x080093e4   0x080093e4   0x00000144   Code   RO         5262    i.spi_draw_row3     drv8301_ui.o
    0x08009528   0x08009528   0x000001ac   Code   RO         5263    i.spi_draw_row4     drv8301_ui.o
    0x080096d4   0x080096d4   0x00000128   Code   RO         5264    i.spi_draw_touch_arrows  drv8301_ui.o
    0x080097fc   0x080097fc   0x00000074   Code   RO         5265    i.spi_err_log_push  drv8301_ui.o
    0x08009870   0x08009870   0x00000034   Code   RO         5266    i.spi_err_log_push_fault  drv8301_ui.o
    0x080098a4   0x080098a4   0x00000038   Code   RO         5267    i.spi_fault_log_slot_xy  drv8301_ui.o
    0x080098dc   0x080098dc   0x0000002c   Code   RO         5268    i.spi_row_from_set_flag  drv8301_ui.o
    0x08009908   0x08009908   0x0000005a   Code   RO         5269    i.spi_row_height    drv8301_ui.o
    0x08009962   0x08009962   0x00000028   Code   RO         5270    i.spi_row_text_y    drv8301_ui.o
    0x0800998a   0x0800998a   0x0000004a   Code   RO         5271    i.spi_row_top       drv8301_ui.o
    0x080099d4   0x080099d4   0x0000000a   Code   RO         5272    i.spi_row_weight    drv8301_ui.o
    0x080099de   0x080099de   0x0000002c   Code   RO         5273    i.spi_side_mask_from_set_flag  drv8301_ui.o
    0x08009a0a   0x08009a0a   0x000000b8   Code   RO         5274    i.spi_touch_arrow_hit  drv8301_ui.o
    0x08009ac2   0x08009ac2   0x00000002   PAD
    0x08009ac4   0x08009ac4   0x000000ec   Code   RO         5275    i.spi_update_fault_log  drv8301_ui.o
    0x08009bb0   0x08009bb0   0x00000010   Code   RO         6012    i.start_motor1      bldc.o
    0x08009bc0   0x08009bc0   0x0000005c   Code   RO         6013    i.stop_motor1       bldc.o
    0x08009c1c   0x08009c1c   0x00000094   Code   RO          507    i.sys_stm32_clock_init  sys.o
    0x08009cb0   0x08009cb0   0x0000035c   Code   RO         5779    i.tp_adjust         touch.o
    0x0800a00c   0x0800a00c   0x0000012c   Code   RO         5780    i.tp_adjust_info_show  touch.o
    0x0800a138   0x0800a138   0x0000007e   Code   RO         5782    i.tp_draw_touch_point  touch.o
    0x0800a1b6   0x0800a1b6   0x00000002   PAD
    0x0800a1b8   0x0800a1b8   0x00000024   Code   RO         5783    i.tp_get_adjust_data  touch.o
    0x0800a1dc   0x0800a1dc   0x0000019c   Code   RO         5784    i.tp_init           touch.o
    0x0800a378   0x0800a378   0x00000100   Code   RO         5785    i.tp_read_ad        touch.o
    0x0800a478   0x0800a478   0x00000064   Code   RO         5786    i.tp_read_xoy       touch.o
    0x0800a4dc   0x0800a4dc   0x00000034   Code   RO         5787    i.tp_read_xy        touch.o
    0x0800a510   0x0800a510   0x00000072   Code   RO         5788    i.tp_read_xy2       touch.o
    0x0800a582   0x0800a582   0x00000002   PAD
    0x0800a584   0x0800a584   0x0000001c   Code   RO         5789    i.tp_save_adjust_data  touch.o
    0x0800a5a0   0x0800a5a0   0x000000d4   Code   RO         5790    i.tp_scan           touch.o
    0x0800a674   0x0800a674   0x0000001c   Code   RO         6014    i.uemf_edge         bldc.o
    0x0800a690   0x0800a690   0x00000012   Code   RO           17    i.ui_ascii_str_width  main.o
    0x0800a6a2   0x0800a6a2   0x00000002   PAD
    0x0800a6a4   0x0800a6a4   0x000001d8   Code   RO           18    i.ui_draw_panel_borders  main.o
    0x0800a87c   0x0800a87c   0x0000001c   Code   RO           19    i.ui_pwm_max_compare  main.o
    0x0800a898   0x0800a898   0x000000e8   Code   RO           20    i.ui_pwm_row_refresh  main.o
    0x0800a980   0x0800a980   0x00000028   Code   RO           21    i.ui_row_clear_value  main.o
    0x0800a9a8   0x0800a9a8   0x0000003e   Code   RO           22    i.ui_show_hcenter_in  main.o
    0x0800a9e6   0x0800a9e6   0x0000001c   Code   RO         5276    i.ui_spi_label_color  drv8301_ui.o
    0x0800aa02   0x0800aa02   0x0000001a   Code   RO         5277    i.ui_spi_value_color  drv8301_ui.o
    0x0800aa1c   0x0800aa1c   0x00000038   Code   RO          581    i.usart_init        usart.o
    0x0800aa54   0x0800aa54   0x0000002c   Code   RO         6310    locale$$code        c_w.l(lc_numeric_c.o)
    0x0800aa80   0x0800aa80   0x00000018   Code   RO         6195    x$fpl$basic         fz_wm.l(basic.o)
    0x0800aa98   0x0800aa98   0x00000018   Code   RO         6243    x$fpl$dcmpinf       fz_wm.l(dcmpi.o)
    0x0800aab0   0x0800aab0   0x000002b0   Code   RO         6198    x$fpl$ddiv          fz_wm.l(ddiv.o)
    0x0800ad60   0x0800ad60   0x0000005a   Code   RO         6201    x$fpl$dfixu         fz_wm.l(dfixu.o)
    0x0800adba   0x0800adba   0x0000002e   Code   RO         6206    x$fpl$dflt          fz_wm.l(dflt_clz.o)
    0x0800ade8   0x0800ade8   0x00000026   Code   RO         6205    x$fpl$dfltu         fz_wm.l(dflt_clz.o)
    0x0800ae0e   0x0800ae0e   0x00000002   PAD
    0x0800ae10   0x0800ae10   0x00000078   Code   RO         6211    x$fpl$dleqf         fz_wm.l(dleqf.o)
    0x0800ae88   0x0800ae88   0x00000154   Code   RO         6213    x$fpl$dmul          fz_wm.l(dmul.o)
    0x0800afdc   0x0800afdc   0x0000009c   Code   RO         6245    x$fpl$dnaninf       fz_wm.l(dnaninf.o)
    0x0800b078   0x0800b078   0x0000000c   Code   RO         6247    x$fpl$dretinf       fz_wm.l(dretinf.o)
    0x0800b084   0x0800b084   0x0000006c   Code   RO         6215    x$fpl$drleqf        fz_wm.l(drleqf.o)
    0x0800b0f0   0x0800b0f0   0x00000056   Code   RO         6217    x$fpl$f2d           fz_wm.l(f2d.o)
    0x0800b146   0x0800b146   0x0000008c   Code   RO         6249    x$fpl$fnaninf       fz_wm.l(fnaninf.o)
    0x0800b1d2   0x0800b1d2   0x0000000a   Code   RO         6388    x$fpl$fpinit        fz_wm.l(fpinit.o)
    0x0800b1dc   0x0800b1dc   0x00000004   Code   RO         6219    x$fpl$printf1       fz_wm.l(printf1.o)
    0x0800b1e0   0x0800b1e0   0x00000000   Code   RO         6251    x$fpl$usenofp       fz_wm.l(usenofp.o)
    0x0800b1e0   0x0800b1e0   0x00000010   Data   RO          421    .constdata          system_stm32f4xx.o
    0x0800b1f0   0x0800b1f0   0x00000008   Data   RO          422    .constdata          system_stm32f4xx.o
    0x0800b1f8   0x0800b1f8   0x00002f80   Data   RO         4882    .constdata          lcd.o
    0x0800e178   0x0800e178   0x00000100   Data   RO         5279    .constdata          drv8301_ui.o
    0x0800e278   0x0800e278   0x0000000a   Data   RO         5678    .constdata          ft5206.o
    0x0800e282   0x0800e282   0x00000014   Data   RO         5737    .constdata          gt9xxx.o
    0x0800e296   0x0800e296   0x00000002   PAD
    0x0800e298   0x0800e298   0x00000004   Data   RO         5791    .constdata          touch.o
    0x0800e29c   0x0800e29c   0x00000028   Data   RO         6136    .constdata          c_w.l(_printf_hex_int.o)
    0x0800e2c4   0x0800e2c4   0x00000011   Data   RO         6171    .constdata          c_w.l(__printf_flags_ss_wp.o)
    0x0800e2d5   0x0800e2d5   0x00000003   PAD
    0x0800e2d8   0x0800e2d8   0x00000094   Data   RO         6281    .constdata          c_w.l(bigflt0.o)
    0x0800e36c   0x0800e36c   0x00000194   Data   RO         5280    .conststring        drv8301_ui.o
    0x0800e500   0x0800e500   0x00000079   Data   RO         5792    .conststring        touch.o
    0x0800e579   0x0800e579   0x00000003   PAD
    0x0800e57c   0x0800e57c   0x00000020   Data   RO         6448    Region$$Table       anon$$obj.o
    0x0800e59c   0x0800e59c   0x0000001c   Data   RO         6309    locale$$data        c_w.l(lc_numeric_c.o)


    Execution Region RW_IRAM1 (Exec base: 0x20000000, Load base: 0x0800e5b8, Size: 0x00001588, Max: 0x00020000, ABSOLUTE)

    Exec Addr    Load Addr    Size         Type   Attr      Idx    E Section Name        Object

    0x20000000   0x0800e5b8   0x0000000c   Data   RW           23    .data               main.o
    0x2000000c   0x0800e5c4   0x00000004   Data   RW          423    .data               system_stm32f4xx.o
    0x20000010   0x0800e5c8   0x00000004   Data   RW          461    .data               delay.o
    0x20000014   0x0800e5cc   0x00000004   Data   RW          583    .data               usart.o
    0x20000018   0x0800e5d0   0x00000004   Data   RW          584    .data               usart.o
    0x2000001c   0x0800e5d4   0x0000000c   Data   RW          679    .data               stm32f4xx_hal.o
    0x20000028   0x0800e5e0   0x00000004   Data   RW         4884    .data               lcd.o
    0x2000002c   0x0800e5e4   0x00000001   Data   RW         5099    .data               key.o
    0x2000002d   0x0800e5e5   0x00000003   PAD
    0x20000030   0x0800e5e8   0x00000004   Data   RW         5192    .data               drv8301.o
    0x20000034   0x0800e5ec   0x0000002c   Data   RW         5281    .data               drv8301_ui.o
    0x20000060   0x0800e618   0x00000001   Data   RW         5679    .data               ft5206.o
    0x20000061   0x0800e619   0x00000002   Data   RW         5738    .data               gt9xxx.o
    0x20000063   0x0800e61b   0x00000001   PAD
    0x20000064   0x0800e61c   0x00000048   Data   RW         5793    .data               touch.o
    0x200000ac   0x0800e664   0x00000001   Data   RW         5951    .data               bldc_tim.o
    0x200000ad   0x0800e665   0x00000003   PAD
    0x200000b0   0x0800e668   0x00000030   Data   RW         6015    .data               bldc.o
    0x200000e0   0x0800e698   0x00000018   Data   RW         6016    .data               bldc.o
    0x200000f8        -       0x0000010c   Zero   RW          582    .bss                usart.o
    0x20000204        -       0x0000005e   Zero   RW         4881    .bss                lcd.o
    0x20000262   0x0800e6b0   0x00000002   PAD
    0x20000264        -       0x00000058   Zero   RW         5134    .bss                spi.o
    0x200002bc        -       0x0000000e   Zero   RW         5191    .bss                drv8301.o
    0x200002ca        -       0x000001b0   Zero   RW         5278    .bss                drv8301_ui.o
    0x2000047a   0x0800e6b0   0x00000002   PAD
    0x2000047c        -       0x00000048   Zero   RW         5909    .bss                btim.o
    0x200004c4        -       0x00000064   Zero   RW         5950    .bss                bldc_tim.o
    0x20000528        -       0x00000060   Zero   RW         6317    .bss                c_w.l(libspace.o)
    0x20000588        -       0x00000000   Zero   RW            2    HEAP                startup_stm32f407xx.o
    0x20000588        -       0x00001000   Zero   RW            1    STACK               startup_stm32f407xx.o


==============================================================================

Image component sizes


      Code (inc. data)   RO Data    RW Data    ZI Data      Debug   Object Name

       196          0          0          0          0       3811   24cxx.o
       638         86          0         72          0      11594   bldc.o
       752         74          0          1        100       4596   bldc_tim.o
       116         26          0          0         72       2557   btim.o
       660         38          0          0          0       6338   ctiic.o
        74         10          0          4          0       2571   delay.o
       118          6          0          4         14       3452   drv8301.o
      6698        496        660         44        432      42284   drv8301_ui.o
       750         42         10          1          0       4489   ft5206.o
       998         72         20          2          0       4687   gt9xxx.o
       272         18          0          1          0       1886   key.o
     13246        162      12160          4         94      30296   lcd.o
       104         10          0          0          0       1055   led.o
      2088        258          0         12          0     721411   main.o
       640         42          0          0          0       6154   myiic.o
       412         44          0          0         88       4066   spi.o
        76         28        392          0       4096       1020   startup_stm32f407xx.o
       150         28          0         12          0      10406   stm32f4xx_hal.o
       198         14          0          0          0      34371   stm32f4xx_hal_cortex.o
       178          0          0          0          0       2303   stm32f4xx_hal_dma.o
       528         44          0          0          0       3832   stm32f4xx_hal_gpio.o
      1348         76          0          0          0       5644   stm32f4xx_hal_rcc.o
      1100         12          0          0          0       5453   stm32f4xx_hal_spi.o
        86          0          0          0          0       1356   stm32f4xx_hal_sram.o
      1462        108          0          0          0      13074   stm32f4xx_hal_tim.o
         4          0          0          0          0       1801   stm32f4xx_hal_tim_ex.o
      1244         16          0          0          0      10352   stm32f4xx_hal_uart.o
        20          0          0          0          0       4702   stm32f4xx_it.o
       216         12          0          0          0       2975   stm32f4xx_ll_fsmc.o
       148         12          0          0          0       1399   sys.o
        16          4         24          4          0       1539   system_stm32f4xx.o
      2496        188        125         72          0      12370   touch.o
       374         54          0          8        268       6177   usart.o

    ----------------------------------------------------------------------
     37454       1980      13428        248       5168     970021   Object Totals
         0          0         32          0          0          0   (incl. Generated)
        48          0          5          7          4          0   (incl. Padding)

    ----------------------------------------------------------------------

      Code (inc. data)   RO Data    RW Data    ZI Data      Debug   Library Member Name

         8          0          0          0          0         68   __main.o
       392          4         17          0          0         92   __printf_flags_ss_wp.o
        14          0          0          0          0         68   __printf_wp.o
         0          0          0          0          0          0   __rtentry.o
        12          0          0          0          0          0   __rtentry2.o
         6          0          0          0          0          0   __rtentry4.o
        52          8          0          0          0          0   __scatter.o
        26          0          0          0          0          0   __scatter_copy.o
        28          0          0          0          0          0   __scatter_zi.o
        44          0          0          0          0        108   _printf_char.o
        48          6          0          0          0         96   _printf_char_common.o
        36          4          0          0          0         80   _printf_char_file.o
         6          0          0          0          0          0   _printf_d.o
       120         16          0          0          0         92   _printf_dec.o
         6          0          0          0          0          0   _printf_f.o
      1054          0          0          0          0        216   _printf_fp_dec.o
       128         16          0          0          0         84   _printf_fp_infnan.o
        88          4         40          0          0         88   _printf_hex_int.o
       178          0          0          0          0         88   _printf_intcommon.o
        78          0          0          0          0        108   _printf_pad.o
         0          0          0          0          0          0   _printf_percent.o
         4          0          0          0          0          0   _printf_percent_end.o
         6          0          0          0          0          0   _printf_s.o
        82          0          0          0          0         80   _printf_str.o
         6          0          0          0          0          0   _printf_u.o
         6          0          0          0          0          0   _printf_x.o
        10          0          0          0          0         68   _sputc.o
       228          4        148          0          0         96   bigflt0.o
      1936        128          0          0          0        672   btod.o
        18          0          0          0          0         80   exit.o
         8          0          0          0          0         68   ferror.o
         6          0          0          0          0        152   heapauxi.o
        44         10         28          0          0         76   lc_numeric_c.o
         2          0          0          0          0          0   libinit.o
        22          0          0          0          0          0   libinit2.o
         2          0          0          0          0          0   libshutdown.o
         2          0          0          0          0          0   libshutdown2.o
         8          4          0          0         96         68   libspace.o
       138          0          0          0          0         80   lludiv10.o
       238          0          0          0          0        100   lludivv7m.o
        24          4          0          0          0         84   noretval__2printf.o
        40          6          0          0          0         84   noretval__2sprintf.o
         8          4          0          0          0         68   rt_locale_intlibspace.o
        68          0          0          0          0         68   rt_memclr.o
        78          0          0          0          0         80   rt_memclr_w.o
         2          0          0          0          0          0   rtexit.o
        10          0          0          0          0          0   rtexit2.o
       128          0          0          0          0         68   strcmpv7m.o
        72          0          0          0          0         80   strcpy.o
        62          0          0          0          0         76   strlen.o
        86          0          0          0          0         76   strncpy.o
        74          0          0          0          0         80   sys_stackheap_outer.o
         2          0          0          0          0         68   use_no_semi.o
         2          0          0          0          0         68   use_no_semi_2.o
        24          0          0          0          0        164   basic.o
        24          0          0          0          0        116   dcmpi.o
       688        140          0          0          0        256   ddiv.o
        90          4          0          0          0        140   dfixu.o
        84          0          0          0          0        232   dflt_clz.o
       120          4          0          0          0        140   dleqf.o
       340         12          0          0          0        152   dmul.o
       156          4          0          0          0        140   dnaninf.o
        12          0          0          0          0        116   dretinf.o
       108          0          0          0          0        128   drleqf.o
        86          4          0          0          0        132   f2d.o
       140          4          0          0          0        132   fnaninf.o
        10          0          0          0          0        116   fpinit.o
         4          0          0          0          0        116   printf1.o
         0          0          0          0          0          0   usenofp.o
        48          0          0          0          0        124   fpclassify.o

    ----------------------------------------------------------------------
      7690        390        236          0         96       5832   Library Totals
        10          0          3          0          0          0   (incl. Padding)

    ----------------------------------------------------------------------

      Code (inc. data)   RO Data    RW Data    ZI Data      Debug   Library Name

      5746        218        233          0         96       3628   c_w.l
      1886        172          0          0          0       2080   fz_wm.l
        48          0          0          0          0        124   m_wm.l

    ----------------------------------------------------------------------
      7690        390        236          0         96       5832   Library Totals

    ----------------------------------------------------------------------

==============================================================================


      Code (inc. data)   RO Data    RW Data    ZI Data      Debug   

     45144       2370      13664        248       5264     950225   Grand Totals
     45144       2370      13664        248       5264     950225   ELF Image Totals
     45144       2370      13664        248          0          0   ROM Totals

==============================================================================

    Total RO  Size (Code + RO Data)                58808 (  57.43kB)
    Total RW  Size (RW Data + ZI Data)              5512 (   5.38kB)
    Total ROM Size (Code + RO Data + RW Data)      59056 (  57.67kB)

==============================================================================

