<html>
<body>
<pre>
<h1>礦ision Build Log</h1>
<h2>Tool Versions:</h2>
IDE-Version: μVision V5.27.1.0
Copyright (C) 2019 ARM Ltd and ARM Germany GmbH. All rights reserved.
License Information: L 2165183381@qq.com, L, LIC=VGXG8-3IBU3-LQU0Q-N00NV-0AQNJ-4ED6T
 
Tool Versions:
Toolchain:       MDK-ARM Plus  Version: 5.27.1.0
Toolchain Path:  C:\KEIL5\KEIL5\ARM\ARM\ARMCC\Bin
C Compiler:      Armcc.exe V5.06 update 6 (build 750)
Assembler:       Armasm.exe V5.06 update 6 (build 750)
Linker/Locator:  ArmLink.exe V5.06 update 6 (build 750)
Library Manager: ArmAr.exe V5.06 update 6 (build 750)
Hex Converter:   FromElf.exe V5.06 update 6 (build 750)
CPU DLL:         SARMCM3.DLL V5.27.1.0
Dialog DLL:      DCM.DLL V1.17.2.0
Target DLL:      CMSIS_AGDI.dll V1.31.17.0
Dialog DLL:      TCM.DLL V1.36.1.0
 
<h2>Project:</h2>
C:\KEIL5\2，电机专题代码\2，电机专题代码\实验11 电机综合测试实验\Projects\MDK-ARM\atk_f407.uvprojx
Project File Date:  04/22/2026

<h2>Output:</h2>
*** Using Compiler 'V5.06 update 6 (build 750)', folder: 'C:\KEIL5\KEIL5\ARM\ARM\ARMCC\Bin'
Rebuild target 'MOTOR'
assembling startup_stm32f407xx.s...
compiling stm32f4xx_it.c...
compiling system_stm32f4xx.c...
compiling delay.c...
compiling sys.c...
..\..\Drivers\SYSTEM\sys\sys.c(196): warning:  #1-D: last line of file ends without a newline
   
..\..\Drivers\SYSTEM\sys\sys.c: 1 warning, 0 errors
compiling usart.c...
compiling main.c...
compiling stm32f4xx_hal.c...
compiling stm32f4xx_hal_cortex.c...
compiling stm32f4xx_hal_rcc_ex.c...
compiling stm32f4xx_hal_gpio.c...
compiling stm32f4xx_hal_pwr.c...
compiling stm32f4xx_hal_rcc.c...
compiling stm32f4xx_hal_dma.c...
compiling stm32f4xx_hal_usart.c...
compiling stm32f4xx_hal_pwr_ex.c...
compiling stm32f4xx_hal_sram.c...
compiling stm32f4xx_ll_fsmc.c...
compiling stm32f4xx_hal_dma_ex.c...
compiling stm32f4xx_hal_uart.c...
compiling stm32f4xx_hal_tim_ex.c...
compiling stm32f4xx_hal_can.c...
compiling stm32f4xx_hal_flash.c...
compiling stm32f4xx_hal_flash_ex.c...
compiling stm32f4xx_hal_pcd_ex.c...
compiling stm32f4xx_hal_pcd.c...
compiling stm32f4xx_ll_usb.c...
compiling led.c...
compiling stm32f4xx_hal_spi.c...
compiling stm32f4xx_hal_tim.c...
compiling stm32f4xx_hal_eth.c...
compiling key.c...
compiling drv8301.c...
..\..\Drivers\./BSP/SPI/spi.h(117): warning:  #1-D: last line of file ends without a newline
   
..\..\Drivers\BSP\DRV8301\drv8301.c: 1 warning, 0 errors
compiling spi.c...
..\..\Drivers\./BSP/SPI/spi.h(117): warning:  #1-D: last line of file ends without a newline
   
..\..\Drivers\BSP\SPI\spi.c: 1 warning, 0 errors
compiling 24cxx.c...
compiling myiic.c...
compiling ctiic.c...
compiling lcd.c...
compiling ft5206.c...
compiling drv8301_ui.c...
..\..\Drivers\BSP\DRV8301\drv8301_ui.c(92): warning:  #177-D: variable "s"  was declared but never referenced
      uint8_t i, s;
..\..\Drivers\BSP\DRV8301\drv8301_ui.c: 1 warning, 0 errors
compiling gt9xxx.c...
compiling beep.c...
compiling touch.c...
compiling btim.c...
compiling bldc_tim.c...
compiling bldc.c...
linking...
Program Size: Code=45144 RO-data=13664 RW-data=248 ZI-data=5264  
FromELF: creating hex file...
"..\..\Output\atk_f407.axf" - 0 Error(s), 4 Warning(s).

<h2>Software Packages used:</h2>

Package Vendor: Keil
                http://www.keil.com/pack/Keil.STM32F4xx_DFP.2.8.0.pack
                Keil.STM32F4xx_DFP.2.8.0
                STMicroelectronics STM32F4 Series Device Support, Drivers and Examples

<h2>Collection of Component include folders:</h2>
  .\RTE\_MOTOR
  C:\Users\21651\AppData\Local\Arm\Packs\Keil\STM32F4xx_DFP\2.8.0\Drivers\CMSIS\Device\ST\STM32F4xx\Include

<h2>Collection of Component Files used:</h2>
Build Time Elapsed:  00:00:07
</pre>
</body>
</html>
